Archive member included to satisfy reference by file (symbol)

/home/opt/Ac6/SystemWorkbench/plugins/fr.ac6.mcu.externaltools.arm-none.linux64_1.15.0.201708311556/tools/compiler/bin/../lib/gcc/arm-none-eabi/6.3.1/../../../../arm-none-eabi/lib/thumb/v7-m/libc_nano.a(lib_a-exit.o)
                              /home/opt/Ac6/SystemWorkbench/plugins/fr.ac6.mcu.externaltools.arm-none.linux64_1.15.0.201708311556/tools/compiler/bin/../lib/gcc/arm-none-eabi/6.3.1/../../../../arm-none-eabi/lib/thumb/v7-m/crt0.o (exit)
/home/opt/Ac6/SystemWorkbench/plugins/fr.ac6.mcu.externaltools.arm-none.linux64_1.15.0.201708311556/tools/compiler/bin/../lib/gcc/arm-none-eabi/6.3.1/../../../../arm-none-eabi/lib/thumb/v7-m/libc_nano.a(lib_a-impure.o)
                              /home/opt/Ac6/SystemWorkbench/plugins/fr.ac6.mcu.externaltools.arm-none.linux64_1.15.0.201708311556/tools/compiler/bin/../lib/gcc/arm-none-eabi/6.3.1/../../../../arm-none-eabi/lib/thumb/v7-m/libc_nano.a(lib_a-exit.o) (_global_impure_ptr)
/home/opt/Ac6/SystemWorkbench/plugins/fr.ac6.mcu.externaltools.arm-none.linux64_1.15.0.201708311556/tools/compiler/bin/../lib/gcc/arm-none-eabi/6.3.1/../../../../arm-none-eabi/lib/thumb/v7-m/libc_nano.a(lib_a-init.o)
                              /home/opt/Ac6/SystemWorkbench/plugins/fr.ac6.mcu.externaltools.arm-none.linux64_1.15.0.201708311556/tools/compiler/bin/../lib/gcc/arm-none-eabi/6.3.1/../../../../arm-none-eabi/lib/thumb/v7-m/crt0.o (__libc_init_array)
/home/opt/Ac6/SystemWorkbench/plugins/fr.ac6.mcu.externaltools.arm-none.linux64_1.15.0.201708311556/tools/compiler/bin/../lib/gcc/arm-none-eabi/6.3.1/../../../../arm-none-eabi/lib/thumb/v7-m/libc_nano.a(lib_a-malloc.o)
                              Src/main.o (malloc)
/home/opt/Ac6/SystemWorkbench/plugins/fr.ac6.mcu.externaltools.arm-none.linux64_1.15.0.201708311556/tools/compiler/bin/../lib/gcc/arm-none-eabi/6.3.1/../../../../arm-none-eabi/lib/thumb/v7-m/libc_nano.a(lib_a-memcpy-stub.o)
                              Middlewares/Third_Party/FatFs/src/ff.o (memcpy)
/home/opt/Ac6/SystemWorkbench/plugins/fr.ac6.mcu.externaltools.arm-none.linux64_1.15.0.201708311556/tools/compiler/bin/../lib/gcc/arm-none-eabi/6.3.1/../../../../arm-none-eabi/lib/thumb/v7-m/libc_nano.a(lib_a-memset.o)
                              /home/opt/Ac6/SystemWorkbench/plugins/fr.ac6.mcu.externaltools.arm-none.linux64_1.15.0.201708311556/tools/compiler/bin/../lib/gcc/arm-none-eabi/6.3.1/../../../../arm-none-eabi/lib/thumb/v7-m/crt0.o (memset)
/home/opt/Ac6/SystemWorkbench/plugins/fr.ac6.mcu.externaltools.arm-none.linux64_1.15.0.201708311556/tools/compiler/bin/../lib/gcc/arm-none-eabi/6.3.1/../../../../arm-none-eabi/lib/thumb/v7-m/libc_nano.a(lib_a-nano-freer.o)
                              /home/opt/Ac6/SystemWorkbench/plugins/fr.ac6.mcu.externaltools.arm-none.linux64_1.15.0.201708311556/tools/compiler/bin/../lib/gcc/arm-none-eabi/6.3.1/../../../../arm-none-eabi/lib/thumb/v7-m/libc_nano.a(lib_a-malloc.o) (_free_r)
/home/opt/Ac6/SystemWorkbench/plugins/fr.ac6.mcu.externaltools.arm-none.linux64_1.15.0.201708311556/tools/compiler/bin/../lib/gcc/arm-none-eabi/6.3.1/../../../../arm-none-eabi/lib/thumb/v7-m/libc_nano.a(lib_a-nano-mallocr.o)
                              /home/opt/Ac6/SystemWorkbench/plugins/fr.ac6.mcu.externaltools.arm-none.linux64_1.15.0.201708311556/tools/compiler/bin/../lib/gcc/arm-none-eabi/6.3.1/../../../../arm-none-eabi/lib/thumb/v7-m/libc_nano.a(lib_a-malloc.o) (_malloc_r)
/home/opt/Ac6/SystemWorkbench/plugins/fr.ac6.mcu.externaltools.arm-none.linux64_1.15.0.201708311556/tools/compiler/bin/../lib/gcc/arm-none-eabi/6.3.1/../../../../arm-none-eabi/lib/thumb/v7-m/libc_nano.a(lib_a-realloc.o)
                              Src/buffer.o (realloc)
/home/opt/Ac6/SystemWorkbench/plugins/fr.ac6.mcu.externaltools.arm-none.linux64_1.15.0.201708311556/tools/compiler/bin/../lib/gcc/arm-none-eabi/6.3.1/../../../../arm-none-eabi/lib/thumb/v7-m/libc_nano.a(lib_a-sbrkr.o)
                              /home/opt/Ac6/SystemWorkbench/plugins/fr.ac6.mcu.externaltools.arm-none.linux64_1.15.0.201708311556/tools/compiler/bin/../lib/gcc/arm-none-eabi/6.3.1/../../../../arm-none-eabi/lib/thumb/v7-m/libc_nano.a(lib_a-nano-mallocr.o) (_sbrk_r)
/home/opt/Ac6/SystemWorkbench/plugins/fr.ac6.mcu.externaltools.arm-none.linux64_1.15.0.201708311556/tools/compiler/bin/../lib/gcc/arm-none-eabi/6.3.1/../../../../arm-none-eabi/lib/thumb/v7-m/libc_nano.a(lib_a-sprintf.o)
                              Src/main.o (sprintf)
/home/opt/Ac6/SystemWorkbench/plugins/fr.ac6.mcu.externaltools.arm-none.linux64_1.15.0.201708311556/tools/compiler/bin/../lib/gcc/arm-none-eabi/6.3.1/../../../../arm-none-eabi/lib/thumb/v7-m/libc_nano.a(lib_a-strcpy.o)
                              Src/main.o (strcpy)
/home/opt/Ac6/SystemWorkbench/plugins/fr.ac6.mcu.externaltools.arm-none.linux64_1.15.0.201708311556/tools/compiler/bin/../lib/gcc/arm-none-eabi/6.3.1/../../../../arm-none-eabi/lib/thumb/v7-m/libc_nano.a(lib_a-mlock.o)
[...]
Memory Configuration

Name             Origin             Length             Attributes
RAM              0x0000000020000000 0x000000000000c000 xrw
FLASH            0x0000000008000000 0x0000000000040000 xr
*default*        0x0000000000000000 0xffffffffffffffff

Linker script and memory map

LOAD /home/opt/Ac6/SystemWorkbench/plugins/fr.ac6.mcu.externaltools.arm-none.linux64_1.15.0.201708311556/tools/compiler/bin/../lib/gcc/arm-none-eabi/6.3.1/thumb/v7-m/crti.o
LOAD /home/opt/Ac6/SystemWorkbench/plugins/fr.ac6.mcu.externaltools.arm-none.linux64_1.15.0.201708311556/tools/compiler/bin/../lib/gcc/arm-none-eabi/6.3.1/thumb/v7-m/crtbegin.o
LOAD /home/opt/Ac6/SystemWorkbench/plugins/fr.ac6.mcu.externaltools.arm-none.linux64_1.15.0.201708311556/tools/compiler/bin/../lib/gcc/arm-none-eabi/6.3.1/../../../../arm-none-eabi/lib/thumb/v7-m/crt0.o
LOAD Drivers/STM32F1xx_HAL_Driver/Src/stm32f1xx_hal.o
LOAD Drivers/STM32F1xx_HAL_Driver/Src/stm32f1xx_hal_cortex.o
LOAD Drivers/STM32F1xx_HAL_Driver/Src/stm32f1xx_hal_dma.o
LOAD Drivers/STM32F1xx_HAL_Driver/Src/stm32f1xx_hal_flash.o
LOAD Drivers/STM32F1xx_HAL_Driver/Src/stm32f1xx_hal_flash_ex.o
LOAD Drivers/STM32F1xx_HAL_Driver/Src/stm32f1xx_hal_gpio.o
LOAD Drivers/STM32F1xx_HAL_Driver/Src/stm32f1xx_hal_gpio_ex.o
LOAD Drivers/STM32F1xx_HAL_Driver/Src/stm32f1xx_hal_i2c.o
LOAD Drivers/STM32F1xx_HAL_Driver/Src/stm32f1xx_hal_pcd.o
LOAD Drivers/STM32F1xx_HAL_Driver/Src/stm32f1xx_hal_pcd_ex.o
LOAD Drivers/STM32F1xx_HAL_Driver/Src/stm32f1xx_hal_pwr.o
LOAD Drivers/STM32F1xx_HAL_Driver/Src/stm32f1xx_hal_rcc.o
LOAD Drivers/STM32F1xx_HAL_Driver/Src/stm32f1xx_hal_rcc_ex.o
LOAD Drivers/STM32F1xx_HAL_Driver/Src/stm32f1xx_hal_rtc.o
LOAD Drivers/STM32F1xx_HAL_Driver/Src/stm32f1xx_hal_rtc_ex.o
LOAD Drivers/STM32F1xx_HAL_Driver/Src/stm32f1xx_hal_sd.o
LOAD Drivers/STM32F1xx_HAL_Driver/Src/stm32f1xx_hal_spi.o
LOAD Drivers/STM32F1xx_HAL_Driver/Src/stm32f1xx_hal_spi_ex.o
LOAD Drivers/STM32F1xx_HAL_Driver/Src/stm32f1xx_hal_tim.o
LOAD Drivers/STM32F1xx_HAL_Driver/Src/stm32f1xx_hal_tim_ex.o
LOAD Drivers/STM32F1xx_HAL_Driver/Src/stm32f1xx_ll_sdmmc.o
LOAD Drivers/STM32F1xx_HAL_Driver/Src/stm32f1xx_ll_usb.o
LOAD Middlewares/ST/STM32_USB_Device_Library/Class/CDC/Src/usbd_cdc.o
LOAD Middlewares/ST/STM32_USB_Device_Library/Core/Src/usbd_core.o
LOAD Middlewares/ST/STM32_USB_Device_Library/Core/Src/usbd_ctlreq.o
LOAD Middlewares/ST/STM32_USB_Device_Library/Core/Src/usbd_ioreq.o
LOAD Middlewares/Third_Party/FatFs/src/diskio.o
LOAD Middlewares/Third_Party/FatFs/src/ff.o
LOAD Middlewares/Third_Party/FatFs/src/ff_gen_drv.o
LOAD Middlewares/Third_Party/FatFs/src/drivers/sd_diskio.o
LOAD Middlewares/Third_Party/FatFs/src/option/syscall.o
LOAD Src/bsp_driver_sd.o
LOAD Src/buffer.o
LOAD Src/fatfs.o
LOAD Src/main.o
LOAD Src/stm32f1xx_hal_msp.o
LOAD Src/stm32f1xx_it.o
LOAD Src/system_stm32f1xx.o
LOAD Src/usb_device.o
LOAD Src/usbd_cdc_if.o
LOAD Src/usbd_conf.o
LOAD Src/usbd_desc.o
LOAD startup/startup_stm32f103xe.o
LOAD /home/opt/Ac6/SystemWorkbench/plugins/fr.ac6.mcu.externaltools.arm-none.linux64_1.15.0.201708311556/tools/compiler/bin/../lib/gcc/arm-none-eabi/6.3.1/../../../../arm-none-eabi/lib/thumb/v7-m/libm.a
START GROUP
LOAD /home/opt/Ac6/SystemWorkbench/plugins/fr.ac6.mcu.externaltools.arm-none.linux64_1.15.0.201708311556/tools/compiler/bin/../lib/gcc/arm-none-eabi/6.3.1/thumb/v7-m/libgcc.a
LOAD /home/opt/Ac6/SystemWorkbench/plugins/fr.ac6.mcu.externaltools.arm-none.linux64_1.15.0.201708311556/tools/compiler/bin/../lib/gcc/arm-none-eabi/6.3.1/../../../../arm-none-eabi/lib/thumb/v7-m/libc_nano.a
END GROUP
START GROUP
LOAD /home/opt/Ac6/SystemWorkbench/plugins/fr.ac6.mcu.externaltools.arm-none.linux64_1.15.0.201708311556/tools/compiler/bin/../lib/gcc/arm-none-eabi/6.3.1/thumb/v7-m/libgcc.a
LOAD /home/opt/Ac6/SystemWorkbench/plugins/fr.ac6.mcu.externaltools.arm-none.linux64_1.15.0.201708311556/tools/compiler/bin/../lib/gcc/arm-none-eabi/6.3.1/../../../../arm-none-eabi/lib/thumb/v7-m/libc_nano.a
LOAD /home/opt/Ac6/SystemWorkbench/plugins/fr.ac6.mcu.externaltools.arm-none.linux64_1.15.0.201708311556/tools/compiler/bin/../lib/gcc/arm-none-eabi/6.3.1/../../../../arm-none-eabi/lib/thumb/v7-m/libnosys.a
END GROUP
START GROUP
LOAD /home/opt/Ac6/SystemWorkbench/plugins/fr.ac6.mcu.externaltools.arm-none.linux64_1.15.0.201708311556/tools/compiler/bin/../lib/gcc/arm-none-eabi/6.3.1/thumb/v7-m/libgcc.a
LOAD /home/opt/Ac6/SystemWorkbench/plugins/fr.ac6.mcu.externaltools.arm-none.linux64_1.15.0.201708311556/tools/compiler/bin/../lib/gcc/arm-none-eabi/6.3.1/../../../../arm-none-eabi/lib/thumb/v7-m/libc_nano.a
LOAD /home/opt/Ac6/SystemWorkbench/plugins/fr.ac6.mcu.externaltools.arm-none.linux64_1.15.0.201708311556/tools/compiler/bin/../lib/gcc/arm-none-eabi/6.3.1/../../../../arm-none-eabi/lib/thumb/v7-m/libnosys.a
END GROUP
LOAD /home/opt/Ac6/SystemWorkbench/plugins/fr.ac6.mcu.externaltools.arm-none.linux64_1.15.0.201708311556/tools/compiler/bin/../lib/gcc/arm-none-eabi/6.3.1/thumb/v7-m/crtend.o
LOAD /home/opt/Ac6/SystemWorkbench/plugins/fr.ac6.mcu.externaltools.arm-none.linux64_1.15.0.201708311556/tools/compiler/bin/../lib/gcc/arm-none-eabi/6.3.1/thumb/v7-m/crtn.o
                0x000000002000c000                _estack = 0x2000c000
                0x0000000000000200                _Min_Heap_Size = 0x200
                0x0000000000000400                _Min_Stack_Size = 0x400

.isr_vector     0x0000000008000000      0x1e4
                0x0000000008000000                . = ALIGN (0x4)
 *(.isr_vector)
 .isr_vector    0x0000000008000000      0x1e4 startup/startup_stm32f103xe.o
                0x0000000008000000                g_pfnVectors
                0x00000000080001e4                . = ALIGN (0x4)

.text           0x00000000080001e4     0xa96c
                0x00000000080001e4                . = ALIGN (0x4)
 *(.text)
 .text          0x00000000080001e4       0x6c /home/opt/Ac6/SystemWorkbench/plugins/fr.ac6.mcu.externaltools.arm-none.linux64_1.15.0.201708311556/tools/compiler/bin/../lib/gcc/arm-none-eabi/6.3.1/thumb/v7-m/crtbegin.o
 *(.text*)
 .text.HAL_InitTick
                0x0000000008000250       0x44 Drivers/STM32F1xx_HAL_Driver/Src/stm32f1xx_hal.o
                0x0000000008000250                HAL_InitTick
 .text.HAL_Init
                0x0000000008000294       0x24 Drivers/STM32F1xx_HAL_Driver/Src/stm32f1xx_hal.o
                0x0000000008000294                HAL_Init
 .text.HAL_IncTick
                0x00000000080002b8       0x18 Drivers/STM32F1xx_HAL_Driver/Src/stm32f1xx_hal.o
                0x00000000080002b8                HAL_IncTick
 .text.HAL_GetTick
                0x00000000080002d0        0xc Drivers/STM32F1xx_HAL_Driver/Src/stm32f1xx_hal.o
                0x00000000080002d0                HAL_GetTick
 .text.HAL_Delay
                0x00000000080002dc       0x24 Drivers/STM32F1xx_HAL_Driver/Src/stm32f1xx_hal.o
                0x00000000080002dc                HAL_Delay
 .text.HAL_NVIC_SetPriorityGrouping
                0x0000000008000300       0x24 Drivers/STM32F1xx_HAL_Driver/Src/stm32f1xx_hal_cortex.o
                0x0000000008000300                HAL_NVIC_SetPriorityGrouping
 .text.HAL_NVIC_SetPriority
                0x0000000008000324       0x6c Drivers/STM32F1xx_HAL_Driver/Src/stm32f1xx_hal_cortex.o
                0x0000000008000324                HAL_NVIC_SetPriority
 .text.HAL_NVIC_EnableIRQ
                0x0000000008000390       0x18 Drivers/STM32F1xx_HAL_Driver/Src/stm32f1xx_hal_cortex.o
                0x0000000008000390                HAL_NVIC_EnableIRQ
 .text.HAL_SYSTICK_Config
                0x00000000080003a8       0x30 Drivers/STM32F1xx_HAL_Driver/Src/stm32f1xx_hal_cortex.o
                0x00000000080003a8                HAL_SYSTICK_Config
 .text.HAL_SYSTICK_CLKSourceConfig
                0x00000000080003d8       0x18 Drivers/STM32F1xx_HAL_Driver/Src/stm32f1xx_hal_cortex.o
                0x00000000080003d8                HAL_SYSTICK_CLKSourceConfig
 .text.HAL_SYSTICK_Callback
                0x00000000080003f0        0x4 Drivers/STM32F1xx_HAL_Driver/Src/stm32f1xx_hal_cortex.o
                0x00000000080003f0                HAL_SYSTICK_Callback
 .text.HAL_SYSTICK_IRQHandler
                0x00000000080003f4        0x8 Drivers/STM32F1xx_HAL_Driver/Src/stm32f1xx_hal_cortex.o
                0x00000000080003f4                HAL_SYSTICK_IRQHandler
 .text.HAL_DMA_Init
                0x00000000080003fc       0x98 Drivers/STM32F1xx_HAL_Driver/Src/stm32f1xx_hal_dma.o
                0x00000000080003fc                HAL_DMA_Init
 .text.HAL_DMA_Start_IT
                0x0000000008000494       0x88 Drivers/STM32F1xx_HAL_Driver/Src/stm32f1xx_hal_dma.o
                0x0000000008000494                HAL_DMA_Start_IT
 .text.HAL_DMA_IRQHandler
                0x000000000800051c      0x1cc Drivers/STM32F1xx_HAL_Driver/Src/stm32f1xx_hal_dma.o
                0x000000000800051c                HAL_DMA_IRQHandler
 .text.HAL_GPIO_Init
                0x00000000080006e8      0x234 Drivers/STM32F1xx_HAL_Driver/Src/stm32f1xx_hal_gpio.o
                0x00000000080006e8                HAL_GPIO_Init
 .text.HAL_GPIO_WritePin
                0x000000000800091c        0x8 Drivers/STM32F1xx_HAL_Driver/Src/stm32f1xx_hal_gpio.o
                0x000000000800091c                HAL_GPIO_WritePin
 .text.HAL_I2C_Init
                0x0000000008000924      0x11c Drivers/STM32F1xx_HAL_Driver/Src/stm32f1xx_hal_i2c.o
                0x0000000008000924                HAL_I2C_Init
 .text.HAL_PCD_Init
                0x0000000008000a40      0x3ec Drivers/STM32F1xx_HAL_Driver/Src/stm32f1xx_hal_pcd.o
                0x0000000008000a40                HAL_PCD_Init
 .text.HAL_PCD_Start
                0x0000000008000e2c       0x30 Drivers/STM32F1xx_HAL_Driver/Src/stm32f1xx_hal_pcd.o
                0x0000000008000e2c                HAL_PCD_Start
 .text.HAL_PCD_IRQHandler
                0x0000000008000e5c      0x588 Drivers/STM32F1xx_HAL_Driver/Src/stm32f1xx_hal_pcd.o
                0x0000000008000e5c                HAL_PCD_IRQHandler
 .text.HAL_PCD_SetAddress
                0x00000000080013e4       0x28 Drivers/STM32F1xx_HAL_Driver/Src/stm32f1xx_hal_pcd.o
                0x00000000080013e4                HAL_PCD_SetAddress
 .text.HAL_PCD_EP_Open
                0x000000000800140c       0x4c Drivers/STM32F1xx_HAL_Driver/Src/stm32f1xx_hal_pcd.o
                0x000000000800140c                HAL_PCD_EP_Open
 .text.HAL_PCD_EP_Close
                0x0000000008001458       0x48 Drivers/STM32F1xx_HAL_Driver/Src/stm32f1xx_hal_pcd.o
                0x0000000008001458                HAL_PCD_EP_Close
 .text.HAL_PCD_EP_Receive
                0x00000000080014a0       0x30 Drivers/STM32F1xx_HAL_Driver/Src/stm32f1xx_hal_pcd.o
                0x00000000080014a0                HAL_PCD_EP_Receive
 .text.HAL_PCD_EP_GetRxCount
                0x00000000080014d0       0x10 Drivers/STM32F1xx_HAL_Driver/Src/stm32f1xx_hal_pcd.o
                0x00000000080014d0                HAL_PCD_EP_GetRxCount
 .text.HAL_PCD_EP_Transmit
                0x00000000080014e0       0x2c Drivers/STM32F1xx_HAL_Driver/Src/stm32f1xx_hal_pcd.o
                0x00000000080014e0                HAL_PCD_EP_Transmit
 .text.HAL_PCD_EP_SetStall
                0x000000000800150c       0x58 Drivers/STM32F1xx_HAL_Driver/Src/stm32f1xx_hal_pcd.o
                0x000000000800150c                HAL_PCD_EP_SetStall
 .text.HAL_PCD_EP_ClrStall
                0x0000000008001564       0x4c Drivers/STM32F1xx_HAL_Driver/Src/stm32f1xx_hal_pcd.o
                0x0000000008001564                HAL_PCD_EP_ClrStall
 .text.HAL_PCDEx_PMAConfig
                0x00000000080015b0       0x34 Drivers/STM32F1xx_HAL_Driver/Src/stm32f1xx_hal_pcd_ex.o
                0x00000000080015b0                HAL_PCDEx_PMAConfig
 .text.HAL_PWR_EnableBkUpAccess
                0x00000000080015e4        0xc Drivers/STM32F1xx_HAL_Driver/Src/stm32f1xx_hal_pwr.o
                0x00000000080015e4                HAL_PWR_EnableBkUpAccess
 .text.HAL_RCC_OscConfig
                0x00000000080015f0      0x3d8 Drivers/STM32F1xx_HAL_Driver/Src/stm32f1xx_hal_rcc.o
                0x00000000080015f0                HAL_RCC_OscConfig
 .text.HAL_RCC_ClockConfig
                0x00000000080019c8      0x1b4 Drivers/STM32F1xx_HAL_Driver/Src/stm32f1xx_hal_rcc.o
                0x00000000080019c8                HAL_RCC_ClockConfig
 .text.HAL_RCC_GetSysClockFreq
                0x0000000008001b7c       0x70 Drivers/STM32F1xx_HAL_Driver/Src/stm32f1xx_hal_rcc.o
                0x0000000008001b7c                HAL_RCC_GetSysClockFreq
 .text.HAL_RCC_GetHCLKFreq
                0x0000000008001bec        0xc Drivers/STM32F1xx_HAL_Driver/Src/stm32f1xx_hal_rcc.o
                0x0000000008001bec                HAL_RCC_GetHCLKFreq
 .text.HAL_RCC_GetPCLK1Freq
                0x0000000008001bf8       0x20 Drivers/STM32F1xx_HAL_Driver/Src/stm32f1xx_hal_rcc.o
                0x0000000008001bf8                HAL_RCC_GetPCLK1Freq
 .text.HAL_RCC_GetPCLK2Freq
                0x0000000008001c18       0x20 Drivers/STM32F1xx_HAL_Driver/Src/stm32f1xx_hal_rcc.o
                0x0000000008001c18                HAL_RCC_GetPCLK2Freq
 .text.HAL_RCCEx_PeriphCLKConfig
                0x0000000008001c38      0x108 Drivers/STM32F1xx_HAL_Driver/Src/stm32f1xx_hal_rcc_ex.o
                0x0000000008001c38                HAL_RCCEx_PeriphCLKConfig
 .text.HAL_RCCEx_GetPeriphCLKFreq
                0x0000000008001d40      0x108 Drivers/STM32F1xx_HAL_Driver/Src/stm32f1xx_hal_rcc_ex.o
                0x0000000008001d40                HAL_RCCEx_GetPeriphCLKFreq
 .text.HAL_RTC_Init
                0x0000000008001e48       0xfc Drivers/STM32F1xx_HAL_Driver/Src/stm32f1xx_hal_rtc.o
                0x0000000008001e48                HAL_RTC_Init
 .text.HAL_RTC_SetTime
                0x0000000008001f44      0x16c Drivers/STM32F1xx_HAL_Driver/Src/stm32f1xx_hal_rtc.o
                0x0000000008001f44                HAL_RTC_SetTime
 .text.HAL_RTC_SetDate
                0x00000000080020b0      0x21c Drivers/STM32F1xx_HAL_Driver/Src/stm32f1xx_hal_rtc.o
                0x00000000080020b0                HAL_RTC_SetDate
 .text.HAL_SD_ReadBlocks
                0x00000000080022cc      0x214 Drivers/STM32F1xx_HAL_Driver/Src/stm32f1xx_hal_sd.o
                0x00000000080022cc                HAL_SD_ReadBlocks
 .text.HAL_SD_WriteBlocks
                0x00000000080024e0      0x1b0 Drivers/STM32F1xx_HAL_Driver/Src/stm32f1xx_hal_sd.o
                0x00000000080024e0                HAL_SD_WriteBlocks
 .text.HAL_SD_GetCardCSD
                0x0000000008002690      0x1cc Drivers/STM32F1xx_HAL_Driver/Src/stm32f1xx_hal_sd.o
                0x0000000008002690                HAL_SD_GetCardCSD
 .text.HAL_SD_InitCard
                0x000000000800285c      0x1f0 Drivers/STM32F1xx_HAL_Driver/Src/stm32f1xx_hal_sd.o
                0x000000000800285c                HAL_SD_InitCard
 .text.HAL_SD_Init
                0x0000000008002a4c       0x38 Drivers/STM32F1xx_HAL_Driver/Src/stm32f1xx_hal_sd.o
                0x0000000008002a4c                HAL_SD_Init
 .text.HAL_SD_GetCardInfo
                0x0000000008002a84       0x28 Drivers/STM32F1xx_HAL_Driver/Src/stm32f1xx_hal_sd.o
                0x0000000008002a84                HAL_SD_GetCardInfo
 .text.HAL_SD_GetCardState
                0x0000000008002aac       0x28 Drivers/STM32F1xx_HAL_Driver/Src/stm32f1xx_hal_sd.o
                0x0000000008002aac                HAL_SD_GetCardState
 .text.HAL_SPI_Transmit
                0x0000000008002ad4      0x2e8 Drivers/STM32F1xx_HAL_Driver/Src/stm32f1xx_hal_spi.o
                0x0000000008002ad4                HAL_SPI_Transmit
 .text.HAL_SPI_TransmitReceive
                0x0000000008002dbc      0x380 Drivers/STM32F1xx_HAL_Driver/Src/stm32f1xx_hal_spi.o
                0x0000000008002dbc                HAL_SPI_TransmitReceive
 .text.HAL_SPI_Transmit_DMA
                0x000000000800313c       0xac Drivers/STM32F1xx_HAL_Driver/Src/stm32f1xx_hal_spi.o
                0x000000000800313c                HAL_SPI_Transmit_DMA
 .text.HAL_SPI_TxCpltCallback
                0x00000000080031e8        0x4 Drivers/STM32F1xx_HAL_Driver/Src/stm32f1xx_hal_spi.o
                0x00000000080031e8                HAL_SPI_TxCpltCallback
 .text.HAL_SPI_TxHalfCpltCallback
                0x00000000080031ec        0x4 Drivers/STM32F1xx_HAL_Driver/Src/stm32f1xx_hal_spi.o
                0x00000000080031ec                HAL_SPI_TxHalfCpltCallback
 .text.SPI_DMAHalfTransmitCplt
                0x00000000080031f0        0xc Drivers/STM32F1xx_HAL_Driver/Src/stm32f1xx_hal_spi.o
 .text.HAL_SPI_ErrorCallback
                0x00000000080031fc        0x4 Drivers/STM32F1xx_HAL_Driver/Src/stm32f1xx_hal_spi.o
                0x00000000080031fc                HAL_SPI_ErrorCallback
 .text.SPI_DMAError
                0x0000000008003200       0x24 Drivers/STM32F1xx_HAL_Driver/Src/stm32f1xx_hal_spi.o
 .text.SPI_DMATransmitCplt
                0x0000000008003224       0xcc Drivers/STM32F1xx_HAL_Driver/Src/stm32f1xx_hal_spi.o
 .text.HAL_SPI_Init
                0x00000000080032f0       0x80 Drivers/STM32F1xx_HAL_Driver/Src/stm32f1xx_hal_spi_ex.o
                0x00000000080032f0                HAL_SPI_Init
 .text.HAL_TIM_Base_Init
                0x0000000008003370       0xd8 Drivers/STM32F1xx_HAL_Driver/Src/stm32f1xx_hal_tim.o
                0x0000000008003370                HAL_TIM_Base_Init
 .text.HAL_TIM_Base_Stop
                0x0000000008003448       0x30 Drivers/STM32F1xx_HAL_Driver/Src/stm32f1xx_hal_tim.o
                0x0000000008003448                HAL_TIM_Base_Stop
 .text.HAL_TIM_Base_Start_IT
                0x0000000008003478       0x18 Drivers/STM32F1xx_HAL_Driver/Src/stm32f1xx_hal_tim.o
                0x0000000008003478                HAL_TIM_Base_Start_IT
 .text.HAL_TIM_ConfigClockSource
                0x0000000008003490      0x180 Drivers/STM32F1xx_HAL_Driver/Src/stm32f1xx_hal_tim.o
                0x0000000008003490                HAL_TIM_ConfigClockSource
 .text.HAL_TIM_OC_DelayElapsedCallback
                0x0000000008003610        0x4 Drivers/STM32F1xx_HAL_Driver/Src/stm32f1xx_hal_tim.o
                0x0000000008003610                HAL_TIM_OC_DelayElapsedCallback
 .text.HAL_TIM_IC_CaptureCallback
                0x0000000008003614        0x4 Drivers/STM32F1xx_HAL_Driver/Src/stm32f1xx_hal_tim.o
                0x0000000008003614                HAL_TIM_IC_CaptureCallback
 .text.HAL_TIM_PWM_PulseFinishedCallback
                0x0000000008003618        0x4 Drivers/STM32F1xx_HAL_Driver/Src/stm32f1xx_hal_tim.o
                0x0000000008003618                HAL_TIM_PWM_PulseFinishedCallback
 .text.HAL_TIM_TriggerCallback
                0x000000000800361c        0x4 Drivers/STM32F1xx_HAL_Driver/Src/stm32f1xx_hal_tim.o
                0x000000000800361c                HAL_TIM_TriggerCallback
 .text.HAL_TIM_IRQHandler
                0x0000000008003620      0x154 Drivers/STM32F1xx_HAL_Driver/Src/stm32f1xx_hal_tim.o
                0x0000000008003620                HAL_TIM_IRQHandler
 .text.HAL_TIMEx_MasterConfigSynchronization
                0x0000000008003774       0x4c Drivers/STM32F1xx_HAL_Driver/Src/stm32f1xx_hal_tim_ex.o
                0x0000000008003774                HAL_TIMEx_MasterConfigSynchronization
 .text.HAL_TIMEx_CommutationCallback
                0x00000000080037c0        0x4 Drivers/STM32F1xx_HAL_Driver/Src/stm32f1xx_hal_tim_ex.o
                0x00000000080037c0                HAL_TIMEx_CommutationCallback
 .text.HAL_TIMEx_BreakCallback
                0x00000000080037c4        0x4 Drivers/STM32F1xx_HAL_Driver/Src/stm32f1xx_hal_tim_ex.o
                0x00000000080037c4                HAL_TIMEx_BreakCallback
 .text.SDMMC_GetCmdResp1.part.2
                0x00000000080037c8       0xdc Drivers/STM32F1xx_HAL_Driver/Src/stm32f1xx_ll_sdmmc.o
 .text.SDIO_Init
                0x00000000080038a4       0x38 Drivers/STM32F1xx_HAL_Driver/Src/stm32f1xx_ll_sdmmc.o
                0x00000000080038a4                SDIO_Init
 .text.SDIO_ReadFIFO
                0x00000000080038dc        0x8 Drivers/STM32F1xx_HAL_Driver/Src/stm32f1xx_ll_sdmmc.o
                0x00000000080038dc                SDIO_ReadFIFO
 .text.SDIO_WriteFIFO
                0x00000000080038e4        0xc Drivers/STM32F1xx_HAL_Driver/Src/stm32f1xx_ll_sdmmc.o
                0x00000000080038e4                SDIO_WriteFIFO
 .text.SDIO_PowerState_ON
                0x00000000080038f0        0xc Drivers/STM32F1xx_HAL_Driver/Src/stm32f1xx_ll_sdmmc.o
                0x00000000080038f0                SDIO_PowerState_ON
 .text.SDIO_GetPowerState
                0x00000000080038fc        0x8 Drivers/STM32F1xx_HAL_Driver/Src/stm32f1xx_ll_sdmmc.o
                0x00000000080038fc                SDIO_GetPowerState
 .text.SDIO_GetResponse
                0x0000000008003904       0x14 Drivers/STM32F1xx_HAL_Driver/Src/stm32f1xx_ll_sdmmc.o
                0x0000000008003904                SDIO_GetResponse
 .text.SDIO_ConfigData
                0x0000000008003918       0x28 Drivers/STM32F1xx_HAL_Driver/Src/stm32f1xx_ll_sdmmc.o
                0x0000000008003918                SDIO_ConfigData
 .text.SDMMC_CmdBlockLength
                0x0000000008003940       0x78 Drivers/STM32F1xx_HAL_Driver/Src/stm32f1xx_ll_sdmmc.o
                0x0000000008003940                SDMMC_CmdBlockLength
 .text.SDMMC_CmdReadSingleBlock
                0x00000000080039b8       0x7c Drivers/STM32F1xx_HAL_Driver/Src/stm32f1xx_ll_sdmmc.o
                0x00000000080039b8                SDMMC_CmdReadSingleBlock
 .text.SDMMC_CmdReadMultiBlock
                0x0000000008003a34       0x7c Drivers/STM32F1xx_HAL_Driver/Src/stm32f1xx_ll_sdmmc.o
                0x0000000008003a34                SDMMC_CmdReadMultiBlock
 .text.SDMMC_CmdWriteSingleBlock
                0x0000000008003ab0       0x78 Drivers/STM32F1xx_HAL_Driver/Src/stm32f1xx_ll_sdmmc.o
                0x0000000008003ab0                SDMMC_CmdWriteSingleBlock
 .text.SDMMC_CmdWriteMultiBlock
                0x0000000008003b28       0x7c Drivers/STM32F1xx_HAL_Driver/Src/stm32f1xx_ll_sdmmc.o
                0x0000000008003b28                SDMMC_CmdWriteMultiBlock
 .text.SDMMC_CmdStopTransfer
                0x0000000008003ba4       0x74 Drivers/STM32F1xx_HAL_Driver/Src/stm32f1xx_ll_sdmmc.o
                0x0000000008003ba4                SDMMC_CmdStopTransfer
 .text.SDMMC_CmdSelDesel
                0x0000000008003c18       0x7c Drivers/STM32F1xx_HAL_Driver/Src/stm32f1xx_ll_sdmmc.o
                0x0000000008003c18                SDMMC_CmdSelDesel
 .text.SDMMC_CmdGoIdleState
                0x0000000008003c94       0x58 Drivers/STM32F1xx_HAL_Driver/Src/stm32f1xx_ll_sdmmc.o
                0x0000000008003c94                SDMMC_CmdGoIdleState
 .text.SDMMC_CmdOperCond
                0x0000000008003cec       0x74 Drivers/STM32F1xx_HAL_Driver/Src/stm32f1xx_ll_sdmmc.o
                0x0000000008003cec                SDMMC_CmdOperCond
 .text.SDMMC_CmdAppCommand
                0x0000000008003d60       0x7c Drivers/STM32F1xx_HAL_Driver/Src/stm32f1xx_ll_sdmmc.o
                0x0000000008003d60                SDMMC_CmdAppCommand
 .text.SDMMC_CmdAppOperCommand
                0x0000000008003ddc       0x6c Drivers/STM32F1xx_HAL_Driver/Src/stm32f1xx_ll_sdmmc.o
                0x0000000008003ddc                SDMMC_CmdAppOperCommand
 .text.SDMMC_CmdSendCID
                0x0000000008003e48       0x74 Drivers/STM32F1xx_HAL_Driver/Src/stm32f1xx_ll_sdmmc.o
                0x0000000008003e48                SDMMC_CmdSendCID
 .text.SDMMC_CmdSendCSD
                0x0000000008003ebc       0x74 Drivers/STM32F1xx_HAL_Driver/Src/stm32f1xx_ll_sdmmc.o
                0x0000000008003ebc                SDMMC_CmdSendCSD
 .text.SDMMC_CmdSetRelAdd
                0x0000000008003f30       0xb8 Drivers/STM32F1xx_HAL_Driver/Src/stm32f1xx_ll_sdmmc.o
                0x0000000008003f30                SDMMC_CmdSetRelAdd
 .text.SDMMC_CmdSendStatus
                0x0000000008003fe8       0x7c Drivers/STM32F1xx_HAL_Driver/Src/stm32f1xx_ll_sdmmc.o
                0x0000000008003fe8                SDMMC_CmdSendStatus
 .text.USB_CoreInit
                0x0000000008004064       0x10 Drivers/STM32F1xx_HAL_Driver/Src/stm32f1xx_ll_usb.o
                0x0000000008004064                USB_CoreInit
 .text.USB_EnableGlobalInt
                0x0000000008004074       0x14 Drivers/STM32F1xx_HAL_Driver/Src/stm32f1xx_ll_usb.o
                0x0000000008004074                USB_EnableGlobalInt
 .text.USB_DisableGlobalInt
                0x0000000008004088       0x14 Drivers/STM32F1xx_HAL_Driver/Src/stm32f1xx_ll_usb.o
                0x0000000008004088                USB_DisableGlobalInt
 .text.USB_SetCurrentMode
                0x000000000800409c        0x4 Drivers/STM32F1xx_HAL_Driver/Src/stm32f1xx_ll_usb.o
                0x000000000800409c                USB_SetCurrentMode
 .text.USB_DevInit
                0x00000000080040a0       0x34 Drivers/STM32F1xx_HAL_Driver/Src/stm32f1xx_ll_usb.o
                0x00000000080040a0                USB_DevInit
 .text.USB_ActivateEndpoint
                0x00000000080040d4      0x330 Drivers/STM32F1xx_HAL_Driver/Src/stm32f1xx_ll_usb.o
                0x00000000080040d4                USB_ActivateEndpoint
 .text.USB_DeactivateEndpoint
                0x0000000008004404      0x1bc Drivers/STM32F1xx_HAL_Driver/Src/stm32f1xx_ll_usb.o
                0x0000000008004404                USB_DeactivateEndpoint
 .text.USB_EPStartXfer
                0x00000000080045c0      0x214 Drivers/STM32F1xx_HAL_Driver/Src/stm32f1xx_ll_usb.o
                0x00000000080045c0                USB_EPStartXfer
 .text.USB_EPSetStall
                0x00000000080047d4       0x74 Drivers/STM32F1xx_HAL_Driver/Src/stm32f1xx_ll_usb.o
                0x00000000080047d4                USB_EPSetStall
 .text.USB_EPClearStall
                0x0000000008004848       0xa0 Drivers/STM32F1xx_HAL_Driver/Src/stm32f1xx_ll_usb.o
                0x0000000008004848                USB_EPClearStall
 .text.USB_SetDevAddress
                0x00000000080048e8        0xc Drivers/STM32F1xx_HAL_Driver/Src/stm32f1xx_ll_usb.o
                0x00000000080048e8                USB_SetDevAddress
 .text.USB_DevConnect
                0x00000000080048f4        0x4 Drivers/STM32F1xx_HAL_Driver/Src/stm32f1xx_ll_usb.o
                0x00000000080048f4                USB_DevConnect
 .text.USB_DevDisconnect
                0x00000000080048f8        0x4 Drivers/STM32F1xx_HAL_Driver/Src/stm32f1xx_ll_usb.o
                0x00000000080048f8                USB_DevDisconnect
 .text.USB_ReadInterrupts
                0x00000000080048fc        0x8 Drivers/STM32F1xx_HAL_Driver/Src/stm32f1xx_ll_usb.o
                0x00000000080048fc                USB_ReadInterrupts
 .text.USB_EP0_OutStart
                0x0000000008004904        0x4 Drivers/STM32F1xx_HAL_Driver/Src/stm32f1xx_ll_usb.o
                0x0000000008004904                USB_EP0_OutStart
 .text.USB_WritePMA
                0x0000000008004908       0x24 Drivers/STM32F1xx_HAL_Driver/Src/stm32f1xx_ll_usb.o
                0x0000000008004908                USB_WritePMA
 .text.USB_ReadPMA
                0x000000000800492c       0x1c Drivers/STM32F1xx_HAL_Driver/Src/stm32f1xx_ll_usb.o
                0x000000000800492c                USB_ReadPMA
 .text.USBD_CDC_DataIn
                0x0000000008004948       0x14 Middlewares/ST/STM32_USB_Device_Library/Class/CDC/Src/usbd_cdc.o
 .text.USBD_CDC_EP0_RxReady
                0x000000000800495c       0x28 Middlewares/ST/STM32_USB_Device_Library/Class/CDC/Src/usbd_cdc.o
 .text.USBD_CDC_GetFSCfgDesc
                0x0000000008004984        0xc Middlewares/ST/STM32_USB_Device_Library/Class/CDC/Src/usbd_cdc.o
 .text.USBD_CDC_GetHSCfgDesc
                0x0000000008004990        0xc Middlewares/ST/STM32_USB_Device_Library/Class/CDC/Src/usbd_cdc.o
 .text.USBD_CDC_GetOtherSpeedCfgDesc
                0x000000000800499c        0xc Middlewares/ST/STM32_USB_Device_Library/Class/CDC/Src/usbd_cdc.o
 .text.USBD_CDC_GetDeviceQualifierDescriptor
                0x00000000080049a8        0xc Middlewares/ST/STM32_USB_Device_Library/Class/CDC/Src/usbd_cdc.o
                0x00000000080049a8                USBD_CDC_GetDeviceQualifierDescriptor
 .text.USBD_CDC_DataOut
                0x00000000080049b4       0x30 Middlewares/ST/STM32_USB_Device_Library/Class/CDC/Src/usbd_cdc.o
 .text.USBD_CDC_Setup
                0x00000000080049e4       0x74 Middlewares/ST/STM32_USB_Device_Library/Class/CDC/Src/usbd_cdc.o
 .text.USBD_CDC_DeInit
                0x0000000008004a58       0x3c Middlewares/ST/STM32_USB_Device_Library/Class/CDC/Src/usbd_cdc.o
 .text.USBD_CDC_Init
                0x0000000008004a94       0x90 Middlewares/ST/STM32_USB_Device_Library/Class/CDC/Src/usbd_cdc.o
 .text.USBD_CDC_RegisterInterface
                0x0000000008004b24       0x10 Middlewares/ST/STM32_USB_Device_Library/Class/CDC/Src/usbd_cdc.o
                0x0000000008004b24                USBD_CDC_RegisterInterface
 .text.USBD_CDC_SetTxBuffer
                0x0000000008004b34       0x10 Middlewares/ST/STM32_USB_Device_Library/Class/CDC/Src/usbd_cdc.o
                0x0000000008004b34                USBD_CDC_SetTxBuffer
 .text.USBD_CDC_SetRxBuffer
                0x0000000008004b44        0xc Middlewares/ST/STM32_USB_Device_Library/Class/CDC/Src/usbd_cdc.o
                0x0000000008004b44                USBD_CDC_SetRxBuffer
 .text.USBD_CDC_TransmitPacket
                0x0000000008004b50       0x30 Middlewares/ST/STM32_USB_Device_Library/Class/CDC/Src/usbd_cdc.o
                0x0000000008004b50                USBD_CDC_TransmitPacket
 .text.USBD_CDC_ReceivePacket
                0x0000000008004b80       0x30 Middlewares/ST/STM32_USB_Device_Library/Class/CDC/Src/usbd_cdc.o
                0x0000000008004b80                USBD_CDC_ReceivePacket
 .text.USBD_Init
                0x0000000008004bb0       0x2c Middlewares/ST/STM32_USB_Device_Library/Core/Src/usbd_core.o
                0x0000000008004bb0                USBD_Init
 .text.USBD_RegisterClass
                0x0000000008004bdc       0x10 Middlewares/ST/STM32_USB_Device_Library/Core/Src/usbd_core.o
                0x0000000008004bdc                USBD_RegisterClass
 .text.USBD_Start
                0x0000000008004bec        0xc Middlewares/ST/STM32_USB_Device_Library/Core/Src/usbd_core.o
                0x0000000008004bec                USBD_Start
 .text.USBD_SetClassConfig
                0x0000000008004bf8       0x14 Middlewares/ST/STM32_USB_Device_Library/Core/Src/usbd_core.o
                0x0000000008004bf8                USBD_SetClassConfig
 .text.USBD_ClrClassConfig
                0x0000000008004c0c       0x10 Middlewares/ST/STM32_USB_Device_Library/Core/Src/usbd_core.o
                0x0000000008004c0c                USBD_ClrClassConfig
 .text.USBD_LL_SetupStage
                0x0000000008004c1c       0x60 Middlewares/ST/STM32_USB_Device_Library/Core/Src/usbd_core.o
                0x0000000008004c1c                USBD_LL_SetupStage
 .text.USBD_LL_DataOutStage
                0x0000000008004c7c       0x6c Middlewares/ST/STM32_USB_Device_Library/Core/Src/usbd_core.o
                0x0000000008004c7c                USBD_LL_DataOutStage
 .text.USBD_LL_DataInStage
                0x0000000008004ce8       0xa4 Middlewares/ST/STM32_USB_Device_Library/Core/Src/usbd_core.o
                0x0000000008004ce8                USBD_LL_DataInStage
 .text.USBD_LL_Reset
                0x0000000008004d8c       0x40 Middlewares/ST/STM32_USB_Device_Library/Core/Src/usbd_core.o
                0x0000000008004d8c                USBD_LL_Reset
 .text.USBD_LL_SetSpeed
                0x0000000008004dcc        0x8 Middlewares/ST/STM32_USB_Device_Library/Core/Src/usbd_core.o
                0x0000000008004dcc                USBD_LL_SetSpeed
 .text.USBD_LL_Suspend
                0x0000000008004dd4       0x14 Middlewares/ST/STM32_USB_Device_Library/Core/Src/usbd_core.o
                0x0000000008004dd4                USBD_LL_Suspend
 .text.USBD_LL_Resume
                0x0000000008004de8       0x10 Middlewares/ST/STM32_USB_Device_Library/Core/Src/usbd_core.o
                0x0000000008004de8                USBD_LL_Resume
 .text.USBD_LL_SOF
                0x0000000008004df8       0x1c Middlewares/ST/STM32_USB_Device_Library/Core/Src/usbd_core.o
                0x0000000008004df8                USBD_LL_SOF
 .text.USBD_StdDevReq
                0x0000000008004e14      0x29c Middlewares/ST/STM32_USB_Device_Library/Core/Src/usbd_ctlreq.o
                0x0000000008004e14                USBD_StdDevReq
 .text.USBD_StdItfReq
                0x00000000080050b0       0x3c Middlewares/ST/STM32_USB_Device_Library/Core/Src/usbd_ctlreq.o
                0x00000000080050b0                USBD_StdItfReq
 .text.USBD_StdEPReq
                0x00000000080050ec       0xd0 Middlewares/ST/STM32_USB_Device_Library/Core/Src/usbd_ctlreq.o
                0x00000000080050ec                USBD_StdEPReq
 .text.USBD_ParseSetupRequest
                0x00000000080051bc       0x28 Middlewares/ST/STM32_USB_Device_Library/Core/Src/usbd_ctlreq.o
                0x00000000080051bc                USBD_ParseSetupRequest
 .text.USBD_GetString
                0x00000000080051e4       0x4c Middlewares/ST/STM32_USB_Device_Library/Core/Src/usbd_ctlreq.o
                0x00000000080051e4                USBD_GetString
 .text.USBD_CtlSendData
                0x0000000008005230       0x1c Middlewares/ST/STM32_USB_Device_Library/Core/Src/usbd_ioreq.o
                0x0000000008005230                USBD_CtlSendData
 .text.USBD_CtlContinueSendData
                0x000000000800524c       0x10 Middlewares/ST/STM32_USB_Device_Library/Core/Src/usbd_ioreq.o
                0x000000000800524c                USBD_CtlContinueSendData
 .text.USBD_CtlPrepareRx
                0x000000000800525c       0x20 Middlewares/ST/STM32_USB_Device_Library/Core/Src/usbd_ioreq.o
                0x000000000800525c                USBD_CtlPrepareRx
 .text.USBD_CtlContinueRx
                0x000000000800527c       0x10 Middlewares/ST/STM32_USB_Device_Library/Core/Src/usbd_ioreq.o
                0x000000000800527c                USBD_CtlContinueRx
 .text.USBD_CtlSendStatus
                0x000000000800528c       0x18 Middlewares/ST/STM32_USB_Device_Library/Core/Src/usbd_ioreq.o
                0x000000000800528c                USBD_CtlSendStatus
 .text.USBD_CtlReceiveStatus
                0x00000000080052a4       0x18 Middlewares/ST/STM32_USB_Device_Library/Core/Src/usbd_ioreq.o
                0x00000000080052a4                USBD_CtlReceiveStatus
 .text.disk_status
                0x00000000080052bc       0x14 Middlewares/Third_Party/FatFs/src/diskio.o
                0x00000000080052bc                disk_status
 .text.disk_initialize
                0x00000000080052d0       0x20 Middlewares/Third_Party/FatFs/src/diskio.o
                0x00000000080052d0                disk_initialize
 .text.disk_read
                0x00000000080052f0       0x1c Middlewares/Third_Party/FatFs/src/diskio.o
                0x00000000080052f0                disk_read
 .text.disk_write
                0x000000000800530c       0x1c Middlewares/Third_Party/FatFs/src/diskio.o
                0x000000000800530c                disk_write
 .text.disk_ioctl
                0x0000000008005328       0x1c Middlewares/Third_Party/FatFs/src/diskio.o
                0x0000000008005328                disk_ioctl
 .text.sync_window.part.4
                0x0000000008005344       0x58 Middlewares/Third_Party/FatFs/src/ff.o
 .text.move_window
                0x000000000800539c       0x84 Middlewares/Third_Party/FatFs/src/ff.o
 .text.find_volume
                0x0000000008005420      0x4f4 Middlewares/Third_Party/FatFs/src/ff.o
 .text.sync_fs  0x0000000008005914      0x100 Middlewares/Third_Party/FatFs/src/ff.o
 .text.put_fat.part.8
                0x0000000008005a14      0x2f4 Middlewares/Third_Party/FatFs/src/ff.o
 .text.remove_chain.part.10
                0x0000000008005d08      0x2e8 Middlewares/Third_Party/FatFs/src/ff.o
 .text.get_fat.part.6
                0x0000000008005ff0      0x28c Middlewares/Third_Party/FatFs/src/ff.o
 .text.dir_sdi  0x000000000800627c       0xc4 Middlewares/Third_Party/FatFs/src/ff.o
 .text.create_chain
                0x0000000008006340      0x380 Middlewares/Third_Party/FatFs/src/ff.o
 .text.f_write.part.12
                0x00000000080066c0      0x3c0 Middlewares/Third_Party/FatFs/src/ff.o
 .text.follow_path
                0x0000000008006a80      0x370 Middlewares/Third_Party/FatFs/src/ff.o
 .text.dir_register
                0x0000000008006df0      0x318 Middlewares/Third_Party/FatFs/src/ff.o
 .text.f_mount  0x0000000008007108       0x80 Middlewares/Third_Party/FatFs/src/ff.o
                0x0000000008007108                f_mount
 .text.f_open   0x0000000008007188      0x888 Middlewares/Third_Party/FatFs/src/ff.o
                0x0000000008007188                f_open
 .text.f_write  0x0000000008007a10       0x68 Middlewares/Third_Party/FatFs/src/ff.o
                0x0000000008007a10                f_write
 .text.f_sync   0x0000000008007a78      0x170 Middlewares/Third_Party/FatFs/src/ff.o
                0x0000000008007a78                f_sync
 .text.f_stat   0x0000000008007be8      0x664 Middlewares/Third_Party/FatFs/src/ff.o
                0x0000000008007be8                f_stat
 .text.f_mkfs   0x000000000800824c      0x5b0 Middlewares/Third_Party/FatFs/src/ff.o
                0x000000000800824c                f_mkfs
 .text.FATFS_LinkDriver
                0x00000000080087fc       0x50 Middlewares/Third_Party/FatFs/src/ff_gen_drv.o
                0x00000000080087fc                FATFS_LinkDriver
 .text.SD_initialize
                0x000000000800884c       0x20 Middlewares/Third_Party/FatFs/src/drivers/sd_diskio.o
                0x000000000800884c                SD_initialize
 .text.SD_status
                0x000000000800886c       0x20 Middlewares/Third_Party/FatFs/src/drivers/sd_diskio.o
                0x000000000800886c                SD_status
 .text.SD_read  0x000000000800888c       0x30 Middlewares/Third_Party/FatFs/src/drivers/sd_diskio.o
                0x000000000800888c                SD_read
 .text.SD_ioctl
                0x00000000080088bc       0x58 Middlewares/Third_Party/FatFs/src/drivers/sd_diskio.o
                0x00000000080088bc                SD_ioctl
 .text.SD_write
                0x0000000008008914       0x30 Middlewares/Third_Party/FatFs/src/drivers/sd_diskio.o
                0x0000000008008914                SD_write
 .text.BSP_SD_Init
                0x0000000008008944       0x28 Src/bsp_driver_sd.o
                0x0000000008008944                BSP_SD_Init
 .text.BSP_SD_ReadBlocks
                0x000000000800896c       0x24 Src/bsp_driver_sd.o
                0x000000000800896c                BSP_SD_ReadBlocks
 .text.BSP_SD_WriteBlocks
                0x0000000008008990       0x24 Src/bsp_driver_sd.o
                0x0000000008008990                BSP_SD_WriteBlocks
 .text.BSP_SD_GetCardState
                0x00000000080089b4       0x14 Src/bsp_driver_sd.o
                0x00000000080089b4                BSP_SD_GetCardState
 .text.BSP_SD_GetCardInfo
                0x00000000080089c8        0xc Src/bsp_driver_sd.o
                0x00000000080089c8                BSP_SD_GetCardInfo
 .text.rb_init  0x00000000080089d4       0x20 Src/buffer.o
                0x00000000080089d4                rb_init
 .text.rb_push  0x00000000080089f4       0x44 Src/buffer.o
                0x00000000080089f4                rb_push
 .text.rb_pop   0x0000000008008a38       0x24 Src/buffer.o
                0x0000000008008a38                rb_pop
 .text.rb_remain
                0x0000000008008a5c        0x4 Src/buffer.o
                0x0000000008008a5c                rb_remain
 .text.MX_FATFS_Init
                0x0000000008008a60       0x1c Src/fatfs.o
                0x0000000008008a60                MX_FATFS_Init
 .text.get_fattime
                0x0000000008008a7c        0x4 Src/fatfs.o
                0x0000000008008a7c                get_fattime
 .text.toLog.constprop.1
                0x0000000008008a80      0x260 Src/main.o
 .text.HAL_TIM_PeriodElapsedCallback
                0x0000000008008ce0       0xe0 Src/main.o
                0x0000000008008ce0                HAL_TIM_PeriodElapsedCallback
 .text.print    0x0000000008008dc0       0x7c Src/main.o
                0x0000000008008dc0                print
 .text.oledInit
                0x0000000008008e3c       0x4c Src/main.o
                0x0000000008008e3c                oledInit
 .text.toLog    0x0000000008008e88      0x218 Src/main.o
                0x0000000008008e88                toLog
 .text.SystemClock_Config
                0x00000000080090a0       0x90 Src/main.o
                0x00000000080090a0                SystemClock_Config
 .text.startup.main
                0x0000000008009130      0x850 Src/main.o
                0x0000000008009130                main
 .text._Error_Handler
                0x0000000008009980        0x4 Src/main.o
                0x0000000008009980                _Error_Handler
 .text.HAL_MspInit
                0x0000000008009984       0xa0 Src/stm32f1xx_hal_msp.o
                0x0000000008009984                HAL_MspInit
 .text.HAL_I2C_MspInit
                0x0000000008009a24       0x48 Src/stm32f1xx_hal_msp.o
                0x0000000008009a24                HAL_I2C_MspInit
 .text.HAL_RTC_MspInit
                0x0000000008009a6c       0x40 Src/stm32f1xx_hal_msp.o
                0x0000000008009a6c                HAL_RTC_MspInit
 .text.HAL_SD_MspInit
                0x0000000008009aac       0xa4 Src/stm32f1xx_hal_msp.o
                0x0000000008009aac                HAL_SD_MspInit
 .text.HAL_SPI_MspInit
                0x0000000008009b50      0x1d8 Src/stm32f1xx_hal_msp.o
                0x0000000008009b50                HAL_SPI_MspInit
 .text.HAL_TIM_Base_MspInit
                0x0000000008009d28       0x3c Src/stm32f1xx_hal_msp.o
                0x0000000008009d28                HAL_TIM_Base_MspInit
 .text.NMI_Handler
                0x0000000008009d64        0x4 Src/stm32f1xx_it.o
                0x0000000008009d64                NMI_Handler
 .text.HardFault_Handler
                0x0000000008009d68        0x4 Src/stm32f1xx_it.o
                0x0000000008009d68                HardFault_Handler
 .text.MemManage_Handler
                0x0000000008009d6c        0x4 Src/stm32f1xx_it.o
                0x0000000008009d6c                MemManage_Handler
 .text.BusFault_Handler
                0x0000000008009d70        0x4 Src/stm32f1xx_it.o
                0x0000000008009d70                BusFault_Handler
 .text.UsageFault_Handler
                0x0000000008009d74        0x4 Src/stm32f1xx_it.o
                0x0000000008009d74                UsageFault_Handler
 .text.SVC_Handler
                0x0000000008009d78        0x4 Src/stm32f1xx_it.o
                0x0000000008009d78                SVC_Handler
 .text.DebugMon_Handler
                0x0000000008009d7c        0x4 Src/stm32f1xx_it.o
                0x0000000008009d7c                DebugMon_Handler
 .text.PendSV_Handler
                0x0000000008009d80        0x4 Src/stm32f1xx_it.o
                0x0000000008009d80                PendSV_Handler
 .text.SysTick_Handler
                0x0000000008009d84       0x10 Src/stm32f1xx_it.o
                0x0000000008009d84                SysTick_Handler
 .text.DMA1_Channel4_IRQHandler
                0x0000000008009d94        0xc Src/stm32f1xx_it.o
                0x0000000008009d94                DMA1_Channel4_IRQHandler
 .text.DMA1_Channel5_IRQHandler
                0x0000000008009da0        0xc Src/stm32f1xx_it.o
                0x0000000008009da0                DMA1_Channel5_IRQHandler
 .text.USB_LP_CAN1_RX0_IRQHandler
                0x0000000008009dac        0xc Src/stm32f1xx_it.o
                0x0000000008009dac                USB_LP_CAN1_RX0_IRQHandler
 .text.TIM3_IRQHandler
                0x0000000008009db8        0xc Src/stm32f1xx_it.o
                0x0000000008009db8                TIM3_IRQHandler
 .text.DMA2_Channel1_IRQHandler
                0x0000000008009dc4        0xc Src/stm32f1xx_it.o
                0x0000000008009dc4                DMA2_Channel1_IRQHandler
 .text.DMA2_Channel2_IRQHandler
                0x0000000008009dd0        0xc Src/stm32f1xx_it.o
                0x0000000008009dd0                DMA2_Channel2_IRQHandler
 .text.DMA2_Channel4_5_IRQHandler
                0x0000000008009ddc        0xc Src/stm32f1xx_it.o
                0x0000000008009ddc                DMA2_Channel4_5_IRQHandler
 .text.SystemInit
                0x0000000008009de8       0x50 Src/system_stm32f1xx.o
                0x0000000008009de8                SystemInit
 .text.MX_USB_DEVICE_Init
                0x0000000008009e38       0x38 Src/usb_device.o
                0x0000000008009e38                MX_USB_DEVICE_Init
 .text.CDC_DeInit_FS
                0x0000000008009e70        0x4 Src/usbd_cdc_if.o
 .text.CDC_Control_FS
                0x0000000008009e74        0x4 Src/usbd_cdc_if.o
 .text.CDC_Receive_FS
                0x0000000008009e78       0x1c Src/usbd_cdc_if.o
 .text.CDC_Init_FS
                0x0000000008009e94       0x28 Src/usbd_cdc_if.o
 .text.CDC_Transmit_FS
                0x0000000008009ebc       0x2c Src/usbd_cdc_if.o
                0x0000000008009ebc                CDC_Transmit_FS
 .text.HAL_PCD_MspInit
                0x0000000008009ee8       0x3c Src/usbd_conf.o
                0x0000000008009ee8                HAL_PCD_MspInit
 .text.HAL_PCD_SetupStageCallback
                0x0000000008009f24        0xc Src/usbd_conf.o
                0x0000000008009f24                HAL_PCD_SetupStageCallback
 .text.HAL_PCD_DataOutStageCallback
                0x0000000008009f30       0x10 Src/usbd_conf.o
                0x0000000008009f30                HAL_PCD_DataOutStageCallback
 .text.HAL_PCD_DataInStageCallback
                0x0000000008009f40       0x10 Src/usbd_conf.o
                0x0000000008009f40                HAL_PCD_DataInStageCallback
 .text.HAL_PCD_SOFCallback
                0x0000000008009f50        0x8 Src/usbd_conf.o
                0x0000000008009f50                HAL_PCD_SOFCallback
 .text.HAL_PCD_ResetCallback
                0x0000000008009f58       0x1c Src/usbd_conf.o
                0x0000000008009f58                HAL_PCD_ResetCallback
 .text.HAL_PCD_SuspendCallback
                0x0000000008009f74       0x20 Src/usbd_conf.o
                0x0000000008009f74                HAL_PCD_SuspendCallback
 .text.HAL_PCD_ResumeCallback
                0x0000000008009f94        0x8 Src/usbd_conf.o
                0x0000000008009f94                HAL_PCD_ResumeCallback
 .text.USBD_LL_Init
                0x0000000008009f9c       0x90 Src/usbd_conf.o
                0x0000000008009f9c                USBD_LL_Init
 .text.USBD_LL_Start
                0x000000000800a02c       0x1c Src/usbd_conf.o
                0x000000000800a02c                USBD_LL_Start
 .text.USBD_LL_OpenEP
                0x000000000800a048       0x20 Src/usbd_conf.o
                0x000000000800a048                USBD_LL_OpenEP
 .text.USBD_LL_CloseEP
                0x000000000800a068       0x1c Src/usbd_conf.o
                0x000000000800a068                USBD_LL_CloseEP
 .text.USBD_LL_StallEP
                0x000000000800a084       0x1c Src/usbd_conf.o
                0x000000000800a084                USBD_LL_StallEP
 .text.USBD_LL_ClearStallEP
                0x000000000800a0a0       0x1c Src/usbd_conf.o
                0x000000000800a0a0                USBD_LL_ClearStallEP
 .text.USBD_LL_IsStallEP
                0x000000000800a0bc       0x20 Src/usbd_conf.o
                0x000000000800a0bc                USBD_LL_IsStallEP
 .text.USBD_LL_SetUSBAddress
                0x000000000800a0dc       0x1c Src/usbd_conf.o
                0x000000000800a0dc                USBD_LL_SetUSBAddress
 .text.USBD_LL_Transmit
                0x000000000800a0f8       0x1c Src/usbd_conf.o
                0x000000000800a0f8                USBD_LL_Transmit
 .text.USBD_LL_PrepareReceive
                0x000000000800a114       0x1c Src/usbd_conf.o
                0x000000000800a114                USBD_LL_PrepareReceive
 .text.USBD_LL_GetRxDataSize
                0x000000000800a130        0xc Src/usbd_conf.o
                0x000000000800a130                USBD_LL_GetRxDataSize
 .text.USBD_static_malloc
                0x000000000800a13c        0x8 Src/usbd_conf.o
                0x000000000800a13c                USBD_static_malloc
 .text.USBD_static_free
                0x000000000800a144        0x4 Src/usbd_conf.o
                0x000000000800a144                USBD_static_free
 .text.HAL_PCDEx_SetConnectionState
                0x000000000800a148        0x4 Src/usbd_conf.o
                0x000000000800a148                HAL_PCDEx_SetConnectionState
 .text.USBD_FS_DeviceDescriptor
                0x000000000800a14c        0xc Src/usbd_desc.o
                0x000000000800a14c                USBD_FS_DeviceDescriptor
 .text.USBD_FS_LangIDStrDescriptor
                0x000000000800a158        0xc Src/usbd_desc.o
                0x000000000800a158                USBD_FS_LangIDStrDescriptor
 .text.USBD_FS_ManufacturerStrDescriptor
                0x000000000800a164       0x1c Src/usbd_desc.o
                0x000000000800a164                USBD_FS_ManufacturerStrDescriptor
 .text.USBD_FS_ProductStrDescriptor
                0x000000000800a180       0x1c Src/usbd_desc.o
                0x000000000800a180                USBD_FS_ProductStrDescriptor
 .text.USBD_FS_SerialStrDescriptor
                0x000000000800a19c       0x1c Src/usbd_desc.o
                0x000000000800a19c                USBD_FS_SerialStrDescriptor
 .text.USBD_FS_ConfigStrDescriptor
                0x000000000800a1b8       0x1c Src/usbd_desc.o
                0x000000000800a1b8                USBD_FS_ConfigStrDescriptor
 .text.USBD_FS_InterfaceStrDescriptor
                0x000000000800a1d4       0x1c Src/usbd_desc.o
                0x000000000800a1d4                USBD_FS_InterfaceStrDescriptor
 .text.Reset_Handler
                0x000000000800a1f0       0x48 startup/startup_stm32f103xe.o
                0x000000000800a1f0                Reset_Handler
 .text.Default_Handler
                0x000000000800a238        0x2 startup/startup_stm32f103xe.o
                0x000000000800a238                RTC_Alarm_IRQHandler
                0x000000000800a238                EXTI2_IRQHandler
                0x000000000800a238                TIM8_TRG_COM_IRQHandler
                0x000000000800a238                TIM8_CC_IRQHandler
                0x000000000800a238                TIM1_CC_IRQHandler
                0x000000000800a238                TIM6_IRQHandler
                0x000000000800a238                PVD_IRQHandler
                0x000000000800a238                SDIO_IRQHandler
                0x000000000800a238                EXTI3_IRQHandler
                0x000000000800a238                EXTI0_IRQHandler
                0x000000000800a238                I2C2_EV_IRQHandler
                0x000000000800a238                ADC1_2_IRQHandler
                0x000000000800a238                SPI1_IRQHandler
                0x000000000800a238                TAMPER_IRQHandler
                0x000000000800a238                TIM8_UP_IRQHandler
                0x000000000800a238                USART3_IRQHandler
                0x000000000800a238                RTC_IRQHandler
                0x000000000800a238                DMA1_Channel7_IRQHandler
                0x000000000800a238                CAN1_RX1_IRQHandler
                0x000000000800a238                UART5_IRQHandler
                0x000000000800a238                ADC3_IRQHandler
                0x000000000800a238                TIM4_IRQHandler
                0x000000000800a238                I2C1_EV_IRQHandler
                0x000000000800a238                DMA1_Channel6_IRQHandler
                0x000000000800a238                UART4_IRQHandler
                0x000000000800a238                RCC_IRQHandler
                0x000000000800a238                TIM1_TRG_COM_IRQHandler
                0x000000000800a238                DMA1_Channel1_IRQHandler
                0x000000000800a238                Default_Handler
                0x000000000800a238                EXTI15_10_IRQHandler
                0x000000000800a238                TIM7_IRQHandler
                0x000000000800a238                TIM5_IRQHandler
                0x000000000800a238                EXTI9_5_IRQHandler
                0x000000000800a238                SPI2_IRQHandler
                0x000000000800a238                EXTI4_IRQHandler
                0x000000000800a238                USB_HP_CAN1_TX_IRQHandler
                0x000000000800a238                DMA1_Channel3_IRQHandler
                0x000000000800a238                FSMC_IRQHandler
                0x000000000800a238                TIM1_UP_IRQHandler
                0x000000000800a238                WWDG_IRQHandler
                0x000000000800a238                TIM2_IRQHandler
                0x000000000800a238                TIM1_BRK_IRQHandler
                0x000000000800a238                EXTI1_IRQHandler
                0x000000000800a238                USART2_IRQHandler
                0x000000000800a238                I2C2_ER_IRQHandler
                0x000000000800a238                DMA1_Channel2_IRQHandler
                0x000000000800a238                TIM8_BRK_IRQHandler
                0x000000000800a238                CAN1_SCE_IRQHandler
                0x000000000800a238                FLASH_IRQHandler
                0x000000000800a238                USART1_IRQHandler
                0x000000000800a238                SPI3_IRQHandler
                0x000000000800a238                I2C1_ER_IRQHandler
                0x000000000800a238                USBWakeUp_IRQHandler
                0x000000000800a238                DMA2_Channel3_IRQHandler
 *fill*         0x000000000800a23a        0x2 
 .text.__libc_init_array
                0x000000000800a23c       0x48 /home/opt/Ac6/SystemWorkbench/plugins/fr.ac6.mcu.externaltools.arm-none.linux64_1.15.0.201708311556/tools/compiler/bin/../lib/gcc/arm-none-eabi/6.3.1/../../../../arm-none-eabi/lib/thumb/v7-m/libc_nano.a(lib_a-init.o)
                0x000000000800a23c                __libc_init_array
 .text.malloc   0x000000000800a284       0x10 /home/opt/Ac6/SystemWorkbench/plugins/fr.ac6.mcu.externaltools.arm-none.linux64_1.15.0.201708311556/tools/compiler/bin/../lib/gcc/arm-none-eabi/6.3.1/../../../../arm-none-eabi/lib/thumb/v7-m/libc_nano.a(lib_a-malloc.o)
                0x000000000800a284                malloc
 .text.memcpy   0x000000000800a294       0x16 /home/opt/Ac6/SystemWorkbench/plugins/fr.ac6.mcu.externaltools.arm-none.linux64_1.15.0.201708311556/tools/compiler/bin/../lib/gcc/arm-none-eabi/6.3.1/../../../../arm-none-eabi/lib/thumb/v7-m/libc_nano.a(lib_a-memcpy-stub.o)
                0x000000000800a294                memcpy
 .text.memset   0x000000000800a2aa       0x10 /home/opt/Ac6/SystemWorkbench/plugins/fr.ac6.mcu.externaltools.arm-none.linux64_1.15.0.201708311556/tools/compiler/bin/../lib/gcc/arm-none-eabi/6.3.1/../../../../arm-none-eabi/lib/thumb/v7-m/libc_nano.a(lib_a-memset.o)
                0x000000000800a2aa                memset
 *fill*         0x000000000800a2ba        0x2 
 .text._free_r  0x000000000800a2bc       0x98 /home/opt/Ac6/SystemWorkbench/plugins/fr.ac6.mcu.externaltools.arm-none.linux64_1.15.0.201708311556/tools/compiler/bin/../lib/gcc/arm-none-eabi/6.3.1/../../../../arm-none-eabi/lib/thumb/v7-m/libc_nano.a(lib_a-nano-freer.o)
                0x000000000800a2bc                _free_r
 .text._malloc_r
                0x000000000800a354       0xbc /home/opt/Ac6/SystemWorkbench/plugins/fr.ac6.mcu.externaltools.arm-none.linux64_1.15.0.201708311556/tools/compiler/bin/../lib/gcc/arm-none-eabi/6.3.1/../../../../arm-none-eabi/lib/thumb/v7-m/libc_nano.a(lib_a-nano-mallocr.o)
                0x000000000800a354                _malloc_r
 .text.realloc  0x000000000800a410       0x10 /home/opt/Ac6/SystemWorkbench/plugins/fr.ac6.mcu.externaltools.arm-none.linux64_1.15.0.201708311556/tools/compiler/bin/../lib/gcc/arm-none-eabi/6.3.1/../../../../arm-none-eabi/lib/thumb/v7-m/libc_nano.a(lib_a-realloc.o)
                0x000000000800a410                realloc
 .text._sbrk_r  0x000000000800a420       0x20 /home/opt/Ac6/SystemWorkbench/plugins/fr.ac6.mcu.externaltools.arm-none.linux64_1.15.0.201708311556/tools/compiler/bin/../lib/gcc/arm-none-eabi/6.3.1/../../../../arm-none-eabi/lib/thumb/v7-m/libc_nano.a(lib_a-sbrkr.o)
                0x000000000800a420                _sbrk_r
 .text.sprintf  0x000000000800a440       0x48 /home/opt/Ac6/SystemWorkbench/plugins/fr.ac6.mcu.externaltools.arm-none.linux64_1.15.0.201708311556/tools/compiler/bin/../lib/gcc/arm-none-eabi/6.3.1/../../../../arm-none-eabi/lib/thumb/v7-m/libc_nano.a(lib_a-sprintf.o)
                0x000000000800a440                sprintf
                0x000000000800a440                siprintf
 .text.strcpy   0x000000000800a488       0x10 /home/opt/Ac6/SystemWorkbench/plugins/fr.ac6.mcu.externaltools.arm-none.linux64_1.15.0.201708311556/tools/compiler/bin/../lib/gcc/arm-none-eabi/6.3.1/../../../../arm-none-eabi/lib/thumb/v7-m/libc_nano.a(lib_a-strcpy.o)
                0x000000000800a488                strcpy
 .text.__malloc_lock
                0x000000000800a498        0x2 /home/opt/Ac6/SystemWorkbench/plugins/fr.ac6.mcu.externaltools.arm-none.linux64_1.15.0.201708311556/tools/compiler/bin/../lib/gcc/arm-none-eabi/6.3.1/../../../../arm-none-eabi/lib/thumb/v7-m/libc_nano.a(lib_a-mlock.o)
                0x000000000800a498                __malloc_lock
 .text.__malloc_unlock
                0x000000000800a49a        0x2 /home/opt/Ac6/SystemWorkbench/plugins/fr.ac6.mcu.externaltools.arm-none.linux64_1.15.0.201708311556/tools/compiler/bin/../lib/gcc/arm-none-eabi/6.3.1/../../../../arm-none-eabi/lib/thumb/v7-m/libc_nano.a(lib_a-mlock.o)
                0x000000000800a49a                __malloc_unlock
 .text._realloc_r
                0x000000000800a49c       0x4c /home/opt/Ac6/SystemWorkbench/plugins/fr.ac6.mcu.externaltools.arm-none.linux64_1.15.0.201708311556/tools/compiler/bin/../lib/gcc/arm-none-eabi/6.3.1/../../../../arm-none-eabi/lib/thumb/v7-m/libc_nano.a(lib_a-nano-reallocr.o)
                0x000000000800a49c                _realloc_r
 .text.__ssputs_r
                0x000000000800a4e8       0xb6 /home/opt/Ac6/SystemWorkbench/plugins/fr.ac6.mcu.externaltools.arm-none.linux64_1.15.0.201708311556/tools/compiler/bin/../lib/gcc/arm-none-eabi/6.3.1/../../../../arm-none-eabi/lib/thumb/v7-m/libc_nano.a(lib_a-nano-svfprintf.o)
                0x000000000800a4e8                __ssputs_r
 *fill*         0x000000000800a59e        0x2 
 .text._svfprintf_r
                0x000000000800a5a0      0x1e8 /home/opt/Ac6/SystemWorkbench/plugins/fr.ac6.mcu.externaltools.arm-none.linux64_1.15.0.201708311556/tools/compiler/bin/../lib/gcc/arm-none-eabi/6.3.1/../../../../arm-none-eabi/lib/thumb/v7-m/libc_nano.a(lib_a-nano-svfprintf.o)
                0x000000000800a5a0                _svfprintf_r
                0x000000000800a5a0                _svfiprintf_r
 .text._printf_common
                0x000000000800a788       0xee /home/opt/Ac6/SystemWorkbench/plugins/fr.ac6.mcu.externaltools.arm-none.linux64_1.15.0.201708311556/tools/compiler/bin/../lib/gcc/arm-none-eabi/6.3.1/../../../../arm-none-eabi/lib/thumb/v7-m/libc_nano.a(lib_a-nano-vfprintf_i.o)
                0x000000000800a788                _printf_common
 *fill*         0x000000000800a876        0x2 
 .text._printf_i
                0x000000000800a878      0x240 /home/opt/Ac6/SystemWorkbench/plugins/fr.ac6.mcu.externaltools.arm-none.linux64_1.15.0.201708311556/tools/compiler/bin/../lib/gcc/arm-none-eabi/6.3.1/../../../../arm-none-eabi/lib/thumb/v7-m/libc_nano.a(lib_a-nano-vfprintf_i.o)
                0x000000000800a878                _printf_i
 .text.memchr   0x000000000800aab8       0x1c /home/opt/Ac6/SystemWorkbench/plugins/fr.ac6.mcu.externaltools.arm-none.linux64_1.15.0.201708311556/tools/compiler/bin/../lib/gcc/arm-none-eabi/6.3.1/../../../../arm-none-eabi/lib/thumb/v7-m/libc_nano.a(lib_a-memchr-stub.o)
                0x000000000800aab8                memchr
 .text.memmove  0x000000000800aad4       0x34 /home/opt/Ac6/SystemWorkbench/plugins/fr.ac6.mcu.externaltools.arm-none.linux64_1.15.0.201708311556/tools/compiler/bin/../lib/gcc/arm-none-eabi/6.3.1/../../../../arm-none-eabi/lib/thumb/v7-m/libc_nano.a(lib_a-memmove.o)
                0x000000000800aad4                memmove
 .text._malloc_usable_size_r
                0x000000000800ab08       0x12 /home/opt/Ac6/SystemWorkbench/plugins/fr.ac6.mcu.externaltools.arm-none.linux64_1.15.0.201708311556/tools/compiler/bin/../lib/gcc/arm-none-eabi/6.3.1/../../../../arm-none-eabi/lib/thumb/v7-m/libc_nano.a(lib_a-nano-msizer.o)
                0x000000000800ab08                _malloc_usable_size_r
 *fill*         0x000000000800ab1a        0x2 
 .text._sbrk    0x000000000800ab1c       0x1c /home/opt/Ac6/SystemWorkbench/plugins/fr.ac6.mcu.externaltools.arm-none.linux64_1.15.0.201708311556/tools/compiler/bin/../lib/gcc/arm-none-eabi/6.3.1/../../../../arm-none-eabi/lib/thumb/v7-m/libnosys.a(sbrk.o)
                0x000000000800ab1c                _sbrk
 *(.glue_7)
 .glue_7        0x000000000800ab38        0x0 linker stubs
 *(.glue_7t)
 .glue_7t       0x000000000800ab38        0x0 linker stubs
 *(.eh_frame)
 .eh_frame      0x000000000800ab38        0x0 /home/opt/Ac6/SystemWorkbench/plugins/fr.ac6.mcu.externaltools.arm-none.linux64_1.15.0.201708311556/tools/compiler/bin/../lib/gcc/arm-none-eabi/6.3.1/thumb/v7-m/crtbegin.o
 *(.init)
 .init          0x000000000800ab38        0x4 /home/opt/Ac6/SystemWorkbench/plugins/fr.ac6.mcu.externaltools.arm-none.linux64_1.15.0.201708311556/tools/compiler/bin/../lib/gcc/arm-none-eabi/6.3.1/thumb/v7-m/crti.o
                0x000000000800ab38                _init
 .init          0x000000000800ab3c        0x8 /home/opt/Ac6/SystemWorkbench/plugins/fr.ac6.mcu.externaltools.arm-none.linux64_1.15.0.201708311556/tools/compiler/bin/../lib/gcc/arm-none-eabi/6.3.1/thumb/v7-m/crtn.o
 *(.fini)
 .fini          0x000000000800ab44        0x4 /home/opt/Ac6/SystemWorkbench/plugins/fr.ac6.mcu.externaltools.arm-none.linux64_1.15.0.201708311556/tools/compiler/bin/../lib/gcc/arm-none-eabi/6.3.1/thumb/v7-m/crti.o
                0x000000000800ab44                _fini
 .fini          0x000000000800ab48        0x8 /home/opt/Ac6/SystemWorkbench/plugins/fr.ac6.mcu.externaltools.arm-none.linux64_1.15.0.201708311556/tools/compiler/bin/../lib/gcc/arm-none-eabi/6.3.1/thumb/v7-m/crtn.o
                0x000000000800ab50                . = ALIGN (0x4)
                0x000000000800ab50                _etext = .

.vfp11_veneer   0x000000000800ab50        0x0
 .vfp11_veneer  0x000000000800ab50        0x0 linker stubs

.v4_bx          0x000000000800ab50        0x0
 .v4_bx         0x000000000800ab50        0x0 linker stubs

.iplt           0x000000000800ab50        0x0
 .iplt          0x000000000800ab50        0x0 /home/opt/Ac6/SystemWorkbench/plugins/fr.ac6.mcu.externaltools.arm-none.linux64_1.15.0.201708311556/tools/compiler/bin/../lib/gcc/arm-none-eabi/6.3.1/thumb/v7-m/crtbegin.o

.rodata         0x000000000800ab50      0x90c
                0x000000000800ab50                . = ALIGN (0x4)
 *(.rodata)
 .rodata        0x000000000800ab50       0x10 Drivers/STM32F1xx_HAL_Driver/Src/stm32f1xx_hal_rcc.o
 .rodata        0x000000000800ab60       0x10 Drivers/STM32F1xx_HAL_Driver/Src/stm32f1xx_hal_rcc_ex.o
 .rodata        0x000000000800ab70       0x96 Middlewares/Third_Party/FatFs/src/ff.o
 *fill*         0x000000000800ac06        0x2 
 .rodata        0x000000000800ac08       0x14 Middlewares/Third_Party/FatFs/src/drivers/sd_diskio.o
                0x000000000800ac08                SD_Driver
 .rodata        0x000000000800ac1c      0x516 Src/main.o
                0x000000000800ac1c                sym
                0x000000000800b11c                cmd_read_current
                0x000000000800b120                cmd_read_voltage
                0x000000000800b12c                cmd_read
 *fill*         0x000000000800b132        0x2 
 .rodata        0x000000000800b134       0x18 Src/system_stm32f1xx.o
                0x000000000800b134                AHBPrescTable
                0x000000000800b144                APBPrescTable
 .rodata        0x000000000800b14c        0x4 Src/usbd_conf.o
 *(.rodata*)
 .rodata.str1.4
                0x000000000800b150       0x44 Middlewares/Third_Party/FatFs/src/ff.o
 .rodata.str1.4
                0x000000000800b194      0x21d Src/main.o
 *fill*         0x000000000800b3b1        0x3 
 .rodata.str1.4
                0x000000000800b3b4       0x1b Src/stm32f1xx_hal_msp.o
 *fill*         0x000000000800b3cf        0x1 
 .rodata.str1.4
                0x000000000800b3d0       0x13 Src/usbd_conf.o
 *fill*         0x000000000800b3e3        0x1 
 .rodata.str1.4
                0x000000000800b3e4       0x44 Src/usbd_desc.o
                                         0x42 (size before relaxing)
 .rodata._svfprintf_r.str1.1
                0x000000000800b428       0x11 /home/opt/Ac6/SystemWorkbench/plugins/fr.ac6.mcu.externaltools.arm-none.linux64_1.15.0.201708311556/tools/compiler/bin/../lib/gcc/arm-none-eabi/6.3.1/../../../../arm-none-eabi/lib/thumb/v7-m/libc_nano.a(lib_a-nano-svfprintf.o)
 .rodata._printf_i.str1.1
                0x000000000800b439       0x22 /home/opt/Ac6/SystemWorkbench/plugins/fr.ac6.mcu.externaltools.arm-none.linux64_1.15.0.201708311556/tools/compiler/bin/../lib/gcc/arm-none-eabi/6.3.1/../../../../arm-none-eabi/lib/thumb/v7-m/libc_nano.a(lib_a-nano-vfprintf_i.o)
                0x000000000800b45c                . = ALIGN (0x4)
 *fill*         0x000000000800b45b        0x1 

.rel.dyn        0x000000000800b45c        0x0
 .rel.iplt      0x000000000800b45c        0x0 /home/opt/Ac6/SystemWorkbench/plugins/fr.ac6.mcu.externaltools.arm-none.linux64_1.15.0.201708311556/tools/compiler/bin/../lib/gcc/arm-none-eabi/6.3.1/thumb/v7-m/crtbegin.o

.ARM.extab
 *(.ARM.extab* .gnu.linkonce.armextab.*)

.ARM            0x000000000800b45c        0x0
                0x000000000800b45c                __exidx_start = .
 *(.ARM.exidx*)
                0x000000000800b45c                __exidx_end = .

.preinit_array  0x000000000800b45c        0x0
                0x000000000800b45c                PROVIDE (__preinit_array_start, .)
 *(.preinit_array*)
                0x000000000800b45c                PROVIDE (__preinit_array_end, .)

.init_array     0x000000000800b45c        0x4
                0x000000000800b45c                PROVIDE (__init_array_start, .)
 *(SORT(.init_array.*))
 *(.init_array*)
 .init_array    0x000000000800b45c        0x4 /home/opt/Ac6/SystemWorkbench/plugins/fr.ac6.mcu.externaltools.arm-none.linux64_1.15.0.201708311556/tools/compiler/bin/../lib/gcc/arm-none-eabi/6.3.1/thumb/v7-m/crtbegin.o
                0x000000000800b460                PROVIDE (__init_array_end, .)

.fini_array     0x000000000800b460        0x4
                [!provide]                        PROVIDE (__fini_array_start, .)
 *(SORT(.fini_array.*))
 *(.fini_array*)
 .fini_array    0x000000000800b460        0x4 /home/opt/Ac6/SystemWorkbench/plugins/fr.ac6.mcu.externaltools.arm-none.linux64_1.15.0.201708311556/tools/compiler/bin/../lib/gcc/arm-none-eabi/6.3.1/thumb/v7-m/crtbegin.o
                [!provide]                        PROVIDE (__fini_array_end, .)
                0x000000000800b464                _sidata = LOADADDR (.data)

.data           0x0000000020000000      0x218 load address 0x000000000800b464
                0x0000000020000000                . = ALIGN (0x4)
                0x0000000020000000                _sdata = .
 *(.data)
 .data          0x0000000020000000        0x8 Drivers/STM32F1xx_HAL_Driver/Src/stm32f1xx_hal.o
                0x0000000020000000                uwTickFreq
                0x0000000020000004                uwTickPrio
 .data          0x0000000020000008      0x110 Middlewares/ST/STM32_USB_Device_Library/Class/CDC/Src/usbd_cdc.o
                0x0000000020000008                USBD_CDC_CfgFSDesc
                0x000000002000004c                USBD_CDC_CfgHSDesc
                0x0000000020000090                USBD_CDC_OtherSpeedCfgDesc
                0x00000000200000e0                USBD_CDC
 .data          0x0000000020000118        0x1 Middlewares/Third_Party/FatFs/src/drivers/sd_diskio.o
 *fill*         0x0000000020000119        0x3 
 .data          0x000000002000011c       0x50 Src/main.o
                0x000000002000011c                errMsg
 .data          0x000000002000016c        0x4 Src/system_stm32f1xx.o
                0x000000002000016c                SystemCoreClock
 .data          0x0000000020000170       0x10 Src/usbd_cdc_if.o
                0x0000000020000170                USBD_Interface_fops_FS
 .data          0x0000000020000180       0x34 Src/usbd_desc.o
                0x0000000020000180                USBD_FS_DeviceDesc
                0x0000000020000194                USBD_LangIDDesc
                0x0000000020000198                FS_Desc
 *(.data*)
 .data._impure_ptr
                0x00000000200001b4        0x4 /home/opt/Ac6/SystemWorkbench/plugins/fr.ac6.mcu.externaltools.arm-none.linux64_1.15.0.201708311556/tools/compiler/bin/../lib/gcc/arm-none-eabi/6.3.1/../../../../arm-none-eabi/lib/thumb/v7-m/libc_nano.a(lib_a-impure.o)
                0x00000000200001b4                _impure_ptr
 .data.impure_data
                0x00000000200001b8       0x60 /home/opt/Ac6/SystemWorkbench/plugins/fr.ac6.mcu.externaltools.arm-none.linux64_1.15.0.201708311556/tools/compiler/bin/../lib/gcc/arm-none-eabi/6.3.1/../../../../arm-none-eabi/lib/thumb/v7-m/libc_nano.a(lib_a-impure.o)
                0x0000000020000218                . = ALIGN (0x4)
                0x0000000020000218                _edata = .

.jcr            0x0000000020000218        0x0 load address 0x000000000800b67c
 .jcr           0x0000000020000218        0x0 /home/opt/Ac6/SystemWorkbench/plugins/fr.ac6.mcu.externaltools.arm-none.linux64_1.15.0.201708311556/tools/compiler/bin/../lib/gcc/arm-none-eabi/6.3.1/thumb/v7-m/crtbegin.o

.igot.plt       0x0000000020000218        0x0 load address 0x000000000800b67c
 .igot.plt      0x0000000020000218        0x0 /home/opt/Ac6/SystemWorkbench/plugins/fr.ac6.mcu.externaltools.arm-none.linux64_1.15.0.201708311556/tools/compiler/bin/../lib/gcc/arm-none-eabi/6.3.1/thumb/v7-m/crtbegin.o
                0x0000000020000218                . = ALIGN (0x4)

.bss            0x0000000020000218     0x2000 load address 0x000000000800b67c
                0x0000000020000218                _sbss = .
                0x0000000020000218                __bss_start__ = _sbss
 *(.bss)
 .bss           0x0000000020000218       0x1c /home/opt/Ac6/SystemWorkbench/plugins/fr.ac6.mcu.externaltools.arm-none.linux64_1.15.0.201708311556/tools/compiler/bin/../lib/gcc/arm-none-eabi/6.3.1/thumb/v7-m/crtbegin.o
 .bss           0x0000000020000234        0x1 Middlewares/ST/STM32_USB_Device_Library/Class/CDC/Src/usbd_cdc.o
 .bss           0x0000000020000235        0x1 Middlewares/ST/STM32_USB_Device_Library/Core/Src/usbd_ctlreq.o
 *fill*         0x0000000020000236        0x2 
 .bss           0x0000000020000238       0x20 Middlewares/Third_Party/FatFs/src/ff.o
 .bss           0x0000000020000258        0xc Middlewares/Third_Party/FatFs/src/ff_gen_drv.o
                0x0000000020000258                disk
 .bss           0x0000000020000264        0xf Src/main.o
                0x0000000020000264                logLCount
                0x0000000020000265                logOldL
                0x0000000020000266                overSampleISum
                0x0000000020000268                overSampleUSum
                0x000000002000026c                isCardHere
                0x0000000020000270                logStartL
                0x0000000020000271                curY
                0x0000000020000272                curX
 *fill*         0x0000000020000273        0x1 
 .bss           0x0000000020000274      0x220 Src/usbd_conf.o
 *(.bss*)
 .bss.__malloc_free_list
                0x0000000020000494        0x4 /home/opt/Ac6/SystemWorkbench/plugins/fr.ac6.mcu.externaltools.arm-none.linux64_1.15.0.201708311556/tools/compiler/bin/../lib/gcc/arm-none-eabi/6.3.1/../../../../arm-none-eabi/lib/thumb/v7-m/libc_nano.a(lib_a-nano-mallocr.o)
                0x0000000020000494                __malloc_free_list
 .bss.__malloc_sbrk_start
                0x0000000020000498        0x4 /home/opt/Ac6/SystemWorkbench/plugins/fr.ac6.mcu.externaltools.arm-none.linux64_1.15.0.201708311556/tools/compiler/bin/../lib/gcc/arm-none-eabi/6.3.1/../../../../arm-none-eabi/lib/thumb/v7-m/libc_nano.a(lib_a-nano-mallocr.o)
                0x0000000020000498                __malloc_sbrk_start
 .bss.heap_end.4116
                0x000000002000049c        0x4 /home/opt/Ac6/SystemWorkbench/plugins/fr.ac6.mcu.externaltools.arm-none.linux64_1.15.0.201708311556/tools/compiler/bin/../lib/gcc/arm-none-eabi/6.3.1/../../../../arm-none-eabi/lib/thumb/v7-m/libnosys.a(sbrk.o)
 *(COMMON)
 COMMON         0x00000000200004a0        0x4 Drivers/STM32F1xx_HAL_Driver/Src/stm32f1xx_hal.o
                0x00000000200004a0                uwTick
 COMMON         0x00000000200004a4      0x464 Src/fatfs.o
                0x00000000200004a4                retSD
                0x00000000200004a8                SDPath
                0x00000000200004ac                SDFile
                0x00000000200006d8                SDFatFS
 COMMON         0x0000000020000908      0x8b8 Src/main.o
                0x0000000020000908                hdma_sdio
                0x000000002000094c                hspi2
                0x00000000200009a4                logL
                0x00000000200009a8                hi2c2
                0x00000000200009fc                hdma_spi2_rx
                0x0000000020000a40                scr
                0x0000000020000e40                rb
                0x0000000020000e54                htim3
                0x0000000020000e94                hspi3
                0x0000000020000eec                logC
                0x0000000020000ef0                hdma_spi3_tx
                0x0000000020000f34                hrtc
                0x0000000020000f48                hsd
                0x0000000020000fcc                hdma_memtomem_dma1_channel1
                0x0000000020001010                logData
                0x00000000200010e0                hspi1
                0x0000000020001138                hdma_spi2_tx
                0x000000002000117c                hdma_spi3_rx
 COMMON         0x00000000200011c0      0x224 Src/usb_device.o
                0x00000000200011c0                hUsbDeviceFS
 COMMON         0x00000000200013e4      0x7d0 Src/usbd_cdc_if.o
                0x00000000200013e4                UserRxBufferFS
                0x00000000200017cc                UserTxBufferFS
 COMMON         0x0000000020001bb4      0x460 Src/usbd_conf.o
                0x0000000020001bb4                hpcd_USB_FS
 COMMON         0x0000000020002014      0x200 Src/usbd_desc.o
                0x0000000020002014                USBD_StrDesc
 COMMON         0x0000000020002214        0x4 /home/opt/Ac6/SystemWorkbench/plugins/fr.ac6.mcu.externaltools.arm-none.linux64_1.15.0.201708311556/tools/compiler/bin/../lib/gcc/arm-none-eabi/6.3.1/../../../../arm-none-eabi/lib/thumb/v7-m/libc_nano.a(lib_a-reent.o)
                0x0000000020002214                errno
                0x0000000020002218                . = ALIGN (0x4)
                0x0000000020002218                _ebss = .
                0x0000000020002218                __bss_end__ = _ebss

._user_heap_stack
                0x0000000020002218      0x600 load address 0x000000000800b67c
                0x0000000020002218                . = ALIGN (0x8)
                0x0000000020002218                PROVIDE (end, .)
                [!provide]                        PROVIDE (_end, .)
                0x0000000020002418                . = (. + _Min_Heap_Size)
 *fill*         0x0000000020002218      0x200 
                0x0000000020002818                . = (. + _Min_Stack_Size)
 *fill*         0x0000000020002418      0x400 
                0x0000000020002818                . = ALIGN (0x8)

/DISCARD/
 libc.a(*)
 libm.a(*)
 libgcc.a(*)

.ARM.attributes
                0x0000000000000000       0x29
 *(.ARM.attributes)
 .ARM.attributes
                0x0000000000000000       0x1d /home/opt/Ac6/SystemWorkbench/plugins/fr.ac6.mcu.externaltools.arm-none.linux64_1.15.0.201708311556/tools/compiler/bin/../lib/gcc/arm-none-eabi/6.3.1/thumb/v7-m/crti.o
 .ARM.attributes
                0x000000000000001d       0x2d /home/opt/Ac6/SystemWorkbench/plugins/fr.ac6.mcu.externaltools.arm-none.linux64_1.15.0.201708311556/tools/compiler/bin/../lib/gcc/arm-none-eabi/6.3.1/thumb/v7-m/crtbegin.o
 .ARM.attributes
                0x000000000000004a       0x33 Drivers/STM32F1xx_HAL_Driver/Src/stm32f1xx_hal.o
 .ARM.attributes
                0x000000000000007d       0x33 Drivers/STM32F1xx_HAL_Driver/Src/stm32f1xx_hal_cortex.o
 .ARM.attributes
                0x00000000000000b0       0x33 Drivers/STM32F1xx_HAL_Driver/Src/stm32f1xx_hal_dma.o
 .ARM.attributes
                0x00000000000000e3       0x33 Drivers/STM32F1xx_HAL_Driver/Src/stm32f1xx_hal_gpio.o
 .ARM.attributes
                0x0000000000000116       0x33 Drivers/STM32F1xx_HAL_Driver/Src/stm32f1xx_hal_i2c.o
 .ARM.attributes
                0x0000000000000149       0x33 Drivers/STM32F1xx_HAL_Driver/Src/stm32f1xx_hal_pcd.o
 .ARM.attributes
                0x000000000000017c       0x33 Drivers/STM32F1xx_HAL_Driver/Src/stm32f1xx_hal_pcd_ex.o
 .ARM.attributes
                0x00000000000001af       0x33 Drivers/STM32F1xx_HAL_Driver/Src/stm32f1xx_hal_pwr.o
 .ARM.attributes
                0x00000000000001e2       0x33 Drivers/STM32F1xx_HAL_Driver/Src/stm32f1xx_hal_rcc.o
 .ARM.attributes
                0x0000000000000215       0x33 Drivers/STM32F1xx_HAL_Driver/Src/stm32f1xx_hal_rcc_ex.o
 .ARM.attributes
                0x0000000000000248       0x33 Drivers/STM32F1xx_HAL_Driver/Src/stm32f1xx_hal_rtc.o
 .ARM.attributes
                0x000000000000027b       0x33 Drivers/STM32F1xx_HAL_Driver/Src/stm32f1xx_hal_sd.o
 .ARM.attributes
                0x00000000000002ae       0x33 Drivers/STM32F1xx_HAL_Driver/Src/stm32f1xx_hal_spi.o
 .ARM.attributes
                0x00000000000002e1       0x33 Drivers/STM32F1xx_HAL_Driver/Src/stm32f1xx_hal_spi_ex.o
 .ARM.attributes
                0x0000000000000314       0x33 Drivers/STM32F1xx_HAL_Driver/Src/stm32f1xx_hal_tim.o
 .ARM.attributes
                0x0000000000000347       0x33 Drivers/STM32F1xx_HAL_Driver/Src/stm32f1xx_hal_tim_ex.o
 .ARM.attributes
                0x000000000000037a       0x33 Drivers/STM32F1xx_HAL_Driver/Src/stm32f1xx_ll_sdmmc.o
 .ARM.attributes
                0x00000000000003ad       0x33 Drivers/STM32F1xx_HAL_Driver/Src/stm32f1xx_ll_usb.o
 .ARM.attributes
                0x00000000000003e0       0x33 Middlewares/ST/STM32_USB_Device_Library/Class/CDC/Src/usbd_cdc.o
 .ARM.attributes
                0x0000000000000413       0x33 Middlewares/ST/STM32_USB_Device_Library/Core/Src/usbd_core.o
 .ARM.attributes
                0x0000000000000446       0x33 Middlewares/ST/STM32_USB_Device_Library/Core/Src/usbd_ctlreq.o
 .ARM.attributes
                0x0000000000000479       0x33 Middlewares/ST/STM32_USB_Device_Library/Core/Src/usbd_ioreq.o
 .ARM.attributes
                0x00000000000004ac       0x33 Middlewares/Third_Party/FatFs/src/diskio.o
 .ARM.attributes
                0x00000000000004df       0x33 Middlewares/Third_Party/FatFs/src/ff.o
 .ARM.attributes
                0x0000000000000512       0x33 Middlewares/Third_Party/FatFs/src/ff_gen_drv.o
 .ARM.attributes
                0x0000000000000545       0x33 Middlewares/Third_Party/FatFs/src/drivers/sd_diskio.o
 .ARM.attributes
                0x0000000000000578       0x33 Src/bsp_driver_sd.o
 .ARM.attributes
                0x00000000000005ab       0x33 Src/buffer.o
 .ARM.attributes
                0x00000000000005de       0x33 Src/fatfs.o
 .ARM.attributes
                0x0000000000000611       0x33 Src/main.o
 .ARM.attributes
                0x0000000000000644       0x33 Src/stm32f1xx_hal_msp.o
 .ARM.attributes
                0x0000000000000677       0x33 Src/stm32f1xx_it.o
 .ARM.attributes
                0x00000000000006aa       0x33 Src/system_stm32f1xx.o
 .ARM.attributes
                0x00000000000006dd       0x33 Src/usb_device.o
 .ARM.attributes
                0x0000000000000710       0x33 Src/usbd_cdc_if.o
 .ARM.attributes
                0x0000000000000743       0x33 Src/usbd_conf.o
 .ARM.attributes
                0x0000000000000776       0x33 Src/usbd_desc.o
 .ARM.attributes
                0x00000000000007a9       0x21 startup/startup_stm32f103xe.o
 .ARM.attributes
                0x00000000000007ca       0x2d /home/opt/Ac6/SystemWorkbench/plugins/fr.ac6.mcu.externaltools.arm-none.linux64_1.15.0.201708311556/tools/compiler/bin/../lib/gcc/arm-none-eabi/6.3.1/../../../../arm-none-eabi/lib/thumb/v7-m/libc_nano.a(lib_a-impure.o)
 .ARM.attributes
                0x00000000000007f7       0x2d /home/opt/Ac6/SystemWorkbench/plugins/fr.ac6.mcu.externaltools.arm-none.linux64_1.15.0.201708311556/tools/compiler/bin/../lib/gcc/arm-none-eabi/6.3.1/../../../../arm-none-eabi/lib/thumb/v7-m/libc_nano.a(lib_a-init.o)
 .ARM.attributes
                0x0000000000000824       0x2d /home/opt/Ac6/SystemWorkbench/plugins/fr.ac6.mcu.externaltools.arm-none.linux64_1.15.0.201708311556/tools/compiler/bin/../lib/gcc/arm-none-eabi/6.3.1/../../../../arm-none-eabi/lib/thumb/v7-m/libc_nano.a(lib_a-malloc.o)
 .ARM.attributes
                0x0000000000000851       0x2d /home/opt/Ac6/SystemWorkbench/plugins/fr.ac6.mcu.externaltools.arm-none.linux64_1.15.0.201708311556/tools/compiler/bin/../lib/gcc/arm-none-eabi/6.3.1/../../../../arm-none-eabi/lib/thumb/v7-m/libc_nano.a(lib_a-memcpy-stub.o)
 .ARM.attributes
                0x000000000000087e       0x2d /home/opt/Ac6/SystemWorkbench/plugins/fr.ac6.mcu.externaltools.arm-none.linux64_1.15.0.201708311556/tools/compiler/bin/../lib/gcc/arm-none-eabi/6.3.1/../../../../arm-none-eabi/lib/thumb/v7-m/libc_nano.a(lib_a-memset.o)
 .ARM.attributes
                0x00000000000008ab       0x2d /home/opt/Ac6/SystemWorkbench/plugins/fr.ac6.mcu.externaltools.arm-none.linux64_1.15.0.201708311556/tools/compiler/bin/../lib/gcc/arm-none-eabi/6.3.1/../../../../arm-none-eabi/lib/thumb/v7-m/libc_nano.a(lib_a-nano-freer.o)
 .ARM.attributes
                0x00000000000008d8       0x2d /home/opt/Ac6/SystemWorkbench/plugins/fr.ac6.mcu.externaltools.arm-none.linux64_1.15.0.201708311556/tools/compiler/bin/../lib/gcc/arm-none-eabi/6.3.1/../../../../arm-none-eabi/lib/thumb/v7-m/libc_nano.a(lib_a-nano-mallocr.o)
 .ARM.attributes
                0x0000000000000905       0x2d /home/opt/Ac6/SystemWorkbench/plugins/fr.ac6.mcu.externaltools.arm-none.linux64_1.15.0.201708311556/tools/compiler/bin/../lib/gcc/arm-none-eabi/6.3.1/../../../../arm-none-eabi/lib/thumb/v7-m/libc_nano.a(lib_a-realloc.o)
 .ARM.attributes
                0x0000000000000932       0x2d /home/opt/Ac6/SystemWorkbench/plugins/fr.ac6.mcu.externaltools.arm-none.linux64_1.15.0.201708311556/tools/compiler/bin/../lib/gcc/arm-none-eabi/6.3.1/../../../../arm-none-eabi/lib/thumb/v7-m/libc_nano.a(lib_a-sbrkr.o)
 .ARM.attributes
                0x000000000000095f       0x2d /home/opt/Ac6/SystemWorkbench/plugins/fr.ac6.mcu.externaltools.arm-none.linux64_1.15.0.201708311556/tools/compiler/bin/../lib/gcc/arm-none-eabi/6.3.1/../../../../arm-none-eabi/lib/thumb/v7-m/libc_nano.a(lib_a-sprintf.o)
 .ARM.attributes
                0x000000000000098c       0x2d /home/opt/Ac6/SystemWorkbench/plugins/fr.ac6.mcu.externaltools.arm-none.linux64_1.15.0.201708311556/tools/compiler/bin/../lib/gcc/arm-none-eabi/6.3.1/../../../../arm-none-eabi/lib/thumb/v7-m/libc_nano.a(lib_a-strcpy.o)
 .ARM.attributes
                0x00000000000009b9       0x2d /home/opt/Ac6/SystemWorkbench/plugins/fr.ac6.mcu.externaltools.arm-none.linux64_1.15.0.201708311556/tools/compiler/bin/../lib/gcc/arm-none-eabi/6.3.1/../../../../arm-none-eabi/lib/thumb/v7-m/libc_nano.a(lib_a-mlock.o)
 .ARM.attributes
                0x00000000000009e6       0x2d /home/opt/Ac6/SystemWorkbench/plugins/fr.ac6.mcu.externaltools.arm-none.linux64_1.15.0.201708311556/tools/compiler/bin/../lib/gcc/arm-none-eabi/6.3.1/../../../../arm-none-eabi/lib/thumb/v7-m/libc_nano.a(lib_a-nano-reallocr.o)
 .ARM.attributes
                0x0000000000000a13       0x2d /home/opt/Ac6/SystemWorkbench/plugins/fr.ac6.mcu.externaltools.arm-none.linux64_1.15.0.201708311556/tools/compiler/bin/../lib/gcc/arm-none-eabi/6.3.1/../../../../arm-none-eabi/lib/thumb/v7-m/libc_nano.a(lib_a-nano-svfprintf.o)
 .ARM.attributes
                0x0000000000000a40       0x2d /home/opt/Ac6/SystemWorkbench/plugins/fr.ac6.mcu.externaltools.arm-none.linux64_1.15.0.201708311556/tools/compiler/bin/../lib/gcc/arm-none-eabi/6.3.1/../../../../arm-none-eabi/lib/thumb/v7-m/libc_nano.a(lib_a-nano-vfprintf_i.o)
 .ARM.attributes
                0x0000000000000a6d       0x2d /home/opt/Ac6/SystemWorkbench/plugins/fr.ac6.mcu.externaltools.arm-none.linux64_1.15.0.201708311556/tools/compiler/bin/../lib/gcc/arm-none-eabi/6.3.1/../../../../arm-none-eabi/lib/thumb/v7-m/libc_nano.a(lib_a-reent.o)
 .ARM.attributes
                0x0000000000000a9a       0x2d /home/opt/Ac6/SystemWorkbench/plugins/fr.ac6.mcu.externaltools.arm-none.linux64_1.15.0.201708311556/tools/compiler/bin/../lib/gcc/arm-none-eabi/6.3.1/../../../../arm-none-eabi/lib/thumb/v7-m/libc_nano.a(lib_a-memchr-stub.o)
 .ARM.attributes
                0x0000000000000ac7       0x2d /home/opt/Ac6/SystemWorkbench/plugins/fr.ac6.mcu.externaltools.arm-none.linux64_1.15.0.201708311556/tools/compiler/bin/../lib/gcc/arm-none-eabi/6.3.1/../../../../arm-none-eabi/lib/thumb/v7-m/libc_nano.a(lib_a-memmove.o)
 .ARM.attributes
                0x0000000000000af4       0x2d /home/opt/Ac6/SystemWorkbench/plugins/fr.ac6.mcu.externaltools.arm-none.linux64_1.15.0.201708311556/tools/compiler/bin/../lib/gcc/arm-none-eabi/6.3.1/../../../../arm-none-eabi/lib/thumb/v7-m/libc_nano.a(lib_a-nano-msizer.o)
 .ARM.attributes
                0x0000000000000b21       0x2d /home/opt/Ac6/SystemWorkbench/plugins/fr.ac6.mcu.externaltools.arm-none.linux64_1.15.0.201708311556/tools/compiler/bin/../lib/gcc/arm-none-eabi/6.3.1/../../../../arm-none-eabi/lib/thumb/v7-m/libnosys.a(sbrk.o)
 .ARM.attributes
                0x0000000000000b4e       0x1d /home/opt/Ac6/SystemWorkbench/plugins/fr.ac6.mcu.externaltools.arm-none.linux64_1.15.0.201708311556/tools/compiler/bin/../lib/gcc/arm-none-eabi/6.3.1/thumb/v7-m/crtn.o
OUTPUT(VoltaBox_V5.elf elf32-littlearm)

.debug_info     0x0000000000000000    0x4118d
 .debug_info    0x0000000000000000     0x1034 Drivers/STM32F1xx_HAL_Driver/Src/stm32f1xx_hal.o
 .debug_info    0x0000000000001034     0x14e3 Drivers/STM32F1xx_HAL_Driver/Src/stm32f1xx_hal_cortex.o
 .debug_info    0x0000000000002517     0x1018 Drivers/STM32F1xx_HAL_Driver/Src/stm32f1xx_hal_dma.o
 .debug_info    0x000000000000352f      0xe90 Drivers/STM32F1xx_HAL_Driver/Src/stm32f1xx_hal_gpio.o
 .debug_info    0x00000000000043bf     0x40d1 Drivers/STM32F1xx_HAL_Driver/Src/stm32f1xx_hal_i2c.o
 .debug_info    0x0000000000008490     0x1af6 Drivers/STM32F1xx_HAL_Driver/Src/stm32f1xx_hal_pcd.o
 .debug_info    0x0000000000009f86      0xe0f Drivers/STM32F1xx_HAL_Driver/Src/stm32f1xx_hal_pcd_ex.o
 .debug_info    0x000000000000ad95      0xf68 Drivers/STM32F1xx_HAL_Driver/Src/stm32f1xx_hal_pwr.o
 .debug_info    0x000000000000bcfd     0x1287 Drivers/STM32F1xx_HAL_Driver/Src/stm32f1xx_hal_rcc.o
 .debug_info    0x000000000000cf84      0xc96 Drivers/STM32F1xx_HAL_Driver/Src/stm32f1xx_hal_rcc_ex.o
 .debug_info    0x000000000000dc1a     0x323c Drivers/STM32F1xx_HAL_Driver/Src/stm32f1xx_hal_rtc.o
 .debug_info    0x0000000000010e56     0x2cd5 Drivers/STM32F1xx_HAL_Driver/Src/stm32f1xx_hal_sd.o
 .debug_info    0x0000000000013b2b     0x2912 Drivers/STM32F1xx_HAL_Driver/Src/stm32f1xx_hal_spi.o
 .debug_info    0x000000000001643d      0xe35 Drivers/STM32F1xx_HAL_Driver/Src/stm32f1xx_hal_spi_ex.o
 .debug_info    0x0000000000017272     0x42b7 Drivers/STM32F1xx_HAL_Driver/Src/stm32f1xx_hal_tim.o
 .debug_info    0x000000000001b529     0x1b3d Drivers/STM32F1xx_HAL_Driver/Src/stm32f1xx_hal_tim_ex.o
 .debug_info    0x000000000001d066     0x28a1 Drivers/STM32F1xx_HAL_Driver/Src/stm32f1xx_ll_sdmmc.o
 .debug_info    0x000000000001f907     0x17d8 Drivers/STM32F1xx_HAL_Driver/Src/stm32f1xx_ll_usb.o
 .debug_info    0x00000000000210df     0x1595 Middlewares/ST/STM32_USB_Device_Library/Class/CDC/Src/usbd_cdc.o
 .debug_info    0x0000000000022674     0x148a Middlewares/ST/STM32_USB_Device_Library/Core/Src/usbd_core.o
 .debug_info    0x0000000000023afe     0x161d Middlewares/ST/STM32_USB_Device_Library/Core/Src/usbd_ctlreq.o
 .debug_info    0x000000000002511b      0xfd9 Middlewares/ST/STM32_USB_Device_Library/Core/Src/usbd_ioreq.o
 .debug_info    0x00000000000260f4      0xccd Middlewares/Third_Party/FatFs/src/diskio.o
 .debug_info    0x0000000000026dc1     0x91bc Middlewares/Third_Party/FatFs/src/ff.o
 .debug_info    0x000000000002ff7d      0xd9f Middlewares/Third_Party/FatFs/src/ff_gen_drv.o
 .debug_info    0x0000000000030d1c      0xec3 Middlewares/Third_Party/FatFs/src/drivers/sd_diskio.o
 .debug_info    0x0000000000031bdf     0x1418 Src/bsp_driver_sd.o
 .debug_info    0x0000000000032ff7      0x223 Src/buffer.o
 .debug_info    0x000000000003321a      0xd81 Src/fatfs.o
 .debug_info    0x0000000000033f9b     0x41f1 Src/main.o
 .debug_info    0x000000000003818c     0x2239 Src/stm32f1xx_hal_msp.o
 .debug_info    0x000000000003a3c5     0x1396 Src/stm32f1xx_it.o
 .debug_info    0x000000000003b75b      0xc1b Src/system_stm32f1xx.o
 .debug_info    0x000000000003c376      0xe94 Src/usb_device.o
 .debug_info    0x000000000003d20a     0x10a4 Src/usbd_cdc_if.o
 .debug_info    0x000000000003e2ae     0x20da Src/usbd_conf.o
 .debug_info    0x0000000000040388      0xd8e Src/usbd_desc.o
 .debug_info    0x0000000000041116       0x77 startup/startup_stm32f103xe.o

.debug_abbrev   0x0000000000000000     0x73fc
 .debug_abbrev  0x0000000000000000      0x343 Drivers/STM32F1xx_HAL_Driver/Src/stm32f1xx_hal.o
 .debug_abbrev  0x0000000000000343      0x3bc Drivers/STM32F1xx_HAL_Driver/Src/stm32f1xx_hal_cortex.o
 .debug_abbrev  0x00000000000006ff      0x2ec Drivers/STM32F1xx_HAL_Driver/Src/stm32f1xx_hal_dma.o
 .debug_abbrev  0x00000000000009eb      0x2a3 Drivers/STM32F1xx_HAL_Driver/Src/stm32f1xx_hal_gpio.o
 .debug_abbrev  0x0000000000000c8e      0x41b Drivers/STM32F1xx_HAL_Driver/Src/stm32f1xx_hal_i2c.o
 .debug_abbrev  0x00000000000010a9      0x3fc Drivers/STM32F1xx_HAL_Driver/Src/stm32f1xx_hal_pcd.o
 .debug_abbrev  0x00000000000014a5      0x230 Drivers/STM32F1xx_HAL_Driver/Src/stm32f1xx_hal_pcd_ex.o
 .debug_abbrev  0x00000000000016d5      0x2c5 Drivers/STM32F1xx_HAL_Driver/Src/stm32f1xx_hal_pwr.o
 .debug_abbrev  0x000000000000199a      0x3c3 Drivers/STM32F1xx_HAL_Driver/Src/stm32f1xx_hal_rcc.o
 .debug_abbrev  0x0000000000001d5d      0x2be Drivers/STM32F1xx_HAL_Driver/Src/stm32f1xx_hal_rcc_ex.o
 .debug_abbrev  0x000000000000201b      0x3b5 Drivers/STM32F1xx_HAL_Driver/Src/stm32f1xx_hal_rtc.o
 .debug_abbrev  0x00000000000023d0      0x3d5 Drivers/STM32F1xx_HAL_Driver/Src/stm32f1xx_hal_sd.o
 .debug_abbrev  0x00000000000027a5      0x3e5 Drivers/STM32F1xx_HAL_Driver/Src/stm32f1xx_hal_spi.o
 .debug_abbrev  0x0000000000002b8a      0x207 Drivers/STM32F1xx_HAL_Driver/Src/stm32f1xx_hal_spi_ex.o
 .debug_abbrev  0x0000000000002d91      0x410 Drivers/STM32F1xx_HAL_Driver/Src/stm32f1xx_hal_tim.o
 .debug_abbrev  0x00000000000031a1      0x37e Drivers/STM32F1xx_HAL_Driver/Src/stm32f1xx_hal_tim_ex.o
 .debug_abbrev  0x000000000000351f      0x38c Drivers/STM32F1xx_HAL_Driver/Src/stm32f1xx_ll_sdmmc.o
 .debug_abbrev  0x00000000000038ab      0x352 Drivers/STM32F1xx_HAL_Driver/Src/stm32f1xx_ll_usb.o
 .debug_abbrev  0x0000000000003bfd      0x312 Middlewares/ST/STM32_USB_Device_Library/Class/CDC/Src/usbd_cdc.o
 .debug_abbrev  0x0000000000003f0f      0x341 Middlewares/ST/STM32_USB_Device_Library/Core/Src/usbd_core.o
 .debug_abbrev  0x0000000000004250      0x3d3 Middlewares/ST/STM32_USB_Device_Library/Core/Src/usbd_ctlreq.o
 .debug_abbrev  0x0000000000004623      0x213 Middlewares/ST/STM32_USB_Device_Library/Core/Src/usbd_ioreq.o
 .debug_abbrev  0x0000000000004836      0x276 Middlewares/Third_Party/FatFs/src/diskio.o
 .debug_abbrev  0x0000000000004aac      0x452 Middlewares/Third_Party/FatFs/src/ff.o
 .debug_abbrev  0x0000000000004efe      0x2e3 Middlewares/Third_Party/FatFs/src/ff_gen_drv.o
 .debug_abbrev  0x00000000000051e1      0x2e6 Middlewares/Third_Party/FatFs/src/drivers/sd_diskio.o
 .debug_abbrev  0x00000000000054c7      0x38e Src/bsp_driver_sd.o
 .debug_abbrev  0x0000000000005855      0x1af Src/buffer.o
 .debug_abbrev  0x0000000000005a04      0x266 Src/fatfs.o
 .debug_abbrev  0x0000000000005c6a      0x51b Src/main.o
 .debug_abbrev  0x0000000000006185      0x2e7 Src/stm32f1xx_hal_msp.o
 .debug_abbrev  0x000000000000646c      0x282 Src/stm32f1xx_it.o
 .debug_abbrev  0x00000000000066ee      0x226 Src/system_stm32f1xx.o
 .debug_abbrev  0x0000000000006914      0x219 Src/usb_device.o
 .debug_abbrev  0x0000000000006b2d      0x2e4 Src/usbd_cdc_if.o
 .debug_abbrev  0x0000000000006e11      0x325 Src/usbd_conf.o
 .debug_abbrev  0x0000000000007136      0x2b4 Src/usbd_desc.o
 .debug_abbrev  0x00000000000073ea       0x12 startup/startup_stm32f103xe.o

.debug_loc      0x0000000000000000    0x2e2d6
 .debug_loc     0x0000000000000000      0x10d Drivers/STM32F1xx_HAL_Driver/Src/stm32f1xx_hal.o
 .debug_loc     0x000000000000010d      0x5dd Drivers/STM32F1xx_HAL_Driver/Src/stm32f1xx_hal_cortex.o
 .debug_loc     0x00000000000006ea      0xacb Drivers/STM32F1xx_HAL_Driver/Src/stm32f1xx_hal_dma.o
 .debug_loc     0x00000000000011b5      0x439 Drivers/STM32F1xx_HAL_Driver/Src/stm32f1xx_hal_gpio.o
 .debug_loc     0x00000000000015ee     0x432c Drivers/STM32F1xx_HAL_Driver/Src/stm32f1xx_hal_i2c.o