Archive member included to satisfy reference by file (symbol)

/home/opt/Ac6/SystemWorkbench/plugins/fr.ac6.mcu.externaltools.arm-none.linux64_1.15.0.201708311556/tools/compiler/bin/../lib/gcc/arm-none-eabi/6.3.1/../../../../arm-none-eabi/lib/thumb/v7-m/libc_nano.a(lib_a-exit.o)
                              /home/opt/Ac6/SystemWorkbench/plugins/fr.ac6.mcu.externaltools.arm-none.linux64_1.15.0.201708311556/tools/compiler/bin/../lib/gcc/arm-none-eabi/6.3.1/../../../../arm-none-eabi/lib/thumb/v7-m/crt0.o (exit)
/home/opt/Ac6/SystemWorkbench/plugins/fr.ac6.mcu.externaltools.arm-none.linux64_1.15.0.201708311556/tools/compiler/bin/../lib/gcc/arm-none-eabi/6.3.1/../../../../arm-none-eabi/lib/thumb/v7-m/libc_nano.a(lib_a-impure.o)
                              /home/opt/Ac6/SystemWorkbench/plugins/fr.ac6.mcu.externaltools.arm-none.linux64_1.15.0.201708311556/tools/compiler/bin/../lib/gcc/arm-none-eabi/6.3.1/../../../../arm-none-eabi/lib/thumb/v7-m/libc_nano.a(lib_a-exit.o) (_global_impure_ptr)
/home/opt/Ac6/SystemWorkbench/plugins/fr.ac6.mcu.externaltools.arm-none.linux64_1.15.0.201708311556/tools/compiler/bin/../lib/gcc/arm-none-eabi/6.3.1/../../../../arm-none-eabi/lib/thumb/v7-m/libc_nano.a(lib_a-init.o)
                              /home/opt/Ac6/SystemWorkbench/plugins/fr.ac6.mcu.externaltools.arm-none.linux64_1.15.0.201708311556/tools/compiler/bin/../lib/gcc/arm-none-eabi/6.3.1/../../../../arm-none-eabi/lib/thumb/v7-m/crt0.o (__libc_init_array)
/home/opt/Ac6/SystemWorkbench/plugins/fr.ac6.mcu.externaltools.arm-none.linux64_1.15.0.201708311556/tools/compiler/bin/../lib/gcc/arm-none-eabi/6.3.1/../../../../arm-none-eabi/lib/thumb/v7-m/libc_nano.a(lib_a-malloc.o)
                              Src/main.o (malloc)
/home/opt/Ac6/SystemWorkbench/plugins/fr.ac6.mcu.externaltools.arm-none.linux64_1.15.0.201708311556/tools/compiler/bin/../lib/gcc/arm-none-eabi/6.3.1/../../../../arm-none-eabi/lib/thumb/v7-m/libc_nano.a(lib_a-memcpy-stub.o)
                              Middlewares/Third_Party/FatFs/src/ff.o (memcpy)
/home/opt/Ac6/SystemWorkbench/plugins/fr.ac6.mcu.externaltools.arm-none.linux64_1.15.0.201708311556/tools/compiler/bin/../lib/gcc/arm-none-eabi/6.3.1/../../../../arm-none-eabi/lib/thumb/v7-m/libc_nano.a(lib_a-memset.o)
                              /home/opt/Ac6/SystemWorkbench/plugins/fr.ac6.mcu.externaltools.arm-none.linux64_1.15.0.201708311556/tools/compiler/bin/../lib/gcc/arm-none-eabi/6.3.1/../../../../arm-none-eabi/lib/thumb/v7-m/crt0.o (memset)
/home/opt/Ac6/SystemWorkbench/plugins/fr.ac6.mcu.externaltools.arm-none.linux64_1.15.0.201708311556/tools/compiler/bin/../lib/gcc/arm-none-eabi/6.3.1/../../../../arm-none-eabi/lib/thumb/v7-m/libc_nano.a(lib_a-nano-freer.o)
                              /home/opt/Ac6/SystemWorkbench/plugins/fr.ac6.mcu.externaltools.arm-none.linux64_1.15.0.201708311556/tools/compiler/bin/../lib/gcc/arm-none-eabi/6.3.1/../../../../arm-none-eabi/lib/thumb/v7-m/libc_nano.a(lib_a-malloc.o) (_free_r)
/home/opt/Ac6/SystemWorkbench/plugins/fr.ac6.mcu.externaltools.arm-none.linux64_1.15.0.201708311556/tools/compiler/bin/../lib/gcc/arm-none-eabi/6.3.1/../../../../arm-none-eabi/lib/thumb/v7-m/libc_nano.a(lib_a-nano-mallocr.o)
                              /home/opt/Ac6/SystemWorkbench/plugins/fr.ac6.mcu.externaltools.arm-none.linux64_1.15.0.201708311556/tools/compiler/bin/../lib/gcc/arm-none-eabi/6.3.1/../../../../arm-none-eabi/lib/thumb/v7-m/libc_nano.a(lib_a-malloc.o) (_malloc_r)
/home/opt/Ac6/SystemWorkbench/plugins/fr.ac6.mcu.externaltools.arm-none.linux64_1.15.0.201708311556/tools/compiler/bin/../lib/gcc/arm-none-eabi/6.3.1/../../../../arm-none-eabi/lib/thumb/v7-m/libc_nano.a(lib_a-realloc.o)
                              Src/buffer.o (realloc)
/home/opt/Ac6/SystemWorkbench/plugins/fr.ac6.mcu.externaltools.arm-none.linux64_1.15.0.201708311556/tools/compiler/bin/../lib/gcc/arm-none-eabi/6.3.1/../../../../arm-none-eabi/lib/thumb/v7-m/libc_nano.a(lib_a-sbrkr.o)
                              /home/opt/Ac6/SystemWorkbench/plugins/fr.ac6.mcu.externaltools.arm-none.linux64_1.15.0.201708311556/tools/compiler/bin/../lib/gcc/arm-none-eabi/6.3.1/../../../../arm-none-eabi/lib/thumb/v7-m/libc_nano.a(lib_a-nano-mallocr.o) (_sbrk_r)
/home/opt/Ac6/SystemWorkbench/plugins/fr.ac6.mcu.externaltools.arm-none.linux64_1.15.0.201708311556/tools/compiler/bin/../lib/gcc/arm-none-eabi/6.3.1/../../../../arm-none-eabi/lib/thumb/v7-m/libc_nano.a(lib_a-sprintf.o)
                              Src/main.o (sprintf)
/home/opt/Ac6/SystemWorkbench/plugins/fr.ac6.mcu.externaltools.arm-none.linux64_1.15.0.201708311556/tools/compiler/bin/../lib/gcc/arm-none-eabi/6.3.1/../../../../arm-none-eabi/lib/thumb/v7-m/libc_nano.a(lib_a-strcpy.o)
                              Src/main.o (strcpy)
/home/opt/Ac6/SystemWorkbench/plugins/fr.ac6.mcu.externaltools.arm-none.linux64_1.15.0.201708311556/tools/compiler/bin/../lib/gcc/arm-none-eabi/6.3.1/../../../../arm-none-eabi/lib/thumb/v7-m/libc_nano.a(lib_a-mlock.o)
[...]
Memory Configuration

Name             Origin             Length             Attributes
RAM              0x0000000020000000 0x000000000000c000 xrw
FLASH            0x0000000008000000 0x0000000000040000 xr
*default*        0x0000000000000000 0xffffffffffffffff

Linker script and memory map

LOAD /home/opt/Ac6/SystemWorkbench/plugins/fr.ac6.mcu.externaltools.arm-none.linux64_1.15.0.201708311556/tools/compiler/bin/../lib/gcc/arm-none-eabi/6.3.1/thumb/v7-m/crti.o
LOAD /home/opt/Ac6/SystemWorkbench/plugins/fr.ac6.mcu.externaltools.arm-none.linux64_1.15.0.201708311556/tools/compiler/bin/../lib/gcc/arm-none-eabi/6.3.1/thumb/v7-m/crtbegin.o
LOAD /home/opt/Ac6/SystemWorkbench/plugins/fr.ac6.mcu.externaltools.arm-none.linux64_1.15.0.201708311556/tools/compiler/bin/../lib/gcc/arm-none-eabi/6.3.1/../../../../arm-none-eabi/lib/thumb/v7-m/crt0.o
LOAD Drivers/STM32F1xx_HAL_Driver/Src/stm32f1xx_hal.o
LOAD Drivers/STM32F1xx_HAL_Driver/Src/stm32f1xx_hal_cortex.o
LOAD Drivers/STM32F1xx_HAL_Driver/Src/stm32f1xx_hal_dma.o
LOAD Drivers/STM32F1xx_HAL_Driver/Src/stm32f1xx_hal_flash.o
LOAD Drivers/STM32F1xx_HAL_Driver/Src/stm32f1xx_hal_flash_ex.o
LOAD Drivers/STM32F1xx_HAL_Driver/Src/stm32f1xx_hal_gpio.o
LOAD Drivers/STM32F1xx_HAL_Driver/Src/stm32f1xx_hal_gpio_ex.o
LOAD Drivers/STM32F1xx_HAL_Driver/Src/stm32f1xx_hal_i2c.o
LOAD Drivers/STM32F1xx_HAL_Driver/Src/stm32f1xx_hal_pcd.o
LOAD Drivers/STM32F1xx_HAL_Driver/Src/stm32f1xx_hal_pcd_ex.o
LOAD Drivers/STM32F1xx_HAL_Driver/Src/stm32f1xx_hal_pwr.o
LOAD Drivers/STM32F1xx_HAL_Driver/Src/stm32f1xx_hal_rcc.o
LOAD Drivers/STM32F1xx_HAL_Driver/Src/stm32f1xx_hal_rcc_ex.o
LOAD Drivers/STM32F1xx_HAL_Driver/Src/stm32f1xx_hal_sd.o
LOAD Drivers/STM32F1xx_HAL_Driver/Src/stm32f1xx_hal_spi.o
LOAD Drivers/STM32F1xx_HAL_Driver/Src/stm32f1xx_hal_spi_ex.o
LOAD Drivers/STM32F1xx_HAL_Driver/Src/stm32f1xx_hal_tim.o
LOAD Drivers/STM32F1xx_HAL_Driver/Src/stm32f1xx_hal_tim_ex.o
LOAD Drivers/STM32F1xx_HAL_Driver/Src/stm32f1xx_ll_sdmmc.o
LOAD Drivers/STM32F1xx_HAL_Driver/Src/stm32f1xx_ll_usb.o
LOAD Middlewares/ST/STM32_USB_Device_Library/Class/CDC/Src/usbd_cdc.o
LOAD Middlewares/ST/STM32_USB_Device_Library/Core/Src/usbd_core.o
LOAD Middlewares/ST/STM32_USB_Device_Library/Core/Src/usbd_ctlreq.o
LOAD Middlewares/ST/STM32_USB_Device_Library/Core/Src/usbd_ioreq.o
LOAD Middlewares/Third_Party/FatFs/src/diskio.o
LOAD Middlewares/Third_Party/FatFs/src/ff.o
LOAD Middlewares/Third_Party/FatFs/src/ff_gen_drv.o
LOAD Middlewares/Third_Party/FatFs/src/drivers/sd_diskio.o
LOAD Middlewares/Third_Party/FatFs/src/option/syscall.o
LOAD Src/bsp_driver_sd.o
LOAD Src/buffer.o
LOAD Src/fatfs.o
LOAD Src/main.o
LOAD Src/stm32f1xx_hal_msp.o
LOAD Src/stm32f1xx_it.o
LOAD Src/system_stm32f1xx.o
LOAD Src/usb_device.o
LOAD Src/usbd_cdc_if.o
LOAD Src/usbd_conf.o
LOAD Src/usbd_desc.o
LOAD startup/startup_stm32f103xe.o
LOAD /home/opt/Ac6/SystemWorkbench/plugins/fr.ac6.mcu.externaltools.arm-none.linux64_1.15.0.201708311556/tools/compiler/bin/../lib/gcc/arm-none-eabi/6.3.1/../../../../arm-none-eabi/lib/thumb/v7-m/libm.a
START GROUP
LOAD /home/opt/Ac6/SystemWorkbench/plugins/fr.ac6.mcu.externaltools.arm-none.linux64_1.15.0.201708311556/tools/compiler/bin/../lib/gcc/arm-none-eabi/6.3.1/thumb/v7-m/libgcc.a
LOAD /home/opt/Ac6/SystemWorkbench/plugins/fr.ac6.mcu.externaltools.arm-none.linux64_1.15.0.201708311556/tools/compiler/bin/../lib/gcc/arm-none-eabi/6.3.1/../../../../arm-none-eabi/lib/thumb/v7-m/libc_nano.a
END GROUP
START GROUP
LOAD /home/opt/Ac6/SystemWorkbench/plugins/fr.ac6.mcu.externaltools.arm-none.linux64_1.15.0.201708311556/tools/compiler/bin/../lib/gcc/arm-none-eabi/6.3.1/thumb/v7-m/libgcc.a
LOAD /home/opt/Ac6/SystemWorkbench/plugins/fr.ac6.mcu.externaltools.arm-none.linux64_1.15.0.201708311556/tools/compiler/bin/../lib/gcc/arm-none-eabi/6.3.1/../../../../arm-none-eabi/lib/thumb/v7-m/libc_nano.a
LOAD /home/opt/Ac6/SystemWorkbench/plugins/fr.ac6.mcu.externaltools.arm-none.linux64_1.15.0.201708311556/tools/compiler/bin/../lib/gcc/arm-none-eabi/6.3.1/../../../../arm-none-eabi/lib/thumb/v7-m/libnosys.a
END GROUP
START GROUP
LOAD /home/opt/Ac6/SystemWorkbench/plugins/fr.ac6.mcu.externaltools.arm-none.linux64_1.15.0.201708311556/tools/compiler/bin/../lib/gcc/arm-none-eabi/6.3.1/thumb/v7-m/libgcc.a
LOAD /home/opt/Ac6/SystemWorkbench/plugins/fr.ac6.mcu.externaltools.arm-none.linux64_1.15.0.201708311556/tools/compiler/bin/../lib/gcc/arm-none-eabi/6.3.1/../../../../arm-none-eabi/lib/thumb/v7-m/libc_nano.a
LOAD /home/opt/Ac6/SystemWorkbench/plugins/fr.ac6.mcu.externaltools.arm-none.linux64_1.15.0.201708311556/tools/compiler/bin/../lib/gcc/arm-none-eabi/6.3.1/../../../../arm-none-eabi/lib/thumb/v7-m/libnosys.a
END GROUP
LOAD /home/opt/Ac6/SystemWorkbench/plugins/fr.ac6.mcu.externaltools.arm-none.linux64_1.15.0.201708311556/tools/compiler/bin/../lib/gcc/arm-none-eabi/6.3.1/thumb/v7-m/crtend.o
LOAD /home/opt/Ac6/SystemWorkbench/plugins/fr.ac6.mcu.externaltools.arm-none.linux64_1.15.0.201708311556/tools/compiler/bin/../lib/gcc/arm-none-eabi/6.3.1/thumb/v7-m/crtn.o
                0x000000002000c000                _estack = 0x2000c000
                0x0000000000000200                _Min_Heap_Size = 0x200
                0x0000000000000400                _Min_Stack_Size = 0x400

.isr_vector     0x0000000008000000      0x1e4
                0x0000000008000000                . = ALIGN (0x4)
 *(.isr_vector)
 .isr_vector    0x0000000008000000      0x1e4 startup/startup_stm32f103xe.o
                0x0000000008000000                g_pfnVectors
                0x00000000080001e4                . = ALIGN (0x4)

.text           0x00000000080001e4     0xa2fc
                0x00000000080001e4                . = ALIGN (0x4)
 *(.text)
 .text          0x00000000080001e4       0x6c /home/opt/Ac6/SystemWorkbench/plugins/fr.ac6.mcu.externaltools.arm-none.linux64_1.15.0.201708311556/tools/compiler/bin/../lib/gcc/arm-none-eabi/6.3.1/thumb/v7-m/crtbegin.o
 *(.text*)
 .text.HAL_InitTick
                0x0000000008000250       0x44 Drivers/STM32F1xx_HAL_Driver/Src/stm32f1xx_hal.o
                0x0000000008000250                HAL_InitTick
 .text.HAL_Init
                0x0000000008000294       0x24 Drivers/STM32F1xx_HAL_Driver/Src/stm32f1xx_hal.o
                0x0000000008000294                HAL_Init
 .text.HAL_IncTick
                0x00000000080002b8       0x18 Drivers/STM32F1xx_HAL_Driver/Src/stm32f1xx_hal.o
                0x00000000080002b8                HAL_IncTick
 .text.HAL_GetTick
                0x00000000080002d0        0xc Drivers/STM32F1xx_HAL_Driver/Src/stm32f1xx_hal.o
                0x00000000080002d0                HAL_GetTick
 .text.HAL_Delay
                0x00000000080002dc       0x24 Drivers/STM32F1xx_HAL_Driver/Src/stm32f1xx_hal.o
                0x00000000080002dc                HAL_Delay
 .text.HAL_NVIC_SetPriorityGrouping
                0x0000000008000300       0x24 Drivers/STM32F1xx_HAL_Driver/Src/stm32f1xx_hal_cortex.o
                0x0000000008000300                HAL_NVIC_SetPriorityGrouping
 .text.HAL_NVIC_SetPriority
                0x0000000008000324       0x6c Drivers/STM32F1xx_HAL_Driver/Src/stm32f1xx_hal_cortex.o
                0x0000000008000324                HAL_NVIC_SetPriority
 .text.HAL_NVIC_EnableIRQ
                0x0000000008000390       0x18 Drivers/STM32F1xx_HAL_Driver/Src/stm32f1xx_hal_cortex.o
                0x0000000008000390                HAL_NVIC_EnableIRQ
 .text.HAL_SYSTICK_Config
                0x00000000080003a8       0x30 Drivers/STM32F1xx_HAL_Driver/Src/stm32f1xx_hal_cortex.o
                0x00000000080003a8                HAL_SYSTICK_Config
 .text.HAL_SYSTICK_CLKSourceConfig
                0x00000000080003d8       0x18 Drivers/STM32F1xx_HAL_Driver/Src/stm32f1xx_hal_cortex.o
                0x00000000080003d8                HAL_SYSTICK_CLKSourceConfig
 .text.HAL_SYSTICK_Callback
                0x00000000080003f0        0x4 Drivers/STM32F1xx_HAL_Driver/Src/stm32f1xx_hal_cortex.o
                0x00000000080003f0                HAL_SYSTICK_Callback
 .text.HAL_SYSTICK_IRQHandler
                0x00000000080003f4        0x8 Drivers/STM32F1xx_HAL_Driver/Src/stm32f1xx_hal_cortex.o
                0x00000000080003f4                HAL_SYSTICK_IRQHandler
 .text.HAL_DMA_Init
                0x00000000080003fc       0x98 Drivers/STM32F1xx_HAL_Driver/Src/stm32f1xx_hal_dma.o
                0x00000000080003fc                HAL_DMA_Init
 .text.HAL_DMA_Start_IT
                0x0000000008000494       0x88 Drivers/STM32F1xx_HAL_Driver/Src/stm32f1xx_hal_dma.o
                0x0000000008000494                HAL_DMA_Start_IT
 .text.HAL_DMA_IRQHandler
                0x000000000800051c      0x1cc Drivers/STM32F1xx_HAL_Driver/Src/stm32f1xx_hal_dma.o
                0x000000000800051c                HAL_DMA_IRQHandler
 .text.HAL_GPIO_Init
                0x00000000080006e8      0x234 Drivers/STM32F1xx_HAL_Driver/Src/stm32f1xx_hal_gpio.o
                0x00000000080006e8                HAL_GPIO_Init
 .text.HAL_GPIO_WritePin
                0x000000000800091c        0x8 Drivers/STM32F1xx_HAL_Driver/Src/stm32f1xx_hal_gpio.o
                0x000000000800091c                HAL_GPIO_WritePin
 .text.HAL_I2C_Init
                0x0000000008000924      0x11c Drivers/STM32F1xx_HAL_Driver/Src/stm32f1xx_hal_i2c.o
                0x0000000008000924                HAL_I2C_Init
 .text.HAL_PCD_Init
                0x0000000008000a40      0x3ec Drivers/STM32F1xx_HAL_Driver/Src/stm32f1xx_hal_pcd.o
                0x0000000008000a40                HAL_PCD_Init
 .text.HAL_PCD_Start
                0x0000000008000e2c       0x30 Drivers/STM32F1xx_HAL_Driver/Src/stm32f1xx_hal_pcd.o
                0x0000000008000e2c                HAL_PCD_Start
 .text.HAL_PCD_IRQHandler
                0x0000000008000e5c      0x588 Drivers/STM32F1xx_HAL_Driver/Src/stm32f1xx_hal_pcd.o
                0x0000000008000e5c                HAL_PCD_IRQHandler
 .text.HAL_PCD_SetAddress
                0x00000000080013e4       0x28 Drivers/STM32F1xx_HAL_Driver/Src/stm32f1xx_hal_pcd.o
                0x00000000080013e4                HAL_PCD_SetAddress
 .text.HAL_PCD_EP_Open
                0x000000000800140c       0x4c Drivers/STM32F1xx_HAL_Driver/Src/stm32f1xx_hal_pcd.o
                0x000000000800140c                HAL_PCD_EP_Open
 .text.HAL_PCD_EP_Close
                0x0000000008001458       0x48 Drivers/STM32F1xx_HAL_Driver/Src/stm32f1xx_hal_pcd.o
                0x0000000008001458                HAL_PCD_EP_Close
 .text.HAL_PCD_EP_Receive
                0x00000000080014a0       0x30 Drivers/STM32F1xx_HAL_Driver/Src/stm32f1xx_hal_pcd.o
                0x00000000080014a0                HAL_PCD_EP_Receive
 .text.HAL_PCD_EP_GetRxCount
                0x00000000080014d0       0x10 Drivers/STM32F1xx_HAL_Driver/Src/stm32f1xx_hal_pcd.o
                0x00000000080014d0                HAL_PCD_EP_GetRxCount
 .text.HAL_PCD_EP_Transmit
                0x00000000080014e0       0x2c Drivers/STM32F1xx_HAL_Driver/Src/stm32f1xx_hal_pcd.o
                0x00000000080014e0                HAL_PCD_EP_Transmit
 .text.HAL_PCD_EP_SetStall
                0x000000000800150c       0x58 Drivers/STM32F1xx_HAL_Driver/Src/stm32f1xx_hal_pcd.o
                0x000000000800150c                HAL_PCD_EP_SetStall
 .text.HAL_PCD_EP_ClrStall
                0x0000000008001564       0x4c Drivers/STM32F1xx_HAL_Driver/Src/stm32f1xx_hal_pcd.o
                0x0000000008001564                HAL_PCD_EP_ClrStall
 .text.HAL_PCDEx_PMAConfig
                0x00000000080015b0       0x34 Drivers/STM32F1xx_HAL_Driver/Src/stm32f1xx_hal_pcd_ex.o
                0x00000000080015b0                HAL_PCDEx_PMAConfig
 .text.HAL_RCC_OscConfig
                0x00000000080015e4      0x3d8 Drivers/STM32F1xx_HAL_Driver/Src/stm32f1xx_hal_rcc.o
                0x00000000080015e4                HAL_RCC_OscConfig
 .text.HAL_RCC_ClockConfig
                0x00000000080019bc      0x1b4 Drivers/STM32F1xx_HAL_Driver/Src/stm32f1xx_hal_rcc.o
                0x00000000080019bc                HAL_RCC_ClockConfig
 .text.HAL_RCC_GetHCLKFreq
                0x0000000008001b70        0xc Drivers/STM32F1xx_HAL_Driver/Src/stm32f1xx_hal_rcc.o
                0x0000000008001b70                HAL_RCC_GetHCLKFreq
 .text.HAL_RCC_GetPCLK1Freq
                0x0000000008001b7c       0x20 Drivers/STM32F1xx_HAL_Driver/Src/stm32f1xx_hal_rcc.o
                0x0000000008001b7c                HAL_RCC_GetPCLK1Freq
 .text.HAL_RCCEx_PeriphCLKConfig
                0x0000000008001b9c      0x108 Drivers/STM32F1xx_HAL_Driver/Src/stm32f1xx_hal_rcc_ex.o
                0x0000000008001b9c                HAL_RCCEx_PeriphCLKConfig
 .text.HAL_SD_ReadBlocks
                0x0000000008001ca4      0x214 Drivers/STM32F1xx_HAL_Driver/Src/stm32f1xx_hal_sd.o
                0x0000000008001ca4                HAL_SD_ReadBlocks
 .text.HAL_SD_WriteBlocks
                0x0000000008001eb8      0x1b0 Drivers/STM32F1xx_HAL_Driver/Src/stm32f1xx_hal_sd.o
                0x0000000008001eb8                HAL_SD_WriteBlocks
 .text.HAL_SD_GetCardCSD
                0x0000000008002068      0x1cc Drivers/STM32F1xx_HAL_Driver/Src/stm32f1xx_hal_sd.o
                0x0000000008002068                HAL_SD_GetCardCSD
 .text.HAL_SD_InitCard
                0x0000000008002234      0x1f0 Drivers/STM32F1xx_HAL_Driver/Src/stm32f1xx_hal_sd.o
                0x0000000008002234                HAL_SD_InitCard
 .text.HAL_SD_Init
                0x0000000008002424       0x38 Drivers/STM32F1xx_HAL_Driver/Src/stm32f1xx_hal_sd.o
                0x0000000008002424                HAL_SD_Init
 .text.HAL_SD_GetCardInfo
                0x000000000800245c       0x28 Drivers/STM32F1xx_HAL_Driver/Src/stm32f1xx_hal_sd.o
                0x000000000800245c                HAL_SD_GetCardInfo
 .text.HAL_SD_GetCardState
                0x0000000008002484       0x28 Drivers/STM32F1xx_HAL_Driver/Src/stm32f1xx_hal_sd.o
                0x0000000008002484                HAL_SD_GetCardState
 .text.HAL_SPI_Transmit
                0x00000000080024ac      0x2e8 Drivers/STM32F1xx_HAL_Driver/Src/stm32f1xx_hal_spi.o
                0x00000000080024ac                HAL_SPI_Transmit
 .text.HAL_SPI_TransmitReceive
                0x0000000008002794      0x380 Drivers/STM32F1xx_HAL_Driver/Src/stm32f1xx_hal_spi.o
                0x0000000008002794                HAL_SPI_TransmitReceive
 .text.HAL_SPI_Transmit_DMA
                0x0000000008002b14       0xac Drivers/STM32F1xx_HAL_Driver/Src/stm32f1xx_hal_spi.o
                0x0000000008002b14                HAL_SPI_Transmit_DMA
 .text.HAL_SPI_TxCpltCallback
                0x0000000008002bc0        0x4 Drivers/STM32F1xx_HAL_Driver/Src/stm32f1xx_hal_spi.o
                0x0000000008002bc0                HAL_SPI_TxCpltCallback
 .text.HAL_SPI_TxHalfCpltCallback
                0x0000000008002bc4        0x4 Drivers/STM32F1xx_HAL_Driver/Src/stm32f1xx_hal_spi.o
                0x0000000008002bc4                HAL_SPI_TxHalfCpltCallback
 .text.SPI_DMAHalfTransmitCplt
                0x0000000008002bc8        0xc Drivers/STM32F1xx_HAL_Driver/Src/stm32f1xx_hal_spi.o
 .text.HAL_SPI_ErrorCallback
                0x0000000008002bd4        0x4 Drivers/STM32F1xx_HAL_Driver/Src/stm32f1xx_hal_spi.o
                0x0000000008002bd4                HAL_SPI_ErrorCallback
 .text.SPI_DMAError
                0x0000000008002bd8       0x24 Drivers/STM32F1xx_HAL_Driver/Src/stm32f1xx_hal_spi.o
 .text.SPI_DMATransmitCplt
                0x0000000008002bfc       0xcc Drivers/STM32F1xx_HAL_Driver/Src/stm32f1xx_hal_spi.o
 .text.HAL_SPI_Init
                0x0000000008002cc8       0x80 Drivers/STM32F1xx_HAL_Driver/Src/stm32f1xx_hal_spi_ex.o
                0x0000000008002cc8                HAL_SPI_Init
 .text.HAL_TIM_Base_Init
                0x0000000008002d48       0xd8 Drivers/STM32F1xx_HAL_Driver/Src/stm32f1xx_hal_tim.o
                0x0000000008002d48                HAL_TIM_Base_Init
 .text.HAL_TIM_Base_Stop
                0x0000000008002e20       0x30 Drivers/STM32F1xx_HAL_Driver/Src/stm32f1xx_hal_tim.o
                0x0000000008002e20                HAL_TIM_Base_Stop
 .text.HAL_TIM_Base_Start_IT
                0x0000000008002e50       0x18 Drivers/STM32F1xx_HAL_Driver/Src/stm32f1xx_hal_tim.o
                0x0000000008002e50                HAL_TIM_Base_Start_IT
 .text.HAL_TIM_ConfigClockSource
                0x0000000008002e68      0x180 Drivers/STM32F1xx_HAL_Driver/Src/stm32f1xx_hal_tim.o
                0x0000000008002e68                HAL_TIM_ConfigClockSource
 .text.HAL_TIM_OC_DelayElapsedCallback
                0x0000000008002fe8        0x4 Drivers/STM32F1xx_HAL_Driver/Src/stm32f1xx_hal_tim.o
                0x0000000008002fe8                HAL_TIM_OC_DelayElapsedCallback
 .text.HAL_TIM_IC_CaptureCallback
                0x0000000008002fec        0x4 Drivers/STM32F1xx_HAL_Driver/Src/stm32f1xx_hal_tim.o
                0x0000000008002fec                HAL_TIM_IC_CaptureCallback
 .text.HAL_TIM_PWM_PulseFinishedCallback
                0x0000000008002ff0        0x4 Drivers/STM32F1xx_HAL_Driver/Src/stm32f1xx_hal_tim.o
                0x0000000008002ff0                HAL_TIM_PWM_PulseFinishedCallback
 .text.HAL_TIM_TriggerCallback
                0x0000000008002ff4        0x4 Drivers/STM32F1xx_HAL_Driver/Src/stm32f1xx_hal_tim.o
                0x0000000008002ff4                HAL_TIM_TriggerCallback
 .text.HAL_TIM_IRQHandler
                0x0000000008002ff8      0x154 Drivers/STM32F1xx_HAL_Driver/Src/stm32f1xx_hal_tim.o
                0x0000000008002ff8                HAL_TIM_IRQHandler
 .text.HAL_TIMEx_MasterConfigSynchronization
                0x000000000800314c       0x4c Drivers/STM32F1xx_HAL_Driver/Src/stm32f1xx_hal_tim_ex.o
                0x000000000800314c                HAL_TIMEx_MasterConfigSynchronization
 .text.HAL_TIMEx_CommutationCallback
                0x0000000008003198        0x4 Drivers/STM32F1xx_HAL_Driver/Src/stm32f1xx_hal_tim_ex.o
                0x0000000008003198                HAL_TIMEx_CommutationCallback
 .text.HAL_TIMEx_BreakCallback
                0x000000000800319c        0x4 Drivers/STM32F1xx_HAL_Driver/Src/stm32f1xx_hal_tim_ex.o
                0x000000000800319c                HAL_TIMEx_BreakCallback
 .text.SDMMC_GetCmdResp1.part.2
                0x00000000080031a0       0xdc Drivers/STM32F1xx_HAL_Driver/Src/stm32f1xx_ll_sdmmc.o
 .text.SDIO_Init
                0x000000000800327c       0x38 Drivers/STM32F1xx_HAL_Driver/Src/stm32f1xx_ll_sdmmc.o
                0x000000000800327c                SDIO_Init
 .text.SDIO_ReadFIFO
                0x00000000080032b4        0x8 Drivers/STM32F1xx_HAL_Driver/Src/stm32f1xx_ll_sdmmc.o
                0x00000000080032b4                SDIO_ReadFIFO
 .text.SDIO_WriteFIFO
                0x00000000080032bc        0xc Drivers/STM32F1xx_HAL_Driver/Src/stm32f1xx_ll_sdmmc.o
                0x00000000080032bc                SDIO_WriteFIFO
 .text.SDIO_PowerState_ON
                0x00000000080032c8        0xc Drivers/STM32F1xx_HAL_Driver/Src/stm32f1xx_ll_sdmmc.o
                0x00000000080032c8                SDIO_PowerState_ON
 .text.SDIO_GetPowerState
                0x00000000080032d4        0x8 Drivers/STM32F1xx_HAL_Driver/Src/stm32f1xx_ll_sdmmc.o
                0x00000000080032d4                SDIO_GetPowerState
 .text.SDIO_GetResponse
                0x00000000080032dc       0x14 Drivers/STM32F1xx_HAL_Driver/Src/stm32f1xx_ll_sdmmc.o
                0x00000000080032dc                SDIO_GetResponse
 .text.SDIO_ConfigData
                0x00000000080032f0       0x28 Drivers/STM32F1xx_HAL_Driver/Src/stm32f1xx_ll_sdmmc.o
                0x00000000080032f0                SDIO_ConfigData
 .text.SDMMC_CmdBlockLength
                0x0000000008003318       0x78 Drivers/STM32F1xx_HAL_Driver/Src/stm32f1xx_ll_sdmmc.o
                0x0000000008003318                SDMMC_CmdBlockLength
 .text.SDMMC_CmdReadSingleBlock
                0x0000000008003390       0x7c Drivers/STM32F1xx_HAL_Driver/Src/stm32f1xx_ll_sdmmc.o
                0x0000000008003390                SDMMC_CmdReadSingleBlock
 .text.SDMMC_CmdReadMultiBlock
                0x000000000800340c       0x7c Drivers/STM32F1xx_HAL_Driver/Src/stm32f1xx_ll_sdmmc.o
                0x000000000800340c                SDMMC_CmdReadMultiBlock
 .text.SDMMC_CmdWriteSingleBlock
                0x0000000008003488       0x78 Drivers/STM32F1xx_HAL_Driver/Src/stm32f1xx_ll_sdmmc.o
                0x0000000008003488                SDMMC_CmdWriteSingleBlock
 .text.SDMMC_CmdWriteMultiBlock
                0x0000000008003500       0x7c Drivers/STM32F1xx_HAL_Driver/Src/stm32f1xx_ll_sdmmc.o
                0x0000000008003500                SDMMC_CmdWriteMultiBlock
 .text.SDMMC_CmdStopTransfer
                0x000000000800357c       0x74 Drivers/STM32F1xx_HAL_Driver/Src/stm32f1xx_ll_sdmmc.o
                0x000000000800357c                SDMMC_CmdStopTransfer
 .text.SDMMC_CmdSelDesel
                0x00000000080035f0       0x7c Drivers/STM32F1xx_HAL_Driver/Src/stm32f1xx_ll_sdmmc.o
                0x00000000080035f0                SDMMC_CmdSelDesel
 .text.SDMMC_CmdGoIdleState
                0x000000000800366c       0x58 Drivers/STM32F1xx_HAL_Driver/Src/stm32f1xx_ll_sdmmc.o
                0x000000000800366c                SDMMC_CmdGoIdleState
 .text.SDMMC_CmdOperCond
                0x00000000080036c4       0x74 Drivers/STM32F1xx_HAL_Driver/Src/stm32f1xx_ll_sdmmc.o
                0x00000000080036c4                SDMMC_CmdOperCond
 .text.SDMMC_CmdAppCommand
                0x0000000008003738       0x7c Drivers/STM32F1xx_HAL_Driver/Src/stm32f1xx_ll_sdmmc.o
                0x0000000008003738                SDMMC_CmdAppCommand
 .text.SDMMC_CmdAppOperCommand
                0x00000000080037b4       0x6c Drivers/STM32F1xx_HAL_Driver/Src/stm32f1xx_ll_sdmmc.o
                0x00000000080037b4                SDMMC_CmdAppOperCommand
 .text.SDMMC_CmdSendCID
                0x0000000008003820       0x74 Drivers/STM32F1xx_HAL_Driver/Src/stm32f1xx_ll_sdmmc.o
                0x0000000008003820                SDMMC_CmdSendCID
 .text.SDMMC_CmdSendCSD
                0x0000000008003894       0x74 Drivers/STM32F1xx_HAL_Driver/Src/stm32f1xx_ll_sdmmc.o
                0x0000000008003894                SDMMC_CmdSendCSD
 .text.SDMMC_CmdSetRelAdd
                0x0000000008003908       0xb8 Drivers/STM32F1xx_HAL_Driver/Src/stm32f1xx_ll_sdmmc.o
                0x0000000008003908                SDMMC_CmdSetRelAdd
 .text.SDMMC_CmdSendStatus
                0x00000000080039c0       0x7c Drivers/STM32F1xx_HAL_Driver/Src/stm32f1xx_ll_sdmmc.o
                0x00000000080039c0                SDMMC_CmdSendStatus
 .text.USB_CoreInit
                0x0000000008003a3c       0x10 Drivers/STM32F1xx_HAL_Driver/Src/stm32f1xx_ll_usb.o
                0x0000000008003a3c                USB_CoreInit
 .text.USB_EnableGlobalInt
                0x0000000008003a4c       0x14 Drivers/STM32F1xx_HAL_Driver/Src/stm32f1xx_ll_usb.o
                0x0000000008003a4c                USB_EnableGlobalInt
 .text.USB_DisableGlobalInt
                0x0000000008003a60       0x14 Drivers/STM32F1xx_HAL_Driver/Src/stm32f1xx_ll_usb.o
                0x0000000008003a60                USB_DisableGlobalInt
 .text.USB_SetCurrentMode
                0x0000000008003a74        0x4 Drivers/STM32F1xx_HAL_Driver/Src/stm32f1xx_ll_usb.o
                0x0000000008003a74                USB_SetCurrentMode
 .text.USB_DevInit
                0x0000000008003a78       0x34 Drivers/STM32F1xx_HAL_Driver/Src/stm32f1xx_ll_usb.o
                0x0000000008003a78                USB_DevInit
 .text.USB_ActivateEndpoint
                0x0000000008003aac      0x330 Drivers/STM32F1xx_HAL_Driver/Src/stm32f1xx_ll_usb.o
                0x0000000008003aac                USB_ActivateEndpoint
 .text.USB_DeactivateEndpoint
                0x0000000008003ddc      0x1bc Drivers/STM32F1xx_HAL_Driver/Src/stm32f1xx_ll_usb.o
                0x0000000008003ddc                USB_DeactivateEndpoint
 .text.USB_EPStartXfer
                0x0000000008003f98      0x214 Drivers/STM32F1xx_HAL_Driver/Src/stm32f1xx_ll_usb.o
                0x0000000008003f98                USB_EPStartXfer
 .text.USB_EPSetStall
                0x00000000080041ac       0x74 Drivers/STM32F1xx_HAL_Driver/Src/stm32f1xx_ll_usb.o
                0x00000000080041ac                USB_EPSetStall
 .text.USB_EPClearStall
                0x0000000008004220       0xa0 Drivers/STM32F1xx_HAL_Driver/Src/stm32f1xx_ll_usb.o
                0x0000000008004220                USB_EPClearStall
 .text.USB_SetDevAddress
                0x00000000080042c0        0xc Drivers/STM32F1xx_HAL_Driver/Src/stm32f1xx_ll_usb.o
                0x00000000080042c0                USB_SetDevAddress
 .text.USB_DevConnect
                0x00000000080042cc        0x4 Drivers/STM32F1xx_HAL_Driver/Src/stm32f1xx_ll_usb.o
                0x00000000080042cc                USB_DevConnect
 .text.USB_DevDisconnect
                0x00000000080042d0        0x4 Drivers/STM32F1xx_HAL_Driver/Src/stm32f1xx_ll_usb.o
                0x00000000080042d0                USB_DevDisconnect
 .text.USB_ReadInterrupts
                0x00000000080042d4        0x8 Drivers/STM32F1xx_HAL_Driver/Src/stm32f1xx_ll_usb.o
                0x00000000080042d4                USB_ReadInterrupts
 .text.USB_EP0_OutStart
                0x00000000080042dc        0x4 Drivers/STM32F1xx_HAL_Driver/Src/stm32f1xx_ll_usb.o
                0x00000000080042dc                USB_EP0_OutStart
 .text.USB_WritePMA
                0x00000000080042e0       0x24 Drivers/STM32F1xx_HAL_Driver/Src/stm32f1xx_ll_usb.o
                0x00000000080042e0                USB_WritePMA
 .text.USB_ReadPMA
                0x0000000008004304       0x1c Drivers/STM32F1xx_HAL_Driver/Src/stm32f1xx_ll_usb.o
                0x0000000008004304                USB_ReadPMA
 .text.USBD_CDC_DataIn
                0x0000000008004320       0x14 Middlewares/ST/STM32_USB_Device_Library/Class/CDC/Src/usbd_cdc.o
 .text.USBD_CDC_EP0_RxReady
                0x0000000008004334       0x28 Middlewares/ST/STM32_USB_Device_Library/Class/CDC/Src/usbd_cdc.o
 .text.USBD_CDC_GetFSCfgDesc
                0x000000000800435c        0xc Middlewares/ST/STM32_USB_Device_Library/Class/CDC/Src/usbd_cdc.o
 .text.USBD_CDC_GetHSCfgDesc
                0x0000000008004368        0xc Middlewares/ST/STM32_USB_Device_Library/Class/CDC/Src/usbd_cdc.o
 .text.USBD_CDC_GetOtherSpeedCfgDesc
                0x0000000008004374        0xc Middlewares/ST/STM32_USB_Device_Library/Class/CDC/Src/usbd_cdc.o
 .text.USBD_CDC_GetDeviceQualifierDescriptor
                0x0000000008004380        0xc Middlewares/ST/STM32_USB_Device_Library/Class/CDC/Src/usbd_cdc.o
                0x0000000008004380                USBD_CDC_GetDeviceQualifierDescriptor
 .text.USBD_CDC_DataOut
                0x000000000800438c       0x30 Middlewares/ST/STM32_USB_Device_Library/Class/CDC/Src/usbd_cdc.o
 .text.USBD_CDC_Setup
                0x00000000080043bc       0x74 Middlewares/ST/STM32_USB_Device_Library/Class/CDC/Src/usbd_cdc.o
 .text.USBD_CDC_DeInit
                0x0000000008004430       0x3c Middlewares/ST/STM32_USB_Device_Library/Class/CDC/Src/usbd_cdc.o
 .text.USBD_CDC_Init
                0x000000000800446c       0x90 Middlewares/ST/STM32_USB_Device_Library/Class/CDC/Src/usbd_cdc.o
 .text.USBD_CDC_RegisterInterface
                0x00000000080044fc       0x10 Middlewares/ST/STM32_USB_Device_Library/Class/CDC/Src/usbd_cdc.o
                0x00000000080044fc                USBD_CDC_RegisterInterface
 .text.USBD_CDC_SetTxBuffer
                0x000000000800450c       0x10 Middlewares/ST/STM32_USB_Device_Library/Class/CDC/Src/usbd_cdc.o
                0x000000000800450c                USBD_CDC_SetTxBuffer
 .text.USBD_CDC_SetRxBuffer
                0x000000000800451c        0xc Middlewares/ST/STM32_USB_Device_Library/Class/CDC/Src/usbd_cdc.o
                0x000000000800451c                USBD_CDC_SetRxBuffer
 .text.USBD_CDC_TransmitPacket
                0x0000000008004528       0x30 Middlewares/ST/STM32_USB_Device_Library/Class/CDC/Src/usbd_cdc.o
                0x0000000008004528                USBD_CDC_TransmitPacket
 .text.USBD_CDC_ReceivePacket
                0x0000000008004558       0x30 Middlewares/ST/STM32_USB_Device_Library/Class/CDC/Src/usbd_cdc.o
                0x0000000008004558                USBD_CDC_ReceivePacket
 .text.USBD_Init
                0x0000000008004588       0x2c Middlewares/ST/STM32_USB_Device_Library/Core/Src/usbd_core.o
                0x0000000008004588                USBD_Init
 .text.USBD_RegisterClass
                0x00000000080045b4       0x10 Middlewares/ST/STM32_USB_Device_Library/Core/Src/usbd_core.o
                0x00000000080045b4                USBD_RegisterClass
 .text.USBD_Start
                0x00000000080045c4        0xc Middlewares/ST/STM32_USB_Device_Library/Core/Src/usbd_core.o
                0x00000000080045c4                USBD_Start
 .text.USBD_SetClassConfig
                0x00000000080045d0       0x14 Middlewares/ST/STM32_USB_Device_Library/Core/Src/usbd_core.o
                0x00000000080045d0                USBD_SetClassConfig
 .text.USBD_ClrClassConfig
                0x00000000080045e4       0x10 Middlewares/ST/STM32_USB_Device_Library/Core/Src/usbd_core.o
                0x00000000080045e4                USBD_ClrClassConfig
 .text.USBD_LL_SetupStage
                0x00000000080045f4       0x60 Middlewares/ST/STM32_USB_Device_Library/Core/Src/usbd_core.o
                0x00000000080045f4                USBD_LL_SetupStage
 .text.USBD_LL_DataOutStage
                0x0000000008004654       0x6c Middlewares/ST/STM32_USB_Device_Library/Core/Src/usbd_core.o
                0x0000000008004654                USBD_LL_DataOutStage
 .text.USBD_LL_DataInStage
                0x00000000080046c0       0xa4 Middlewares/ST/STM32_USB_Device_Library/Core/Src/usbd_core.o
                0x00000000080046c0                USBD_LL_DataInStage
 .text.USBD_LL_Reset
                0x0000000008004764       0x40 Middlewares/ST/STM32_USB_Device_Library/Core/Src/usbd_core.o
                0x0000000008004764                USBD_LL_Reset
 .text.USBD_LL_SetSpeed
                0x00000000080047a4        0x8 Middlewares/ST/STM32_USB_Device_Library/Core/Src/usbd_core.o
                0x00000000080047a4                USBD_LL_SetSpeed
 .text.USBD_LL_Suspend
                0x00000000080047ac       0x14 Middlewares/ST/STM32_USB_Device_Library/Core/Src/usbd_core.o
                0x00000000080047ac                USBD_LL_Suspend
 .text.USBD_LL_Resume
                0x00000000080047c0       0x10 Middlewares/ST/STM32_USB_Device_Library/Core/Src/usbd_core.o
                0x00000000080047c0                USBD_LL_Resume
 .text.USBD_LL_SOF
                0x00000000080047d0       0x1c Middlewares/ST/STM32_USB_Device_Library/Core/Src/usbd_core.o
                0x00000000080047d0                USBD_LL_SOF
 .text.USBD_StdDevReq
                0x00000000080047ec      0x29c Middlewares/ST/STM32_USB_Device_Library/Core/Src/usbd_ctlreq.o
                0x00000000080047ec                USBD_StdDevReq
 .text.USBD_StdItfReq
                0x0000000008004a88       0x3c Middlewares/ST/STM32_USB_Device_Library/Core/Src/usbd_ctlreq.o
                0x0000000008004a88                USBD_StdItfReq
 .text.USBD_StdEPReq
                0x0000000008004ac4       0xd0 Middlewares/ST/STM32_USB_Device_Library/Core/Src/usbd_ctlreq.o
                0x0000000008004ac4                USBD_StdEPReq
 .text.USBD_ParseSetupRequest
                0x0000000008004b94       0x28 Middlewares/ST/STM32_USB_Device_Library/Core/Src/usbd_ctlreq.o
                0x0000000008004b94                USBD_ParseSetupRequest
 .text.USBD_GetString
                0x0000000008004bbc       0x4c Middlewares/ST/STM32_USB_Device_Library/Core/Src/usbd_ctlreq.o
                0x0000000008004bbc                USBD_GetString
 .text.USBD_CtlSendData
                0x0000000008004c08       0x1c Middlewares/ST/STM32_USB_Device_Library/Core/Src/usbd_ioreq.o
                0x0000000008004c08                USBD_CtlSendData
 .text.USBD_CtlContinueSendData
                0x0000000008004c24       0x10 Middlewares/ST/STM32_USB_Device_Library/Core/Src/usbd_ioreq.o
                0x0000000008004c24                USBD_CtlContinueSendData
 .text.USBD_CtlPrepareRx
                0x0000000008004c34       0x20 Middlewares/ST/STM32_USB_Device_Library/Core/Src/usbd_ioreq.o
                0x0000000008004c34                USBD_CtlPrepareRx
 .text.USBD_CtlContinueRx
                0x0000000008004c54       0x10 Middlewares/ST/STM32_USB_Device_Library/Core/Src/usbd_ioreq.o
                0x0000000008004c54                USBD_CtlContinueRx
 .text.USBD_CtlSendStatus
                0x0000000008004c64       0x18 Middlewares/ST/STM32_USB_Device_Library/Core/Src/usbd_ioreq.o
                0x0000000008004c64                USBD_CtlSendStatus
 .text.USBD_CtlReceiveStatus
                0x0000000008004c7c       0x18 Middlewares/ST/STM32_USB_Device_Library/Core/Src/usbd_ioreq.o
                0x0000000008004c7c                USBD_CtlReceiveStatus
 .text.disk_status
                0x0000000008004c94       0x14 Middlewares/Third_Party/FatFs/src/diskio.o
                0x0000000008004c94                disk_status
 .text.disk_initialize
                0x0000000008004ca8       0x20 Middlewares/Third_Party/FatFs/src/diskio.o
                0x0000000008004ca8                disk_initialize
 .text.disk_read
                0x0000000008004cc8       0x1c Middlewares/Third_Party/FatFs/src/diskio.o
                0x0000000008004cc8                disk_read
 .text.disk_write
                0x0000000008004ce4       0x1c Middlewares/Third_Party/FatFs/src/diskio.o
                0x0000000008004ce4                disk_write
 .text.disk_ioctl
                0x0000000008004d00       0x1c Middlewares/Third_Party/FatFs/src/diskio.o
                0x0000000008004d00                disk_ioctl
 .text.sync_window.part.4
                0x0000000008004d1c       0x58 Middlewares/Third_Party/FatFs/src/ff.o
 .text.move_window
                0x0000000008004d74       0x84 Middlewares/Third_Party/FatFs/src/ff.o
 .text.find_volume
                0x0000000008004df8      0x4f4 Middlewares/Third_Party/FatFs/src/ff.o
 .text.sync_fs  0x00000000080052ec      0x100 Middlewares/Third_Party/FatFs/src/ff.o
 .text.put_fat.part.8
                0x00000000080053ec      0x2f4 Middlewares/Third_Party/FatFs/src/ff.o
 .text.remove_chain.part.10
                0x00000000080056e0      0x2e8 Middlewares/Third_Party/FatFs/src/ff.o
 .text.get_fat.part.6
                0x00000000080059c8      0x28c Middlewares/Third_Party/FatFs/src/ff.o
 .text.dir_sdi  0x0000000008005c54       0xc4 Middlewares/Third_Party/FatFs/src/ff.o
 .text.create_chain
                0x0000000008005d18      0x380 Middlewares/Third_Party/FatFs/src/ff.o
 .text.f_write.part.12
                0x0000000008006098      0x3c0 Middlewares/Third_Party/FatFs/src/ff.o
 .text.follow_path
                0x0000000008006458      0x370 Middlewares/Third_Party/FatFs/src/ff.o
 .text.dir_register
                0x00000000080067c8      0x318 Middlewares/Third_Party/FatFs/src/ff.o
 .text.f_mount  0x0000000008006ae0       0x80 Middlewares/Third_Party/FatFs/src/ff.o
                0x0000000008006ae0                f_mount
 .text.f_open   0x0000000008006b60      0x888 Middlewares/Third_Party/FatFs/src/ff.o
                0x0000000008006b60                f_open
 .text.f_write  0x00000000080073e8       0x68 Middlewares/Third_Party/FatFs/src/ff.o
                0x00000000080073e8                f_write
 .text.f_sync   0x0000000008007450      0x170 Middlewares/Third_Party/FatFs/src/ff.o
                0x0000000008007450                f_sync
 .text.f_stat   0x00000000080075c0      0x664 Middlewares/Third_Party/FatFs/src/ff.o
                0x00000000080075c0                f_stat
 .text.f_mkfs   0x0000000008007c24      0x5b0 Middlewares/Third_Party/FatFs/src/ff.o
                0x0000000008007c24                f_mkfs
 .text.FATFS_LinkDriver
                0x00000000080081d4       0x50 Middlewares/Third_Party/FatFs/src/ff_gen_drv.o
                0x00000000080081d4                FATFS_LinkDriver
 .text.SD_initialize
                0x0000000008008224       0x20 Middlewares/Third_Party/FatFs/src/drivers/sd_diskio.o
                0x0000000008008224                SD_initialize
 .text.SD_status
                0x0000000008008244       0x20 Middlewares/Third_Party/FatFs/src/drivers/sd_diskio.o
                0x0000000008008244                SD_status
 .text.SD_read  0x0000000008008264       0x30 Middlewares/Third_Party/FatFs/src/drivers/sd_diskio.o
                0x0000000008008264                SD_read
 .text.SD_ioctl
                0x0000000008008294       0x58 Middlewares/Third_Party/FatFs/src/drivers/sd_diskio.o
                0x0000000008008294                SD_ioctl
 .text.SD_write
                0x00000000080082ec       0x30 Middlewares/Third_Party/FatFs/src/drivers/sd_diskio.o
                0x00000000080082ec                SD_write
 .text.BSP_SD_Init
                0x000000000800831c       0x28 Src/bsp_driver_sd.o
                0x000000000800831c                BSP_SD_Init
 .text.BSP_SD_ReadBlocks
                0x0000000008008344       0x24 Src/bsp_driver_sd.o
                0x0000000008008344                BSP_SD_ReadBlocks
 .text.BSP_SD_WriteBlocks
                0x0000000008008368       0x24 Src/bsp_driver_sd.o
                0x0000000008008368                BSP_SD_WriteBlocks
 .text.BSP_SD_GetCardState
                0x000000000800838c       0x14 Src/bsp_driver_sd.o
                0x000000000800838c                BSP_SD_GetCardState
 .text.BSP_SD_GetCardInfo
                0x00000000080083a0        0xc Src/bsp_driver_sd.o
                0x00000000080083a0                BSP_SD_GetCardInfo
 .text.rb_init  0x00000000080083ac       0x20 Src/buffer.o
                0x00000000080083ac                rb_init
 .text.rb_push  0x00000000080083cc       0x44 Src/buffer.o
                0x00000000080083cc                rb_push
 .text.rb_pop   0x0000000008008410       0x24 Src/buffer.o
                0x0000000008008410                rb_pop
 .text.rb_remain
                0x0000000008008434        0x4 Src/buffer.o
                0x0000000008008434                rb_remain
 .text.MX_FATFS_Init
                0x0000000008008438       0x1c Src/fatfs.o
                0x0000000008008438                MX_FATFS_Init
 .text.get_fattime
                0x0000000008008454        0x4 Src/fatfs.o
                0x0000000008008454                get_fattime
 .text.toLog.constprop.1
                0x0000000008008458      0x260 Src/main.o
 .text.HAL_TIM_PeriodElapsedCallback
                0x00000000080086b8       0xe0 Src/main.o
                0x00000000080086b8                HAL_TIM_PeriodElapsedCallback
 .text.print    0x0000000008008798       0x7c Src/main.o
                0x0000000008008798                print
 .text.oledInit
                0x0000000008008814       0x4c Src/main.o
                0x0000000008008814                oledInit
 .text.toLog    0x0000000008008860      0x218 Src/main.o
                0x0000000008008860                toLog
 .text.SystemClock_Config
                0x0000000008008a78       0x88 Src/main.o
                0x0000000008008a78                SystemClock_Config
 .text.startup.main
                0x0000000008008b00      0x850 Src/main.o
                0x0000000008008b00                main
 .text._Error_Handler
                0x0000000008009350        0x4 Src/main.o
                0x0000000008009350                _Error_Handler
 .text.HAL_MspInit
                0x0000000008009354       0xa0 Src/stm32f1xx_hal_msp.o
                0x0000000008009354                HAL_MspInit
 .text.HAL_I2C_MspInit
                0x00000000080093f4       0x48 Src/stm32f1xx_hal_msp.o
                0x00000000080093f4                HAL_I2C_MspInit
 .text.HAL_SD_MspInit
                0x000000000800943c       0xa4 Src/stm32f1xx_hal_msp.o
                0x000000000800943c                HAL_SD_MspInit
 .text.HAL_SPI_MspInit
                0x00000000080094e0      0x1d8 Src/stm32f1xx_hal_msp.o
                0x00000000080094e0                HAL_SPI_MspInit
 .text.HAL_TIM_Base_MspInit
                0x00000000080096b8       0x3c Src/stm32f1xx_hal_msp.o
                0x00000000080096b8                HAL_TIM_Base_MspInit
 .text.NMI_Handler
                0x00000000080096f4        0x4 Src/stm32f1xx_it.o
                0x00000000080096f4                NMI_Handler
 .text.HardFault_Handler
                0x00000000080096f8        0x4 Src/stm32f1xx_it.o
                0x00000000080096f8                HardFault_Handler
 .text.MemManage_Handler
                0x00000000080096fc        0x4 Src/stm32f1xx_it.o
                0x00000000080096fc                MemManage_Handler
 .text.BusFault_Handler
                0x0000000008009700        0x4 Src/stm32f1xx_it.o
                0x0000000008009700                BusFault_Handler
 .text.UsageFault_Handler
                0x0000000008009704        0x4 Src/stm32f1xx_it.o
                0x0000000008009704                UsageFault_Handler
 .text.SVC_Handler
                0x0000000008009708        0x4 Src/stm32f1xx_it.o
                0x0000000008009708                SVC_Handler
 .text.DebugMon_Handler
                0x000000000800970c        0x4 Src/stm32f1xx_it.o
                0x000000000800970c                DebugMon_Handler
 .text.PendSV_Handler
                0x0000000008009710        0x4 Src/stm32f1xx_it.o
                0x0000000008009710                PendSV_Handler
 .text.SysTick_Handler
                0x0000000008009714       0x10 Src/stm32f1xx_it.o
                0x0000000008009714                SysTick_Handler
 .text.DMA1_Channel4_IRQHandler
                0x0000000008009724        0xc Src/stm32f1xx_it.o
                0x0000000008009724                DMA1_Channel4_IRQHandler
 .text.DMA1_Channel5_IRQHandler
                0x0000000008009730        0xc Src/stm32f1xx_it.o
                0x0000000008009730                DMA1_Channel5_IRQHandler
 .text.USB_LP_CAN1_RX0_IRQHandler
                0x000000000800973c        0xc Src/stm32f1xx_it.o
                0x000000000800973c                USB_LP_CAN1_RX0_IRQHandler
 .text.TIM3_IRQHandler
                0x0000000008009748        0xc Src/stm32f1xx_it.o
                0x0000000008009748                TIM3_IRQHandler
 .text.DMA2_Channel1_IRQHandler
                0x0000000008009754        0xc Src/stm32f1xx_it.o
                0x0000000008009754                DMA2_Channel1_IRQHandler
 .text.DMA2_Channel2_IRQHandler
                0x0000000008009760        0xc Src/stm32f1xx_it.o
                0x0000000008009760                DMA2_Channel2_IRQHandler
 .text.DMA2_Channel4_5_IRQHandler
                0x000000000800976c        0xc Src/stm32f1xx_it.o
                0x000000000800976c                DMA2_Channel4_5_IRQHandler
 .text.SystemInit
                0x0000000008009778       0x50 Src/system_stm32f1xx.o
                0x0000000008009778                SystemInit
 .text.MX_USB_DEVICE_Init
                0x00000000080097c8       0x38 Src/usb_device.o
                0x00000000080097c8                MX_USB_DEVICE_Init
 .text.CDC_DeInit_FS
                0x0000000008009800        0x4 Src/usbd_cdc_if.o
 .text.CDC_Control_FS
                0x0000000008009804        0x4 Src/usbd_cdc_if.o
 .text.CDC_Receive_FS
                0x0000000008009808       0x1c Src/usbd_cdc_if.o
 .text.CDC_Init_FS
                0x0000000008009824       0x28 Src/usbd_cdc_if.o
 .text.CDC_Transmit_FS
                0x000000000800984c       0x2c Src/usbd_cdc_if.o
                0x000000000800984c                CDC_Transmit_FS
 .text.HAL_PCD_MspInit
                0x0000000008009878       0x3c Src/usbd_conf.o
                0x0000000008009878                HAL_PCD_MspInit
 .text.HAL_PCD_SetupStageCallback
                0x00000000080098b4        0xc Src/usbd_conf.o
                0x00000000080098b4                HAL_PCD_SetupStageCallback
 .text.HAL_PCD_DataOutStageCallback
                0x00000000080098c0       0x10 Src/usbd_conf.o
                0x00000000080098c0                HAL_PCD_DataOutStageCallback
 .text.HAL_PCD_DataInStageCallback
                0x00000000080098d0       0x10 Src/usbd_conf.o
                0x00000000080098d0                HAL_PCD_DataInStageCallback
 .text.HAL_PCD_SOFCallback
                0x00000000080098e0        0x8 Src/usbd_conf.o
                0x00000000080098e0                HAL_PCD_SOFCallback
 .text.HAL_PCD_ResetCallback
                0x00000000080098e8       0x1c Src/usbd_conf.o
                0x00000000080098e8                HAL_PCD_ResetCallback
 .text.HAL_PCD_SuspendCallback
                0x0000000008009904       0x20 Src/usbd_conf.o
                0x0000000008009904                HAL_PCD_SuspendCallback
 .text.HAL_PCD_ResumeCallback
                0x0000000008009924        0x8 Src/usbd_conf.o
                0x0000000008009924                HAL_PCD_ResumeCallback
 .text.USBD_LL_Init
                0x000000000800992c       0x90 Src/usbd_conf.o
                0x000000000800992c                USBD_LL_Init
 .text.USBD_LL_Start
                0x00000000080099bc       0x1c Src/usbd_conf.o
                0x00000000080099bc                USBD_LL_Start
 .text.USBD_LL_OpenEP
                0x00000000080099d8       0x20 Src/usbd_conf.o
                0x00000000080099d8                USBD_LL_OpenEP
 .text.USBD_LL_CloseEP
                0x00000000080099f8       0x1c Src/usbd_conf.o
                0x00000000080099f8                USBD_LL_CloseEP
 .text.USBD_LL_StallEP
                0x0000000008009a14       0x1c Src/usbd_conf.o
                0x0000000008009a14                USBD_LL_StallEP
 .text.USBD_LL_ClearStallEP
                0x0000000008009a30       0x1c Src/usbd_conf.o
                0x0000000008009a30                USBD_LL_ClearStallEP
 .text.USBD_LL_IsStallEP
                0x0000000008009a4c       0x20 Src/usbd_conf.o
                0x0000000008009a4c                USBD_LL_IsStallEP
 .text.USBD_LL_SetUSBAddress
                0x0000000008009a6c       0x1c Src/usbd_conf.o
                0x0000000008009a6c                USBD_LL_SetUSBAddress
 .text.USBD_LL_Transmit
                0x0000000008009a88       0x1c Src/usbd_conf.o
                0x0000000008009a88                USBD_LL_Transmit
 .text.USBD_LL_PrepareReceive
                0x0000000008009aa4       0x1c Src/usbd_conf.o
                0x0000000008009aa4                USBD_LL_PrepareReceive
 .text.USBD_LL_GetRxDataSize
                0x0000000008009ac0        0xc Src/usbd_conf.o
                0x0000000008009ac0                USBD_LL_GetRxDataSize
 .text.USBD_static_malloc
                0x0000000008009acc        0x8 Src/usbd_conf.o
                0x0000000008009acc                USBD_static_malloc
 .text.USBD_static_free
                0x0000000008009ad4        0x4 Src/usbd_conf.o
                0x0000000008009ad4                USBD_static_free
 .text.HAL_PCDEx_SetConnectionState
                0x0000000008009ad8        0x4 Src/usbd_conf.o
                0x0000000008009ad8                HAL_PCDEx_SetConnectionState
 .text.USBD_FS_DeviceDescriptor
                0x0000000008009adc        0xc Src/usbd_desc.o
                0x0000000008009adc                USBD_FS_DeviceDescriptor
 .text.USBD_FS_LangIDStrDescriptor
                0x0000000008009ae8        0xc Src/usbd_desc.o
                0x0000000008009ae8                USBD_FS_LangIDStrDescriptor
 .text.USBD_FS_ManufacturerStrDescriptor
                0x0000000008009af4       0x1c Src/usbd_desc.o
                0x0000000008009af4                USBD_FS_ManufacturerStrDescriptor
 .text.USBD_FS_ProductStrDescriptor
                0x0000000008009b10       0x1c Src/usbd_desc.o
                0x0000000008009b10                USBD_FS_ProductStrDescriptor
 .text.USBD_FS_SerialStrDescriptor
                0x0000000008009b2c       0x1c Src/usbd_desc.o
                0x0000000008009b2c                USBD_FS_SerialStrDescriptor
 .text.USBD_FS_ConfigStrDescriptor
                0x0000000008009b48       0x1c Src/usbd_desc.o
                0x0000000008009b48                USBD_FS_ConfigStrDescriptor
 .text.USBD_FS_InterfaceStrDescriptor
                0x0000000008009b64       0x1c Src/usbd_desc.o
                0x0000000008009b64                USBD_FS_InterfaceStrDescriptor
 .text.Reset_Handler
                0x0000000008009b80       0x48 startup/startup_stm32f103xe.o
                0x0000000008009b80                Reset_Handler
 .text.Default_Handler
                0x0000000008009bc8        0x2 startup/startup_stm32f103xe.o
                0x0000000008009bc8                RTC_Alarm_IRQHandler
                0x0000000008009bc8                EXTI2_IRQHandler
                0x0000000008009bc8                TIM8_TRG_COM_IRQHandler
                0x0000000008009bc8                TIM8_CC_IRQHandler
                0x0000000008009bc8                TIM1_CC_IRQHandler
                0x0000000008009bc8                TIM6_IRQHandler
                0x0000000008009bc8                PVD_IRQHandler
                0x0000000008009bc8                SDIO_IRQHandler
                0x0000000008009bc8                EXTI3_IRQHandler
                0x0000000008009bc8                EXTI0_IRQHandler
                0x0000000008009bc8                I2C2_EV_IRQHandler
                0x0000000008009bc8                ADC1_2_IRQHandler
                0x0000000008009bc8                SPI1_IRQHandler
                0x0000000008009bc8                TAMPER_IRQHandler
                0x0000000008009bc8                TIM8_UP_IRQHandler
                0x0000000008009bc8                USART3_IRQHandler
                0x0000000008009bc8                RTC_IRQHandler
                0x0000000008009bc8                DMA1_Channel7_IRQHandler
                0x0000000008009bc8                CAN1_RX1_IRQHandler
                0x0000000008009bc8                UART5_IRQHandler
                0x0000000008009bc8                ADC3_IRQHandler
                0x0000000008009bc8                TIM4_IRQHandler
                0x0000000008009bc8                I2C1_EV_IRQHandler
                0x0000000008009bc8                DMA1_Channel6_IRQHandler
                0x0000000008009bc8                UART4_IRQHandler
                0x0000000008009bc8                RCC_IRQHandler
                0x0000000008009bc8                TIM1_TRG_COM_IRQHandler
                0x0000000008009bc8                DMA1_Channel1_IRQHandler
                0x0000000008009bc8                Default_Handler
                0x0000000008009bc8                EXTI15_10_IRQHandler
                0x0000000008009bc8                TIM7_IRQHandler
                0x0000000008009bc8                TIM5_IRQHandler
                0x0000000008009bc8                EXTI9_5_IRQHandler
                0x0000000008009bc8                SPI2_IRQHandler
                0x0000000008009bc8                EXTI4_IRQHandler
                0x0000000008009bc8                USB_HP_CAN1_TX_IRQHandler
                0x0000000008009bc8                DMA1_Channel3_IRQHandler
                0x0000000008009bc8                FSMC_IRQHandler
                0x0000000008009bc8                TIM1_UP_IRQHandler
                0x0000000008009bc8                WWDG_IRQHandler
                0x0000000008009bc8                TIM2_IRQHandler
                0x0000000008009bc8                TIM1_BRK_IRQHandler
                0x0000000008009bc8                EXTI1_IRQHandler
                0x0000000008009bc8                USART2_IRQHandler
                0x0000000008009bc8                I2C2_ER_IRQHandler
                0x0000000008009bc8                DMA1_Channel2_IRQHandler
                0x0000000008009bc8                TIM8_BRK_IRQHandler
                0x0000000008009bc8                CAN1_SCE_IRQHandler
                0x0000000008009bc8                FLASH_IRQHandler
                0x0000000008009bc8                USART1_IRQHandler
                0x0000000008009bc8                SPI3_IRQHandler
                0x0000000008009bc8                I2C1_ER_IRQHandler
                0x0000000008009bc8                USBWakeUp_IRQHandler
                0x0000000008009bc8                DMA2_Channel3_IRQHandler
 *fill*         0x0000000008009bca        0x2 
 .text.__libc_init_array
                0x0000000008009bcc       0x48 /home/opt/Ac6/SystemWorkbench/plugins/fr.ac6.mcu.externaltools.arm-none.linux64_1.15.0.201708311556/tools/compiler/bin/../lib/gcc/arm-none-eabi/6.3.1/../../../../arm-none-eabi/lib/thumb/v7-m/libc_nano.a(lib_a-init.o)
                0x0000000008009bcc                __libc_init_array
 .text.malloc   0x0000000008009c14       0x10 /home/opt/Ac6/SystemWorkbench/plugins/fr.ac6.mcu.externaltools.arm-none.linux64_1.15.0.201708311556/tools/compiler/bin/../lib/gcc/arm-none-eabi/6.3.1/../../../../arm-none-eabi/lib/thumb/v7-m/libc_nano.a(lib_a-malloc.o)
                0x0000000008009c14                malloc
 .text.memcpy   0x0000000008009c24       0x16 /home/opt/Ac6/SystemWorkbench/plugins/fr.ac6.mcu.externaltools.arm-none.linux64_1.15.0.201708311556/tools/compiler/bin/../lib/gcc/arm-none-eabi/6.3.1/../../../../arm-none-eabi/lib/thumb/v7-m/libc_nano.a(lib_a-memcpy-stub.o)
                0x0000000008009c24                memcpy
 .text.memset   0x0000000008009c3a       0x10 /home/opt/Ac6/SystemWorkbench/plugins/fr.ac6.mcu.externaltools.arm-none.linux64_1.15.0.201708311556/tools/compiler/bin/../lib/gcc/arm-none-eabi/6.3.1/../../../../arm-none-eabi/lib/thumb/v7-m/libc_nano.a(lib_a-memset.o)
                0x0000000008009c3a                memset
 *fill*         0x0000000008009c4a        0x2 
 .text._free_r  0x0000000008009c4c       0x98 /home/opt/Ac6/SystemWorkbench/plugins/fr.ac6.mcu.externaltools.arm-none.linux64_1.15.0.201708311556/tools/compiler/bin/../lib/gcc/arm-none-eabi/6.3.1/../../../../arm-none-eabi/lib/thumb/v7-m/libc_nano.a(lib_a-nano-freer.o)
                0x0000000008009c4c                _free_r
 .text._malloc_r
                0x0000000008009ce4       0xbc /home/opt/Ac6/SystemWorkbench/plugins/fr.ac6.mcu.externaltools.arm-none.linux64_1.15.0.201708311556/tools/compiler/bin/../lib/gcc/arm-none-eabi/6.3.1/../../../../arm-none-eabi/lib/thumb/v7-m/libc_nano.a(lib_a-nano-mallocr.o)
                0x0000000008009ce4                _malloc_r
 .text.realloc  0x0000000008009da0       0x10 /home/opt/Ac6/SystemWorkbench/plugins/fr.ac6.mcu.externaltools.arm-none.linux64_1.15.0.201708311556/tools/compiler/bin/../lib/gcc/arm-none-eabi/6.3.1/../../../../arm-none-eabi/lib/thumb/v7-m/libc_nano.a(lib_a-realloc.o)
                0x0000000008009da0                realloc
 .text._sbrk_r  0x0000000008009db0       0x20 /home/opt/Ac6/SystemWorkbench/plugins/fr.ac6.mcu.externaltools.arm-none.linux64_1.15.0.201708311556/tools/compiler/bin/../lib/gcc/arm-none-eabi/6.3.1/../../../../arm-none-eabi/lib/thumb/v7-m/libc_nano.a(lib_a-sbrkr.o)
                0x0000000008009db0                _sbrk_r
 .text.sprintf  0x0000000008009dd0       0x48 /home/opt/Ac6/SystemWorkbench/plugins/fr.ac6.mcu.externaltools.arm-none.linux64_1.15.0.201708311556/tools/compiler/bin/../lib/gcc/arm-none-eabi/6.3.1/../../../../arm-none-eabi/lib/thumb/v7-m/libc_nano.a(lib_a-sprintf.o)
                0x0000000008009dd0                sprintf
                0x0000000008009dd0                siprintf
 .text.strcpy   0x0000000008009e18       0x10 /home/opt/Ac6/SystemWorkbench/plugins/fr.ac6.mcu.externaltools.arm-none.linux64_1.15.0.201708311556/tools/compiler/bin/../lib/gcc/arm-none-eabi/6.3.1/../../../../arm-none-eabi/lib/thumb/v7-m/libc_nano.a(lib_a-strcpy.o)
                0x0000000008009e18                strcpy
 .text.__malloc_lock
                0x0000000008009e28        0x2 /home/opt/Ac6/SystemWorkbench/plugins/fr.ac6.mcu.externaltools.arm-none.linux64_1.15.0.201708311556/tools/compiler/bin/../lib/gcc/arm-none-eabi/6.3.1/../../../../arm-none-eabi/lib/thumb/v7-m/libc_nano.a(lib_a-mlock.o)
                0x0000000008009e28                __malloc_lock
 .text.__malloc_unlock
                0x0000000008009e2a        0x2 /home/opt/Ac6/SystemWorkbench/plugins/fr.ac6.mcu.externaltools.arm-none.linux64_1.15.0.201708311556/tools/compiler/bin/../lib/gcc/arm-none-eabi/6.3.1/../../../../arm-none-eabi/lib/thumb/v7-m/libc_nano.a(lib_a-mlock.o)
                0x0000000008009e2a                __malloc_unlock
 .text._realloc_r
                0x0000000008009e2c       0x4c /home/opt/Ac6/SystemWorkbench/plugins/fr.ac6.mcu.externaltools.arm-none.linux64_1.15.0.201708311556/tools/compiler/bin/../lib/gcc/arm-none-eabi/6.3.1/../../../../arm-none-eabi/lib/thumb/v7-m/libc_nano.a(lib_a-nano-reallocr.o)
                0x0000000008009e2c                _realloc_r
 .text.__ssputs_r
                0x0000000008009e78       0xb6 /home/opt/Ac6/SystemWorkbench/plugins/fr.ac6.mcu.externaltools.arm-none.linux64_1.15.0.201708311556/tools/compiler/bin/../lib/gcc/arm-none-eabi/6.3.1/../../../../arm-none-eabi/lib/thumb/v7-m/libc_nano.a(lib_a-nano-svfprintf.o)
                0x0000000008009e78                __ssputs_r
 *fill*         0x0000000008009f2e        0x2 
 .text._svfprintf_r
                0x0000000008009f30      0x1e8 /home/opt/Ac6/SystemWorkbench/plugins/fr.ac6.mcu.externaltools.arm-none.linux64_1.15.0.201708311556/tools/compiler/bin/../lib/gcc/arm-none-eabi/6.3.1/../../../../arm-none-eabi/lib/thumb/v7-m/libc_nano.a(lib_a-nano-svfprintf.o)
                0x0000000008009f30                _svfprintf_r
                0x0000000008009f30                _svfiprintf_r
 .text._printf_common
                0x000000000800a118       0xee /home/opt/Ac6/SystemWorkbench/plugins/fr.ac6.mcu.externaltools.arm-none.linux64_1.15.0.201708311556/tools/compiler/bin/../lib/gcc/arm-none-eabi/6.3.1/../../../../arm-none-eabi/lib/thumb/v7-m/libc_nano.a(lib_a-nano-vfprintf_i.o)
                0x000000000800a118                _printf_common
 *fill*         0x000000000800a206        0x2 
 .text._printf_i
                0x000000000800a208      0x240 /home/opt/Ac6/SystemWorkbench/plugins/fr.ac6.mcu.externaltools.arm-none.linux64_1.15.0.201708311556/tools/compiler/bin/../lib/gcc/arm-none-eabi/6.3.1/../../../../arm-none-eabi/lib/thumb/v7-m/libc_nano.a(lib_a-nano-vfprintf_i.o)
                0x000000000800a208                _printf_i
 .text.memchr   0x000000000800a448       0x1c /home/opt/Ac6/SystemWorkbench/plugins/fr.ac6.mcu.externaltools.arm-none.linux64_1.15.0.201708311556/tools/compiler/bin/../lib/gcc/arm-none-eabi/6.3.1/../../../../arm-none-eabi/lib/thumb/v7-m/libc_nano.a(lib_a-memchr-stub.o)
                0x000000000800a448                memchr
 .text.memmove  0x000000000800a464       0x34 /home/opt/Ac6/SystemWorkbench/plugins/fr.ac6.mcu.externaltools.arm-none.linux64_1.15.0.201708311556/tools/compiler/bin/../lib/gcc/arm-none-eabi/6.3.1/../../../../arm-none-eabi/lib/thumb/v7-m/libc_nano.a(lib_a-memmove.o)
                0x000000000800a464                memmove
 .text._malloc_usable_size_r
                0x000000000800a498       0x12 /home/opt/Ac6/SystemWorkbench/plugins/fr.ac6.mcu.externaltools.arm-none.linux64_1.15.0.201708311556/tools/compiler/bin/../lib/gcc/arm-none-eabi/6.3.1/../../../../arm-none-eabi/lib/thumb/v7-m/libc_nano.a(lib_a-nano-msizer.o)
                0x000000000800a498                _malloc_usable_size_r
 *fill*         0x000000000800a4aa        0x2 
 .text._sbrk    0x000000000800a4ac       0x1c /home/opt/Ac6/SystemWorkbench/plugins/fr.ac6.mcu.externaltools.arm-none.linux64_1.15.0.201708311556/tools/compiler/bin/../lib/gcc/arm-none-eabi/6.3.1/../../../../arm-none-eabi/lib/thumb/v7-m/libnosys.a(sbrk.o)
                0x000000000800a4ac                _sbrk
 *(.glue_7)
 .glue_7        0x000000000800a4c8        0x0 linker stubs
 *(.glue_7t)
 .glue_7t       0x000000000800a4c8        0x0 linker stubs
 *(.eh_frame)
 .eh_frame      0x000000000800a4c8        0x0 /home/opt/Ac6/SystemWorkbench/plugins/fr.ac6.mcu.externaltools.arm-none.linux64_1.15.0.201708311556/tools/compiler/bin/../lib/gcc/arm-none-eabi/6.3.1/thumb/v7-m/crtbegin.o
 *(.init)
 .init          0x000000000800a4c8        0x4 /home/opt/Ac6/SystemWorkbench/plugins/fr.ac6.mcu.externaltools.arm-none.linux64_1.15.0.201708311556/tools/compiler/bin/../lib/gcc/arm-none-eabi/6.3.1/thumb/v7-m/crti.o
                0x000000000800a4c8                _init
 .init          0x000000000800a4cc        0x8 /home/opt/Ac6/SystemWorkbench/plugins/fr.ac6.mcu.externaltools.arm-none.linux64_1.15.0.201708311556/tools/compiler/bin/../lib/gcc/arm-none-eabi/6.3.1/thumb/v7-m/crtn.o
 *(.fini)
 .fini          0x000000000800a4d4        0x4 /home/opt/Ac6/SystemWorkbench/plugins/fr.ac6.mcu.externaltools.arm-none.linux64_1.15.0.201708311556/tools/compiler/bin/../lib/gcc/arm-none-eabi/6.3.1/thumb/v7-m/crti.o
                0x000000000800a4d4                _fini
 .fini          0x000000000800a4d8        0x8 /home/opt/Ac6/SystemWorkbench/plugins/fr.ac6.mcu.externaltools.arm-none.linux64_1.15.0.201708311556/tools/compiler/bin/../lib/gcc/arm-none-eabi/6.3.1/thumb/v7-m/crtn.o
                0x000000000800a4e0                . = ALIGN (0x4)
                0x000000000800a4e0                _etext = .

.vfp11_veneer   0x000000000800a4e0        0x0
 .vfp11_veneer  0x000000000800a4e0        0x0 linker stubs

.v4_bx          0x000000000800a4e0        0x0
 .v4_bx         0x000000000800a4e0        0x0 linker stubs

.iplt           0x000000000800a4e0        0x0
 .iplt          0x000000000800a4e0        0x0 /home/opt/Ac6/SystemWorkbench/plugins/fr.ac6.mcu.externaltools.arm-none.linux64_1.15.0.201708311556/tools/compiler/bin/../lib/gcc/arm-none-eabi/6.3.1/thumb/v7-m/crtbegin.o

.rodata         0x000000000800a4e0      0x8fc
                0x000000000800a4e0                . = ALIGN (0x4)
 *(.rodata)
 .rodata        0x000000000800a4e0       0x10 Drivers/STM32F1xx_HAL_Driver/Src/stm32f1xx_hal_rcc.o
 .rodata        0x000000000800a4f0       0x96 Middlewares/Third_Party/FatFs/src/ff.o
 *fill*         0x000000000800a586        0x2 
 .rodata        0x000000000800a588       0x14 Middlewares/Third_Party/FatFs/src/drivers/sd_diskio.o
                0x000000000800a588                SD_Driver
 .rodata        0x000000000800a59c      0x516 Src/main.o
                0x000000000800a59c                sym
                0x000000000800aa9c                cmd_read_current
                0x000000000800aaa0                cmd_read_voltage
                0x000000000800aaac                cmd_read
 *fill*         0x000000000800aab2        0x2 
 .rodata        0x000000000800aab4       0x18 Src/system_stm32f1xx.o
                0x000000000800aab4                AHBPrescTable
                0x000000000800aac4                APBPrescTable
 .rodata        0x000000000800aacc        0x4 Src/usbd_conf.o
 *(.rodata*)
 .rodata.str1.4
                0x000000000800aad0       0x44 Middlewares/Third_Party/FatFs/src/ff.o
 .rodata.str1.4
                0x000000000800ab14      0x21d Src/main.o
 *fill*         0x000000000800ad31        0x3 
 .rodata.str1.4
                0x000000000800ad34       0x1b Src/stm32f1xx_hal_msp.o
 *fill*         0x000000000800ad4f        0x1 
 .rodata.str1.4
                0x000000000800ad50       0x13 Src/usbd_conf.o
 *fill*         0x000000000800ad63        0x1 
 .rodata.str1.4
                0x000000000800ad64       0x44 Src/usbd_desc.o
                                         0x42 (size before relaxing)
 .rodata._svfprintf_r.str1.1
                0x000000000800ada8       0x11 /home/opt/Ac6/SystemWorkbench/plugins/fr.ac6.mcu.externaltools.arm-none.linux64_1.15.0.201708311556/tools/compiler/bin/../lib/gcc/arm-none-eabi/6.3.1/../../../../arm-none-eabi/lib/thumb/v7-m/libc_nano.a(lib_a-nano-svfprintf.o)
 .rodata._printf_i.str1.1
                0x000000000800adb9       0x22 /home/opt/Ac6/SystemWorkbench/plugins/fr.ac6.mcu.externaltools.arm-none.linux64_1.15.0.201708311556/tools/compiler/bin/../lib/gcc/arm-none-eabi/6.3.1/../../../../arm-none-eabi/lib/thumb/v7-m/libc_nano.a(lib_a-nano-vfprintf_i.o)
                0x000000000800addc                . = ALIGN (0x4)
 *fill*         0x000000000800addb        0x1 

.rel.dyn        0x000000000800addc        0x0
 .rel.iplt      0x000000000800addc        0x0 /home/opt/Ac6/SystemWorkbench/plugins/fr.ac6.mcu.externaltools.arm-none.linux64_1.15.0.201708311556/tools/compiler/bin/../lib/gcc/arm-none-eabi/6.3.1/thumb/v7-m/crtbegin.o

.ARM.extab
 *(.ARM.extab* .gnu.linkonce.armextab.*)

.ARM            0x000000000800addc        0x0
                0x000000000800addc                __exidx_start = .
 *(.ARM.exidx*)
                0x000000000800addc                __exidx_end = .

.preinit_array  0x000000000800addc        0x0
                0x000000000800addc                PROVIDE (__preinit_array_start, .)
 *(.preinit_array*)
                0x000000000800addc                PROVIDE (__preinit_array_end, .)

.init_array     0x000000000800addc        0x4
                0x000000000800addc                PROVIDE (__init_array_start, .)
 *(SORT(.init_array.*))
 *(.init_array*)
 .init_array    0x000000000800addc        0x4 /home/opt/Ac6/SystemWorkbench/plugins/fr.ac6.mcu.externaltools.arm-none.linux64_1.15.0.201708311556/tools/compiler/bin/../lib/gcc/arm-none-eabi/6.3.1/thumb/v7-m/crtbegin.o
                0x000000000800ade0                PROVIDE (__init_array_end, .)

.fini_array     0x000000000800ade0        0x4
                [!provide]                        PROVIDE (__fini_array_start, .)
 *(SORT(.fini_array.*))
 *(.fini_array*)
 .fini_array    0x000000000800ade0        0x4 /home/opt/Ac6/SystemWorkbench/plugins/fr.ac6.mcu.externaltools.arm-none.linux64_1.15.0.201708311556/tools/compiler/bin/../lib/gcc/arm-none-eabi/6.3.1/thumb/v7-m/crtbegin.o
                [!provide]                        PROVIDE (__fini_array_end, .)
                0x000000000800ade4                _sidata = LOADADDR (.data)

.data           0x0000000020000000      0x218 load address 0x000000000800ade4
                0x0000000020000000                . = ALIGN (0x4)
                0x0000000020000000                _sdata = .
 *(.data)
 .data          0x0000000020000000        0x8 Drivers/STM32F1xx_HAL_Driver/Src/stm32f1xx_hal.o
                0x0000000020000000                uwTickFreq
                0x0000000020000004                uwTickPrio
 .data          0x0000000020000008      0x110 Middlewares/ST/STM32_USB_Device_Library/Class/CDC/Src/usbd_cdc.o
                0x0000000020000008                USBD_CDC_CfgFSDesc
                0x000000002000004c                USBD_CDC_CfgHSDesc
                0x0000000020000090                USBD_CDC_OtherSpeedCfgDesc
                0x00000000200000e0                USBD_CDC
 .data          0x0000000020000118        0x1 Middlewares/Third_Party/FatFs/src/drivers/sd_diskio.o
 *fill*         0x0000000020000119        0x3 
 .data          0x000000002000011c       0x50 Src/main.o
                0x000000002000011c                errMsg
 .data          0x000000002000016c        0x4 Src/system_stm32f1xx.o
                0x000000002000016c                SystemCoreClock
 .data          0x0000000020000170       0x10 Src/usbd_cdc_if.o
                0x0000000020000170                USBD_Interface_fops_FS
 .data          0x0000000020000180       0x34 Src/usbd_desc.o
                0x0000000020000180                USBD_FS_DeviceDesc
                0x0000000020000194                USBD_LangIDDesc
                0x0000000020000198                FS_Desc
 *(.data*)
 .data._impure_ptr
                0x00000000200001b4        0x4 /home/opt/Ac6/SystemWorkbench/plugins/fr.ac6.mcu.externaltools.arm-none.linux64_1.15.0.201708311556/tools/compiler/bin/../lib/gcc/arm-none-eabi/6.3.1/../../../../arm-none-eabi/lib/thumb/v7-m/libc_nano.a(lib_a-impure.o)
                0x00000000200001b4                _impure_ptr
 .data.impure_data
                0x00000000200001b8       0x60 /home/opt/Ac6/SystemWorkbench/plugins/fr.ac6.mcu.externaltools.arm-none.linux64_1.15.0.201708311556/tools/compiler/bin/../lib/gcc/arm-none-eabi/6.3.1/../../../../arm-none-eabi/lib/thumb/v7-m/libc_nano.a(lib_a-impure.o)
                0x0000000020000218                . = ALIGN (0x4)
                0x0000000020000218                _edata = .

.jcr            0x0000000020000218        0x0 load address 0x000000000800affc
 .jcr           0x0000000020000218        0x0 /home/opt/Ac6/SystemWorkbench/plugins/fr.ac6.mcu.externaltools.arm-none.linux64_1.15.0.201708311556/tools/compiler/bin/../lib/gcc/arm-none-eabi/6.3.1/thumb/v7-m/crtbegin.o

.igot.plt       0x0000000020000218        0x0 load address 0x000000000800affc
 .igot.plt      0x0000000020000218        0x0 /home/opt/Ac6/SystemWorkbench/plugins/fr.ac6.mcu.externaltools.arm-none.linux64_1.15.0.201708311556/tools/compiler/bin/../lib/gcc/arm-none-eabi/6.3.1/thumb/v7-m/crtbegin.o
                0x0000000020000218                . = ALIGN (0x4)

.bss            0x0000000020000218     0x1fec load address 0x000000000800affc
                0x0000000020000218                _sbss = .
                0x0000000020000218                __bss_start__ = _sbss
 *(.bss)
 .bss           0x0000000020000218       0x1c /home/opt/Ac6/SystemWorkbench/plugins/fr.ac6.mcu.externaltools.arm-none.linux64_1.15.0.201708311556/tools/compiler/bin/../lib/gcc/arm-none-eabi/6.3.1/thumb/v7-m/crtbegin.o
 .bss           0x0000000020000234        0x1 Middlewares/ST/STM32_USB_Device_Library/Class/CDC/Src/usbd_cdc.o
 .bss           0x0000000020000235        0x1 Middlewares/ST/STM32_USB_Device_Library/Core/Src/usbd_ctlreq.o
 *fill*         0x0000000020000236        0x2 
 .bss           0x0000000020000238       0x20 Middlewares/Third_Party/FatFs/src/ff.o
 .bss           0x0000000020000258        0xc Middlewares/Third_Party/FatFs/src/ff_gen_drv.o
                0x0000000020000258                disk
 .bss           0x0000000020000264        0xf Src/main.o
                0x0000000020000264                logLCount
                0x0000000020000265                logOldL
                0x0000000020000266                overSampleISum
                0x0000000020000268                overSampleUSum
                0x000000002000026c                isCardHere
                0x0000000020000270                logStartL
                0x0000000020000271                curY
                0x0000000020000272                curX
 *fill*         0x0000000020000273        0x1 
 .bss           0x0000000020000274      0x220 Src/usbd_conf.o
 *(.bss*)
 .bss.__malloc_free_list
                0x0000000020000494        0x4 /home/opt/Ac6/SystemWorkbench/plugins/fr.ac6.mcu.externaltools.arm-none.linux64_1.15.0.201708311556/tools/compiler/bin/../lib/gcc/arm-none-eabi/6.3.1/../../../../arm-none-eabi/lib/thumb/v7-m/libc_nano.a(lib_a-nano-mallocr.o)
                0x0000000020000494                __malloc_free_list
 .bss.__malloc_sbrk_start
                0x0000000020000498        0x4 /home/opt/Ac6/SystemWorkbench/plugins/fr.ac6.mcu.externaltools.arm-none.linux64_1.15.0.201708311556/tools/compiler/bin/../lib/gcc/arm-none-eabi/6.3.1/../../../../arm-none-eabi/lib/thumb/v7-m/libc_nano.a(lib_a-nano-mallocr.o)
                0x0000000020000498                __malloc_sbrk_start
 .bss.heap_end.4116
                0x000000002000049c        0x4 /home/opt/Ac6/SystemWorkbench/plugins/fr.ac6.mcu.externaltools.arm-none.linux64_1.15.0.201708311556/tools/compiler/bin/../lib/gcc/arm-none-eabi/6.3.1/../../../../arm-none-eabi/lib/thumb/v7-m/libnosys.a(sbrk.o)
 *(COMMON)
 COMMON         0x00000000200004a0        0x4 Drivers/STM32F1xx_HAL_Driver/Src/stm32f1xx_hal.o
                0x00000000200004a0                uwTick
 COMMON         0x00000000200004a4      0x464 Src/fatfs.o
                0x00000000200004a4                retSD
                0x00000000200004a8                SDPath
                0x00000000200004ac                SDFile
                0x00000000200006d8                SDFatFS
 COMMON         0x0000000020000908      0x8a4 Src/main.o
                0x0000000020000908                hdma_sdio
                0x000000002000094c                hspi2
                0x00000000200009a4                logL
                0x00000000200009a8                hi2c2
                0x00000000200009fc                hdma_spi2_rx
                0x0000000020000a40                scr
                0x0000000020000e40                rb
                0x0000000020000e54                htim3
                0x0000000020000e94                hspi3
                0x0000000020000eec                logC
                0x0000000020000ef0                hdma_spi3_tx
                0x0000000020000f34                hsd
                0x0000000020000fb8                hdma_memtomem_dma1_channel1
                0x0000000020000ffc                logData
                0x00000000200010cc                hspi1
                0x0000000020001124                hdma_spi2_tx
                0x0000000020001168                hdma_spi3_rx
 COMMON         0x00000000200011ac      0x224 Src/usb_device.o
                0x00000000200011ac                hUsbDeviceFS
 COMMON         0x00000000200013d0      0x7d0 Src/usbd_cdc_if.o
                0x00000000200013d0                UserRxBufferFS
                0x00000000200017b8                UserTxBufferFS
 COMMON         0x0000000020001ba0      0x460 Src/usbd_conf.o
                0x0000000020001ba0                hpcd_USB_FS
 COMMON         0x0000000020002000      0x200 Src/usbd_desc.o
                0x0000000020002000                USBD_StrDesc
 COMMON         0x0000000020002200        0x4 /home/opt/Ac6/SystemWorkbench/plugins/fr.ac6.mcu.externaltools.arm-none.linux64_1.15.0.201708311556/tools/compiler/bin/../lib/gcc/arm-none-eabi/6.3.1/../../../../arm-none-eabi/lib/thumb/v7-m/libc_nano.a(lib_a-reent.o)
                0x0000000020002200                errno
                0x0000000020002204                . = ALIGN (0x4)
                0x0000000020002204                _ebss = .
                0x0000000020002204                __bss_end__ = _ebss

._user_heap_stack
                0x0000000020002204      0x604 load address 0x000000000800affc
                0x0000000020002208                . = ALIGN (0x8)
 *fill*         0x0000000020002204        0x4 
                0x0000000020002208                PROVIDE (end, .)
                [!provide]                        PROVIDE (_end, .)
                0x0000000020002408                . = (. + _Min_Heap_Size)
 *fill*         0x0000000020002208      0x200 
                0x0000000020002808                . = (. + _Min_Stack_Size)
 *fill*         0x0000000020002408      0x400 
                0x0000000020002808                . = ALIGN (0x8)

/DISCARD/
 libc.a(*)
 libm.a(*)
 libgcc.a(*)

.ARM.attributes
                0x0000000000000000       0x29
 *(.ARM.attributes)
 .ARM.attributes
                0x0000000000000000       0x1d /home/opt/Ac6/SystemWorkbench/plugins/fr.ac6.mcu.externaltools.arm-none.linux64_1.15.0.201708311556/tools/compiler/bin/../lib/gcc/arm-none-eabi/6.3.1/thumb/v7-m/crti.o
 .ARM.attributes
                0x000000000000001d       0x2d /home/opt/Ac6/SystemWorkbench/plugins/fr.ac6.mcu.externaltools.arm-none.linux64_1.15.0.201708311556/tools/compiler/bin/../lib/gcc/arm-none-eabi/6.3.1/thumb/v7-m/crtbegin.o
 .ARM.attributes
                0x000000000000004a       0x33 Drivers/STM32F1xx_HAL_Driver/Src/stm32f1xx_hal.o
 .ARM.attributes
                0x000000000000007d       0x33 Drivers/STM32F1xx_HAL_Driver/Src/stm32f1xx_hal_cortex.o
 .ARM.attributes
                0x00000000000000b0       0x33 Drivers/STM32F1xx_HAL_Driver/Src/stm32f1xx_hal_dma.o
 .ARM.attributes
                0x00000000000000e3       0x33 Drivers/STM32F1xx_HAL_Driver/Src/stm32f1xx_hal_gpio.o
 .ARM.attributes
                0x0000000000000116       0x33 Drivers/STM32F1xx_HAL_Driver/Src/stm32f1xx_hal_i2c.o
 .ARM.attributes
                0x0000000000000149       0x33 Drivers/STM32F1xx_HAL_Driver/Src/stm32f1xx_hal_pcd.o
 .ARM.attributes
                0x000000000000017c       0x33 Drivers/STM32F1xx_HAL_Driver/Src/stm32f1xx_hal_pcd_ex.o
 .ARM.attributes
                0x00000000000001af       0x33 Drivers/STM32F1xx_HAL_Driver/Src/stm32f1xx_hal_rcc.o
 .ARM.attributes
                0x00000000000001e2       0x33 Drivers/STM32F1xx_HAL_Driver/Src/stm32f1xx_hal_rcc_ex.o
 .ARM.attributes
                0x0000000000000215       0x33 Drivers/STM32F1xx_HAL_Driver/Src/stm32f1xx_hal_sd.o
 .ARM.attributes
                0x0000000000000248       0x33 Drivers/STM32F1xx_HAL_Driver/Src/stm32f1xx_hal_spi.o
 .ARM.attributes
                0x000000000000027b       0x33 Drivers/STM32F1xx_HAL_Driver/Src/stm32f1xx_hal_spi_ex.o
 .ARM.attributes
                0x00000000000002ae       0x33 Drivers/STM32F1xx_HAL_Driver/Src/stm32f1xx_hal_tim.o
 .ARM.attributes
                0x00000000000002e1       0x33 Drivers/STM32F1xx_HAL_Driver/Src/stm32f1xx_hal_tim_ex.o
 .ARM.attributes
                0x0000000000000314       0x33 Drivers/STM32F1xx_HAL_Driver/Src/stm32f1xx_ll_sdmmc.o
 .ARM.attributes
                0x0000000000000347       0x33 Drivers/STM32F1xx_HAL_Driver/Src/stm32f1xx_ll_usb.o
 .ARM.attributes
                0x000000000000037a       0x33 Middlewares/ST/STM32_USB_Device_Library/Class/CDC/Src/usbd_cdc.o
 .ARM.attributes
                0x00000000000003ad       0x33 Middlewares/ST/STM32_USB_Device_Library/Core/Src/usbd_core.o
 .ARM.attributes
                0x00000000000003e0       0x33 Middlewares/ST/STM32_USB_Device_Library/Core/Src/usbd_ctlreq.o
 .ARM.attributes
                0x0000000000000413       0x33 Middlewares/ST/STM32_USB_Device_Library/Core/Src/usbd_ioreq.o
 .ARM.attributes
                0x0000000000000446       0x33 Middlewares/Third_Party/FatFs/src/diskio.o
 .ARM.attributes
                0x0000000000000479       0x33 Middlewares/Third_Party/FatFs/src/ff.o
 .ARM.attributes
                0x00000000000004ac       0x33 Middlewares/Third_Party/FatFs/src/ff_gen_drv.o
 .ARM.attributes
                0x00000000000004df       0x33 Middlewares/Third_Party/FatFs/src/drivers/sd_diskio.o
 .ARM.attributes
                0x0000000000000512       0x33 Src/bsp_driver_sd.o
 .ARM.attributes
                0x0000000000000545       0x33 Src/buffer.o
 .ARM.attributes
                0x0000000000000578       0x33 Src/fatfs.o
 .ARM.attributes
                0x00000000000005ab       0x33 Src/main.o
 .ARM.attributes
                0x00000000000005de       0x33 Src/stm32f1xx_hal_msp.o
 .ARM.attributes
                0x0000000000000611       0x33 Src/stm32f1xx_it.o
 .ARM.attributes
                0x0000000000000644       0x33 Src/system_stm32f1xx.o
 .ARM.attributes
                0x0000000000000677       0x33 Src/usb_device.o
 .ARM.attributes
                0x00000000000006aa       0x33 Src/usbd_cdc_if.o
 .ARM.attributes
                0x00000000000006dd       0x33 Src/usbd_conf.o
 .ARM.attributes
                0x0000000000000710       0x33 Src/usbd_desc.o
 .ARM.attributes
                0x0000000000000743       0x21 startup/startup_stm32f103xe.o
 .ARM.attributes
                0x0000000000000764       0x2d /home/opt/Ac6/SystemWorkbench/plugins/fr.ac6.mcu.externaltools.arm-none.linux64_1.15.0.201708311556/tools/compiler/bin/../lib/gcc/arm-none-eabi/6.3.1/../../../../arm-none-eabi/lib/thumb/v7-m/libc_nano.a(lib_a-impure.o)
 .ARM.attributes
                0x0000000000000791       0x2d /home/opt/Ac6/SystemWorkbench/plugins/fr.ac6.mcu.externaltools.arm-none.linux64_1.15.0.201708311556/tools/compiler/bin/../lib/gcc/arm-none-eabi/6.3.1/../../../../arm-none-eabi/lib/thumb/v7-m/libc_nano.a(lib_a-init.o)
 .ARM.attributes
                0x00000000000007be       0x2d /home/opt/Ac6/SystemWorkbench/plugins/fr.ac6.mcu.externaltools.arm-none.linux64_1.15.0.201708311556/tools/compiler/bin/../lib/gcc/arm-none-eabi/6.3.1/../../../../arm-none-eabi/lib/thumb/v7-m/libc_nano.a(lib_a-malloc.o)
 .ARM.attributes
                0x00000000000007eb       0x2d /home/opt/Ac6/SystemWorkbench/plugins/fr.ac6.mcu.externaltools.arm-none.linux64_1.15.0.201708311556/tools/compiler/bin/../lib/gcc/arm-none-eabi/6.3.1/../../../../arm-none-eabi/lib/thumb/v7-m/libc_nano.a(lib_a-memcpy-stub.o)
 .ARM.attributes
                0x0000000000000818       0x2d /home/opt/Ac6/SystemWorkbench/plugins/fr.ac6.mcu.externaltools.arm-none.linux64_1.15.0.201708311556/tools/compiler/bin/../lib/gcc/arm-none-eabi/6.3.1/../../../../arm-none-eabi/lib/thumb/v7-m/libc_nano.a(lib_a-memset.o)
 .ARM.attributes
                0x0000000000000845       0x2d /home/opt/Ac6/SystemWorkbench/plugins/fr.ac6.mcu.externaltools.arm-none.linux64_1.15.0.201708311556/tools/compiler/bin/../lib/gcc/arm-none-eabi/6.3.1/../../../../arm-none-eabi/lib/thumb/v7-m/libc_nano.a(lib_a-nano-freer.o)
 .ARM.attributes
                0x0000000000000872       0x2d /home/opt/Ac6/SystemWorkbench/plugins/fr.ac6.mcu.externaltools.arm-none.linux64_1.15.0.201708311556/tools/compiler/bin/../lib/gcc/arm-none-eabi/6.3.1/../../../../arm-none-eabi/lib/thumb/v7-m/libc_nano.a(lib_a-nano-mallocr.o)
 .ARM.attributes
                0x000000000000089f       0x2d /home/opt/Ac6/SystemWorkbench/plugins/fr.ac6.mcu.externaltools.arm-none.linux64_1.15.0.201708311556/tools/compiler/bin/../lib/gcc/arm-none-eabi/6.3.1/../../../../arm-none-eabi/lib/thumb/v7-m/libc_nano.a(lib_a-realloc.o)
 .ARM.attributes
                0x00000000000008cc       0x2d /home/opt/Ac6/SystemWorkbench/plugins/fr.ac6.mcu.externaltools.arm-none.linux64_1.15.0.201708311556/tools/compiler/bin/../lib/gcc/arm-none-eabi/6.3.1/../../../../arm-none-eabi/lib/thumb/v7-m/libc_nano.a(lib_a-sbrkr.o)
 .ARM.attributes
                0x00000000000008f9       0x2d /home/opt/Ac6/SystemWorkbench/plugins/fr.ac6.mcu.externaltools.arm-none.linux64_1.15.0.201708311556/tools/compiler/bin/../lib/gcc/arm-none-eabi/6.3.1/../../../../arm-none-eabi/lib/thumb/v7-m/libc_nano.a(lib_a-sprintf.o)
 .ARM.attributes
                0x0000000000000926       0x2d /home/opt/Ac6/SystemWorkbench/plugins/fr.ac6.mcu.externaltools.arm-none.linux64_1.15.0.201708311556/tools/compiler/bin/../lib/gcc/arm-none-eabi/6.3.1/../../../../arm-none-eabi/lib/thumb/v7-m/libc_nano.a(lib_a-strcpy.o)
 .ARM.attributes
                0x0000000000000953       0x2d /home/opt/Ac6/SystemWorkbench/plugins/fr.ac6.mcu.externaltools.arm-none.linux64_1.15.0.201708311556/tools/compiler/bin/../lib/gcc/arm-none-eabi/6.3.1/../../../../arm-none-eabi/lib/thumb/v7-m/libc_nano.a(lib_a-mlock.o)
 .ARM.attributes
                0x0000000000000980       0x2d /home/opt/Ac6/SystemWorkbench/plugins/fr.ac6.mcu.externaltools.arm-none.linux64_1.15.0.201708311556/tools/compiler/bin/../lib/gcc/arm-none-eabi/6.3.1/../../../../arm-none-eabi/lib/thumb/v7-m/libc_nano.a(lib_a-nano-reallocr.o)
 .ARM.attributes
                0x00000000000009ad       0x2d /home/opt/Ac6/SystemWorkbench/plugins/fr.ac6.mcu.externaltools.arm-none.linux64_1.15.0.201708311556/tools/compiler/bin/../lib/gcc/arm-none-eabi/6.3.1/../../../../arm-none-eabi/lib/thumb/v7-m/libc_nano.a(lib_a-nano-svfprintf.o)
 .ARM.attributes
                0x00000000000009da       0x2d /home/opt/Ac6/SystemWorkbench/plugins/fr.ac6.mcu.externaltools.arm-none.linux64_1.15.0.201708311556/tools/compiler/bin/../lib/gcc/arm-none-eabi/6.3.1/../../../../arm-none-eabi/lib/thumb/v7-m/libc_nano.a(lib_a-nano-vfprintf_i.o)
 .ARM.attributes
                0x0000000000000a07       0x2d /home/opt/Ac6/SystemWorkbench/plugins/fr.ac6.mcu.externaltools.arm-none.linux64_1.15.0.201708311556/tools/compiler/bin/../lib/gcc/arm-none-eabi/6.3.1/../../../../arm-none-eabi/lib/thumb/v7-m/libc_nano.a(lib_a-reent.o)
 .ARM.attributes
                0x0000000000000a34       0x2d /home/opt/Ac6/SystemWorkbench/plugins/fr.ac6.mcu.externaltools.arm-none.linux64_1.15.0.201708311556/tools/compiler/bin/../lib/gcc/arm-none-eabi/6.3.1/../../../../arm-none-eabi/lib/thumb/v7-m/libc_nano.a(lib_a-memchr-stub.o)
 .ARM.attributes
                0x0000000000000a61       0x2d /home/opt/Ac6/SystemWorkbench/plugins/fr.ac6.mcu.externaltools.arm-none.linux64_1.15.0.201708311556/tools/compiler/bin/../lib/gcc/arm-none-eabi/6.3.1/../../../../arm-none-eabi/lib/thumb/v7-m/libc_nano.a(lib_a-memmove.o)
 .ARM.attributes
                0x0000000000000a8e       0x2d /home/opt/Ac6/SystemWorkbench/plugins/fr.ac6.mcu.externaltools.arm-none.linux64_1.15.0.201708311556/tools/compiler/bin/../lib/gcc/arm-none-eabi/6.3.1/../../../../arm-none-eabi/lib/thumb/v7-m/libc_nano.a(lib_a-nano-msizer.o)
 .ARM.attributes
                0x0000000000000abb       0x2d /home/opt/Ac6/SystemWorkbench/plugins/fr.ac6.mcu.externaltools.arm-none.linux64_1.15.0.201708311556/tools/compiler/bin/../lib/gcc/arm-none-eabi/6.3.1/../../../../arm-none-eabi/lib/thumb/v7-m/libnosys.a(sbrk.o)
 .ARM.attributes
                0x0000000000000ae8       0x1d /home/opt/Ac6/SystemWorkbench/plugins/fr.ac6.mcu.externaltools.arm-none.linux64_1.15.0.201708311556/tools/compiler/bin/../lib/gcc/arm-none-eabi/6.3.1/thumb/v7-m/crtn.o
OUTPUT(VoltaBox_V5.elf elf32-littlearm)

.debug_info     0x0000000000000000    0x3ca0c
 .debug_info    0x0000000000000000     0x1034 Drivers/STM32F1xx_HAL_Driver/Src/stm32f1xx_hal.o
 .debug_info    0x0000000000001034     0x14e3 Drivers/STM32F1xx_HAL_Driver/Src/stm32f1xx_hal_cortex.o
 .debug_info    0x0000000000002517     0x1018 Drivers/STM32F1xx_HAL_Driver/Src/stm32f1xx_hal_dma.o
 .debug_info    0x000000000000352f      0xe90 Drivers/STM32F1xx_HAL_Driver/Src/stm32f1xx_hal_gpio.o
 .debug_info    0x00000000000043bf     0x40d1 Drivers/STM32F1xx_HAL_Driver/Src/stm32f1xx_hal_i2c.o
 .debug_info    0x0000000000008490     0x1af6 Drivers/STM32F1xx_HAL_Driver/Src/stm32f1xx_hal_pcd.o
 .debug_info    0x0000000000009f86      0xe0f Drivers/STM32F1xx_HAL_Driver/Src/stm32f1xx_hal_pcd_ex.o
 .debug_info    0x000000000000ad95     0x1287 Drivers/STM32F1xx_HAL_Driver/Src/stm32f1xx_hal_rcc.o
 .debug_info    0x000000000000c01c      0xc96 Drivers/STM32F1xx_HAL_Driver/Src/stm32f1xx_hal_rcc_ex.o
 .debug_info    0x000000000000ccb2     0x2cd5 Drivers/STM32F1xx_HAL_Driver/Src/stm32f1xx_hal_sd.o
 .debug_info    0x000000000000f987     0x2912 Drivers/STM32F1xx_HAL_Driver/Src/stm32f1xx_hal_spi.o
 .debug_info    0x0000000000012299      0xe35 Drivers/STM32F1xx_HAL_Driver/Src/stm32f1xx_hal_spi_ex.o
 .debug_info    0x00000000000130ce     0x42b7 Drivers/STM32F1xx_HAL_Driver/Src/stm32f1xx_hal_tim.o
 .debug_info    0x0000000000017385     0x1b3d Drivers/STM32F1xx_HAL_Driver/Src/stm32f1xx_hal_tim_ex.o
 .debug_info    0x0000000000018ec2     0x28a1 Drivers/STM32F1xx_HAL_Driver/Src/stm32f1xx_ll_sdmmc.o
 .debug_info    0x000000000001b763     0x17d8 Drivers/STM32F1xx_HAL_Driver/Src/stm32f1xx_ll_usb.o
 .debug_info    0x000000000001cf3b     0x1595 Middlewares/ST/STM32_USB_Device_Library/Class/CDC/Src/usbd_cdc.o
 .debug_info    0x000000000001e4d0     0x148a Middlewares/ST/STM32_USB_Device_Library/Core/Src/usbd_core.o
 .debug_info    0x000000000001f95a     0x161d Middlewares/ST/STM32_USB_Device_Library/Core/Src/usbd_ctlreq.o
 .debug_info    0x0000000000020f77      0xfd9 Middlewares/ST/STM32_USB_Device_Library/Core/Src/usbd_ioreq.o
 .debug_info    0x0000000000021f50      0xccd Middlewares/Third_Party/FatFs/src/diskio.o
 .debug_info    0x0000000000022c1d     0x91bc Middlewares/Third_Party/FatFs/src/ff.o
 .debug_info    0x000000000002bdd9      0xd9f Middlewares/Third_Party/FatFs/src/ff_gen_drv.o
 .debug_info    0x000000000002cb78      0xec3 Middlewares/Third_Party/FatFs/src/drivers/sd_diskio.o
 .debug_info    0x000000000002da3b     0x1418 Src/bsp_driver_sd.o
 .debug_info    0x000000000002ee53      0x223 Src/buffer.o
 .debug_info    0x000000000002f076      0xd81 Src/fatfs.o
 .debug_info    0x000000000002fdf7     0x3e45 Src/main.o
 .debug_info    0x0000000000033c3c     0x2008 Src/stm32f1xx_hal_msp.o
 .debug_info    0x0000000000035c44     0x1396 Src/stm32f1xx_it.o
 .debug_info    0x0000000000036fda      0xc1b Src/system_stm32f1xx.o
 .debug_info    0x0000000000037bf5      0xe94 Src/usb_device.o
 .debug_info    0x0000000000038a89     0x10a4 Src/usbd_cdc_if.o
 .debug_info    0x0000000000039b2d     0x20da Src/usbd_conf.o
 .debug_info    0x000000000003bc07      0xd8e Src/usbd_desc.o
 .debug_info    0x000000000003c995       0x77 startup/startup_stm32f103xe.o

.debug_abbrev   0x0000000000000000     0x6d73
 .debug_abbrev  0x0000000000000000      0x343 Drivers/STM32F1xx_HAL_Driver/Src/stm32f1xx_hal.o
 .debug_abbrev  0x0000000000000343      0x3bc Drivers/STM32F1xx_HAL_Driver/Src/stm32f1xx_hal_cortex.o
 .debug_abbrev  0x00000000000006ff      0x2ec Drivers/STM32F1xx_HAL_Driver/Src/stm32f1xx_hal_dma.o
 .debug_abbrev  0x00000000000009eb      0x2a3 Drivers/STM32F1xx_HAL_Driver/Src/stm32f1xx_hal_gpio.o
 .debug_abbrev  0x0000000000000c8e      0x41b Drivers/STM32F1xx_HAL_Driver/Src/stm32f1xx_hal_i2c.o
 .debug_abbrev  0x00000000000010a9      0x3fc Drivers/STM32F1xx_HAL_Driver/Src/stm32f1xx_hal_pcd.o
 .debug_abbrev  0x00000000000014a5      0x230 Drivers/STM32F1xx_HAL_Driver/Src/stm32f1xx_hal_pcd_ex.o
 .debug_abbrev  0x00000000000016d5      0x3c3 Drivers/STM32F1xx_HAL_Driver/Src/stm32f1xx_hal_rcc.o
 .debug_abbrev  0x0000000000001a98      0x2be Drivers/STM32F1xx_HAL_Driver/Src/stm32f1xx_hal_rcc_ex.o
 .debug_abbrev  0x0000000000001d56      0x3d5 Drivers/STM32F1xx_HAL_Driver/Src/stm32f1xx_hal_sd.o
 .debug_abbrev  0x000000000000212b      0x3e5 Drivers/STM32F1xx_HAL_Driver/Src/stm32f1xx_hal_spi.o
 .debug_abbrev  0x0000000000002510      0x207 Drivers/STM32F1xx_HAL_Driver/Src/stm32f1xx_hal_spi_ex.o
 .debug_abbrev  0x0000000000002717      0x410 Drivers/STM32F1xx_HAL_Driver/Src/stm32f1xx_hal_tim.o
 .debug_abbrev  0x0000000000002b27      0x37e Drivers/STM32F1xx_HAL_Driver/Src/stm32f1xx_hal_tim_ex.o
 .debug_abbrev  0x0000000000002ea5      0x38c Drivers/STM32F1xx_HAL_Driver/Src/stm32f1xx_ll_sdmmc.o
 .debug_abbrev  0x0000000000003231      0x352 Drivers/STM32F1xx_HAL_Driver/Src/stm32f1xx_ll_usb.o
 .debug_abbrev  0x0000000000003583      0x312 Middlewares/ST/STM32_USB_Device_Library/Class/CDC/Src/usbd_cdc.o
 .debug_abbrev  0x0000000000003895      0x341 Middlewares/ST/STM32_USB_Device_Library/Core/Src/usbd_core.o
 .debug_abbrev  0x0000000000003bd6      0x3d3 Middlewares/ST/STM32_USB_Device_Library/Core/Src/usbd_ctlreq.o
 .debug_abbrev  0x0000000000003fa9      0x213 Middlewares/ST/STM32_USB_Device_Library/Core/Src/usbd_ioreq.o
 .debug_abbrev  0x00000000000041bc      0x276 Middlewares/Third_Party/FatFs/src/diskio.o
 .debug_abbrev  0x0000000000004432      0x452 Middlewares/Third_Party/FatFs/src/ff.o
 .debug_abbrev  0x0000000000004884      0x2e3 Middlewares/Third_Party/FatFs/src/ff_gen_drv.o
 .debug_abbrev  0x0000000000004b67      0x2e6 Middlewares/Third_Party/FatFs/src/drivers/sd_diskio.o
 .debug_abbrev  0x0000000000004e4d      0x38e Src/bsp_driver_sd.o
 .debug_abbrev  0x00000000000051db      0x1af Src/buffer.o
 .debug_abbrev  0x000000000000538a      0x266 Src/fatfs.o
 .debug_abbrev  0x00000000000055f0      0x51b Src/main.o
 .debug_abbrev  0x0000000000005b0b      0x2d8 Src/stm32f1xx_hal_msp.o
 .debug_abbrev  0x0000000000005de3      0x282 Src/stm32f1xx_it.o
 .debug_abbrev  0x0000000000006065      0x226 Src/system_stm32f1xx.o
 .debug_abbrev  0x000000000000628b      0x219 Src/usb_device.o
 .debug_abbrev  0x00000000000064a4      0x2e4 Src/usbd_cdc_if.o
 .debug_abbrev  0x0000000000006788      0x325 Src/usbd_conf.o
 .debug_abbrev  0x0000000000006aad      0x2b4 Src/usbd_desc.o
 .debug_abbrev  0x0000000000006d61       0x12 startup/startup_stm32f103xe.o

.debug_loc      0x0000000000000000    0x29757
 .debug_loc     0x0000000000000000      0x10d Drivers/STM32F1xx_HAL_Driver/Src/stm32f1xx_hal.o
 .debug_loc     0x000000000000010d      0x5dd Drivers/STM32F1xx_HAL_Driver/Src/stm32f1xx_hal_cortex.o
 .debug_loc     0x00000000000006ea      0xacb Drivers/STM32F1xx_HAL_Driver/Src/stm32f1xx_hal_dma.o
 .debug_loc     0x00000000000011b5      0x439 Drivers/STM32F1xx_HAL_Driver/Src/stm32f1xx_hal_gpio.o
 .debug_loc     0x00000000000015ee     0x432c Drivers/STM32F1xx_HAL_Driver/Src/stm32f1xx_hal_i2c.o
 .debug_loc     0x000000000000591a      0xd69 Drivers/STM32F1xx_HAL_Driver/Src/stm32f1xx_hal_pcd.o
 .debug_loc     0x0000000000006683       0xd6 Drivers/STM32F1xx_HAL_Driver/Src/stm32f1xx_hal_pcd_ex.o
 .debug_loc     0x0000000000006759      0x640 Drivers/STM32F1xx_HAL_Driver/Src/stm32f1xx_hal_rcc.o
 .debug_loc     0x0000000000006d99      0x2ba Drivers/STM32F1xx_HAL_Driver/Src/stm32f1xx_hal_rcc_ex.o
 .debug_loc     0x0000000000007053     0x2387 Drivers/STM32F1xx_HAL_Driver/Src/stm32f1xx_hal_sd.o
 .debug_loc     0x00000000000093da     0x2cd5 Drivers/STM32F1xx_HAL_Driver/Src/stm32f1xx_hal_spi.o
 .debug_loc     0x000000000000c0af       0x4d Drivers/STM32F1xx_HAL_Driver/Src/stm32f1xx_hal_spi_ex.o
 .debug_loc     0x000000000000c0fc     0x5000 Drivers/STM32F1xx_HAL_Driver/Src/stm32f1xx_hal_tim.o
 .debug_loc     0x00000000000110fc      0xea8 Drivers/STM32F1xx_HAL_Driver/Src/stm32f1xx_hal_tim_ex.o
 .debug_loc     0x0000000000011fa4     0x373e Drivers/STM32F1xx_HAL_Driver/Src/stm32f1xx_ll_sdmmc.o
 .debug_loc     0x00000000000156e2      0xde2 Drivers/STM32F1xx_HAL_Driver/Src/stm32f1xx_ll_usb.o
 .debug_loc     0x00000000000164c4      0x542 Middlewares/ST/STM32_USB_Device_Library/Class/CDC/Src/usbd_cdc.o
 .debug_loc     0x0000000000016a06      0x724 Middlewares/ST/STM32_USB_Device_Library/Core/Src/usbd_core.o
 .debug_loc     0x000000000001712a      0xb24 Middlewares/ST/STM32_USB_Device_Library/Core/Src/usbd_ctlreq.o
 .debug_loc     0x0000000000017c4e      0x23c Middlewares/ST/STM32_USB_Device_Library/Core/Src/usbd_ioreq.o
 .debug_loc     0x0000000000017e8a      0x1c6 Middlewares/Third_Party/FatFs/src/diskio.o
 .debug_loc     0x0000000000018050     0xee8e Middlewares/Third_Party/FatFs/src/ff.o
 .debug_loc     0x0000000000026ede      0x401 Middlewares/Third_Party/FatFs/src/ff_gen_drv.o
 .debug_loc     0x00000000000272df      0x3a4 Middlewares/Third_Party/FatFs/src/drivers/sd_diskio.o
 .debug_loc     0x0000000000027683      0x429 Src/bsp_driver_sd.o
 .debug_loc     0x0000000000027aac       0x96 Src/buffer.o
 .debug_loc     0x0000000000027b42      0xcac Src/main.o
 .debug_loc     0x00000000000287ee      0x19a Src/stm32f1xx_hal_msp.o
 .debug_loc     0x0000000000028988       0xcd Src/system_stm32f1xx.o
 .debug_loc     0x0000000000028a55       0xf4 Src/usbd_cdc_if.o
 .debug_loc     0x0000000000028b49      0x99b Src/usbd_conf.o